[0.012s] Invoking command in '/home/kdh/Desktop/21th_robit_intern_kimdohun/ROS2/Day2/hw1/build/custom_interfaces': CMAKE_PREFIX_PATH=${CMAKE_PREFIX_PATH}:/opt/ros/jazzy DEBUGINFOD_URLS=https://debuginfod.ubuntu.com /usr/bin/cmake --build /home/kdh/Desktop/21th_robit_intern_kimdohun/ROS2/Day2/hw1/build/custom_interfaces -- -j16 -l16
[0.093s] [  2%] Built target custom_interfaces__rosidl_generator_type_description
[0.094s] [  5%] Built target custom_interfaces__rs
[0.104s] [  5%] Built target ament_cmake_python_copy_custom_interfaces
[0.123s] [ 20%] Built target custom_interfaces__rosidl_generator_c
[0.123s] [ 22%] Built target custom_interfaces__cpp
[0.148s] [ 31%] Built target custom_interfaces__rosidl_typesupport_introspection_c
[0.148s] [ 40%] Built target custom_interfaces__rosidl_typesupport_fastrtps_c
[0.151s] [ 48%] Built target custom_interfaces__rosidl_typesupport_c
[0.167s] [ 74%] Built target custom_interfaces__rosidl_typesupport_cpp
[0.167s] [ 74%] Built target custom_interfaces__rosidl_typesupport_fastrtps_cpp
[0.168s] [ 74%] Built target custom_interfaces__rosidl_typesupport_introspection_cpp
[0.192s] [ 74%] Built target custom_interfaces
[0.223s] [ 77%] Built target custom_interfaces__py
[0.254s] [ 82%] Built target custom_interfaces__rosidl_generator_py
[0.260s] running egg_info
[0.268s] writing custom_interfaces.egg-info/PKG-INFO
[0.268s] writing dependency_links to custom_interfaces.egg-info/dependency_links.txt
[0.268s] writing top-level names to custom_interfaces.egg-info/top_level.txt
[0.289s] [ 88%] Built target custom_interfaces_s__rosidl_typesupport_fastrtps_c
[0.289s] [100%] Built target custom_interfaces_s__rosidl_typesupport_c
[0.290s] [ 97%] Built target custom_interfaces_s__rosidl_typesupport_introspection_c
[0.290s] reading manifest file 'custom_interfaces.egg-info/SOURCES.txt'
[0.290s] writing manifest file 'custom_interfaces.egg-info/SOURCES.txt'
[0.318s] [100%] Built target ament_cmake_python_build_custom_interfaces_egg
[0.335s] Invoked command in '/home/kdh/Desktop/21th_robit_intern_kimdohun/ROS2/Day2/hw1/build/custom_interfaces' returned '0': CMAKE_PREFIX_PATH=${CMAKE_PREFIX_PATH}:/opt/ros/jazzy DEBUGINFOD_URLS=https://debuginfod.ubuntu.com /usr/bin/cmake --build /home/kdh/Desktop/21th_robit_intern_kimdohun/ROS2/Day2/hw1/build/custom_interfaces -- -j16 -l16
[0.351s] Invoking command in '/home/kdh/Desktop/21th_robit_intern_kimdohun/ROS2/Day2/hw1/build/custom_interfaces': CMAKE_PREFIX_PATH=${CMAKE_PREFIX_PATH}:/opt/ros/jazzy DEBUGINFOD_URLS=https://debuginfod.ubuntu.com /usr/bin/cmake --install /home/kdh/Desktop/21th_robit_intern_kimdohun/ROS2/Day2/hw1/build/custom_interfaces
[0.365s] -- Install configuration: ""
[0.366s] -- Up-to-date: /home/kdh/Desktop/21th_robit_intern_kimdohun/ROS2/Day2/hw1/install/custom_interfaces/share/ament_index/resource_index/rosidl_interfaces/custom_interfaces
[0.366s] -- Up-to-date: /home/kdh/Desktop/21th_robit_intern_kimdohun/ROS2/Day2/hw1/install/custom_interfaces/share/custom_interfaces/msg/MyMessage.json
[0.366s] -- Up-to-date: /home/kdh/Desktop/21th_robit_intern_kimdohun/ROS2/Day2/hw1/install/custom_interfaces/include/custom_interfaces/custom_interfaces
[0.366s] -- Up-to-date: /home/kdh/Desktop/21th_robit_intern_kimdohun/ROS2/Day2/hw1/install/custom_interfaces/include/custom_interfaces/custom_interfaces/msg
[0.366s] -- Up-to-date: /home/kdh/Desktop/21th_robit_intern_kimdohun/ROS2/Day2/hw1/install/custom_interfaces/include/custom_interfaces/custom_interfaces/msg/my_message.h
[0.366s] -- Up-to-date: /home/kdh/Desktop/21th_robit_intern_kimdohun/ROS2/Day2/hw1/install/custom_interfaces/include/custom_interfaces/custom_interfaces/msg/rosidl_generator_c__visibility_control.h
[0.366s] -- Up-to-date: /home/kdh/Desktop/21th_robit_intern_kimdohun/ROS2/Day2/hw1/install/custom_interfaces/include/custom_interfaces/custom_interfaces/msg/detail
[0.367s] -- Up-to-date: /home/kdh/Desktop/21th_robit_intern_kimdohun/ROS2/Day2/hw1/install/custom_interfaces/include/custom_interfaces/custom_interfaces/msg/detail/my_message__type_support.h
[0.367s] -- Up-to-date: /home/kdh/Desktop/21th_robit_intern_kimdohun/ROS2/Day2/hw1/install/custom_interfaces/include/custom_interfaces/custom_interfaces/msg/detail/my_message__functions.c
[0.367s] -- Up-to-date: /home/kdh/Desktop/21th_robit_intern_kimdohun/ROS2/Day2/hw1/install/custom_interfaces/include/custom_interfaces/custom_interfaces/msg/detail/my_message__struct.h
[0.367s] -- Up-to-date: /home/kdh/Desktop/21th_robit_intern_kimdohun/ROS2/Day2/hw1/install/custom_interfaces/include/custom_interfaces/custom_interfaces/msg/detail/my_message__type_support.c
[0.367s] -- Up-to-date: /home/kdh/Desktop/21th_robit_intern_kimdohun/ROS2/Day2/hw1/install/custom_interfaces/include/custom_interfaces/custom_interfaces/msg/detail/my_message__description.c
[0.367s] -- Up-to-date: /home/kdh/Desktop/21th_robit_intern_kimdohun/ROS2/Day2/hw1/install/custom_interfaces/include/custom_interfaces/custom_interfaces/msg/detail/my_message__functions.h
[0.367s] -- Up-to-date: /home/kdh/Desktop/21th_robit_intern_kimdohun/ROS2/Day2/hw1/install/custom_interfaces/share/custom_interfaces/environment/library_path.sh
[0.368s] -- Up-to-date: /home/kdh/Desktop/21th_robit_intern_kimdohun/ROS2/Day2/hw1/install/custom_interfaces/share/custom_interfaces/environment/library_path.dsv
[0.368s] -- Up-to-date: /home/kdh/Desktop/21th_robit_intern_kimdohun/ROS2/Day2/hw1/install/custom_interfaces/lib/libcustom_interfaces__rosidl_generator_c.so
[0.368s] -- Up-to-date: /home/kdh/Desktop/21th_robit_intern_kimdohun/ROS2/Day2/hw1/install/custom_interfaces/include/custom_interfaces/custom_interfaces
[0.368s] -- Up-to-date: /home/kdh/Desktop/21th_robit_intern_kimdohun/ROS2/Day2/hw1/install/custom_interfaces/include/custom_interfaces/custom_interfaces/msg
[0.368s] -- Up-to-date: /home/kdh/Desktop/21th_robit_intern_kimdohun/ROS2/Day2/hw1/install/custom_interfaces/include/custom_interfaces/custom_interfaces/msg/rosidl_typesupport_fastrtps_c__visibility_control.h
[0.368s] -- Up-to-date: /home/kdh/Desktop/21th_robit_intern_kimdohun/ROS2/Day2/hw1/install/custom_interfaces/include/custom_interfaces/custom_interfaces/msg/detail
[0.368s] -- Up-to-date: /home/kdh/Desktop/21th_robit_intern_kimdohun/ROS2/Day2/hw1/install/custom_interfaces/include/custom_interfaces/custom_interfaces/msg/detail/my_message__rosidl_typesupport_fastrtps_c.h
[0.369s] -- Up-to-date: /home/kdh/Desktop/21th_robit_intern_kimdohun/ROS2/Day2/hw1/install/custom_interfaces/lib/libcustom_interfaces__rosidl_typesupport_fastrtps_c.so
[0.369s] -- Up-to-date: /home/kdh/Desktop/21th_robit_intern_kimdohun/ROS2/Day2/hw1/install/custom_interfaces/include/custom_interfaces/custom_interfaces
[0.369s] -- Up-to-date: /home/kdh/Desktop/21th_robit_intern_kimdohun/ROS2/Day2/hw1/install/custom_interfaces/include/custom_interfaces/custom_interfaces/msg
[0.369s] -- Up-to-date: /home/kdh/Desktop/21th_robit_intern_kimdohun/ROS2/Day2/hw1/install/custom_interfaces/include/custom_interfaces/custom_interfaces/msg/rosidl_typesupport_introspection_c__visibility_control.h
[0.369s] -- Up-to-date: /home/kdh/Desktop/21th_robit_intern_kimdohun/ROS2/Day2/hw1/install/custom_interfaces/include/custom_interfaces/custom_interfaces/msg/detail
[0.369s] -- Up-to-date: /home/kdh/Desktop/21th_robit_intern_kimdohun/ROS2/Day2/hw1/install/custom_interfaces/include/custom_interfaces/custom_interfaces/msg/detail/my_message__rosidl_typesupport_introspection_c.h
[0.369s] -- Up-to-date: /home/kdh/Desktop/21th_robit_intern_kimdohun/ROS2/Day2/hw1/install/custom_interfaces/include/custom_interfaces/custom_interfaces/msg/detail/my_message__type_support.c
[0.369s] -- Up-to-date: /home/kdh/Desktop/21th_robit_intern_kimdohun/ROS2/Day2/hw1/install/custom_interfaces/lib/libcustom_interfaces__rosidl_typesupport_introspection_c.so
[0.370s] -- Up-to-date: /home/kdh/Desktop/21th_robit_intern_kimdohun/ROS2/Day2/hw1/install/custom_interfaces/lib/libcustom_interfaces__rosidl_typesupport_c.so
[0.370s] -- Up-to-date: /home/kdh/Desktop/21th_robit_intern_kimdohun/ROS2/Day2/hw1/install/custom_interfaces/include/custom_interfaces/custom_interfaces
[0.370s] -- Up-to-date: /home/kdh/Desktop/21th_robit_intern_kimdohun/ROS2/Day2/hw1/install/custom_interfaces/include/custom_interfaces/custom_interfaces/msg
[0.370s] -- Up-to-date: /home/kdh/Desktop/21th_robit_intern_kimdohun/ROS2/Day2/hw1/install/custom_interfaces/include/custom_interfaces/custom_interfaces/msg/rosidl_generator_cpp__visibility_control.hpp
[0.370s] -- Up-to-date: /home/kdh/Desktop/21th_robit_intern_kimdohun/ROS2/Day2/hw1/install/custom_interfaces/include/custom_interfaces/custom_interfaces/msg/my_message.hpp
[0.370s] -- Up-to-date: /home/kdh/Desktop/21th_robit_intern_kimdohun/ROS2/Day2/hw1/install/custom_interfaces/include/custom_interfaces/custom_interfaces/msg/detail
[0.370s] -- Up-to-date: /home/kdh/Desktop/21th_robit_intern_kimdohun/ROS2/Day2/hw1/install/custom_interfaces/include/custom_interfaces/custom_interfaces/msg/detail/my_message__type_support.hpp
[0.370s] -- Up-to-date: /home/kdh/Desktop/21th_robit_intern_kimdohun/ROS2/Day2/hw1/install/custom_interfaces/include/custom_interfaces/custom_interfaces/msg/detail/my_message__traits.hpp
[0.370s] -- Up-to-date: /home/kdh/Desktop/21th_robit_intern_kimdohun/ROS2/Day2/hw1/install/custom_interfaces/include/custom_interfaces/custom_interfaces/msg/detail/my_message__builder.hpp
[0.371s] -- Up-to-date: /home/kdh/Desktop/21th_robit_intern_kimdohun/ROS2/Day2/hw1/install/custom_interfaces/include/custom_interfaces/custom_interfaces/msg/detail/my_message__struct.hpp
[0.371s] -- Up-to-date: /home/kdh/Desktop/21th_robit_intern_kimdohun/ROS2/Day2/hw1/install/custom_interfaces/include/custom_interfaces/custom_interfaces
[0.371s] -- Up-to-date: /home/kdh/Desktop/21th_robit_intern_kimdohun/ROS2/Day2/hw1/install/custom_interfaces/include/custom_interfaces/custom_interfaces/msg
[0.371s] -- Up-to-date: /home/kdh/Desktop/21th_robit_intern_kimdohun/ROS2/Day2/hw1/install/custom_interfaces/include/custom_interfaces/custom_interfaces/msg/rosidl_typesupport_fastrtps_cpp__visibility_control.h
[0.371s] -- Up-to-date: /home/kdh/Desktop/21th_robit_intern_kimdohun/ROS2/Day2/hw1/install/custom_interfaces/include/custom_interfaces/custom_interfaces/msg/detail
[0.371s] -- Up-to-date: /home/kdh/Desktop/21th_robit_intern_kimdohun/ROS2/Day2/hw1/install/custom_interfaces/include/custom_interfaces/custom_interfaces/msg/detail/dds_fastrtps
[0.371s] -- Up-to-date: /home/kdh/Desktop/21th_robit_intern_kimdohun/ROS2/Day2/hw1/install/custom_interfaces/include/custom_interfaces/custom_interfaces/msg/detail/my_message__rosidl_typesupport_fastrtps_cpp.hpp
[0.371s] -- Up-to-date: /home/kdh/Desktop/21th_robit_intern_kimdohun/ROS2/Day2/hw1/install/custom_interfaces/lib/libcustom_interfaces__rosidl_typesupport_fastrtps_cpp.so
[0.371s] -- Up-to-date: /home/kdh/Desktop/21th_robit_intern_kimdohun/ROS2/Day2/hw1/install/custom_interfaces/include/custom_interfaces/custom_interfaces
[0.371s] -- Up-to-date: /home/kdh/Desktop/21th_robit_intern_kimdohun/ROS2/Day2/hw1/install/custom_interfaces/include/custom_interfaces/custom_interfaces/msg
[0.372s] -- Up-to-date: /home/kdh/Desktop/21th_robit_intern_kimdohun/ROS2/Day2/hw1/install/custom_interfaces/include/custom_interfaces/custom_interfaces/msg/detail
[0.372s] -- Up-to-date: /home/kdh/Desktop/21th_robit_intern_kimdohun/ROS2/Day2/hw1/install/custom_interfaces/include/custom_interfaces/custom_interfaces/msg/detail/my_message__type_support.cpp
[0.372s] -- Up-to-date: /home/kdh/Desktop/21th_robit_intern_kimdohun/ROS2/Day2/hw1/install/custom_interfaces/include/custom_interfaces/custom_interfaces/msg/detail/my_message__rosidl_typesupport_introspection_cpp.hpp
[0.372s] -- Up-to-date: /home/kdh/Desktop/21th_robit_intern_kimdohun/ROS2/Day2/hw1/install/custom_interfaces/lib/libcustom_interfaces__rosidl_typesupport_introspection_cpp.so
[0.372s] -- Up-to-date: /home/kdh/Desktop/21th_robit_intern_kimdohun/ROS2/Day2/hw1/install/custom_interfaces/lib/libcustom_interfaces__rosidl_typesupport_cpp.so
[0.372s] -- Up-to-date: /home/kdh/Desktop/21th_robit_intern_kimdohun/ROS2/Day2/hw1/install/custom_interfaces/share/custom_interfaces/environment/pythonpath.sh
[0.372s] -- Up-to-date: /home/kdh/Desktop/21th_robit_intern_kimdohun/ROS2/Day2/hw1/install/custom_interfaces/share/custom_interfaces/environment/pythonpath.dsv
[0.372s] -- Up-to-date: /home/kdh/Desktop/21th_robit_intern_kimdohun/ROS2/Day2/hw1/install/custom_interfaces/lib/python3.12/site-packages/custom_interfaces-0.0.0-py3.12.egg-info
[0.372s] -- Installing: /home/kdh/Desktop/21th_robit_intern_kimdohun/ROS2/Day2/hw1/install/custom_interfaces/lib/python3.12/site-packages/custom_interfaces-0.0.0-py3.12.egg-info/PKG-INFO
[0.373s] -- Installing: /home/kdh/Desktop/21th_robit_intern_kimdohun/ROS2/Day2/hw1/install/custom_interfaces/lib/python3.12/site-packages/custom_interfaces-0.0.0-py3.12.egg-info/SOURCES.txt
[0.373s] -- Installing: /home/kdh/Desktop/21th_robit_intern_kimdohun/ROS2/Day2/hw1/install/custom_interfaces/lib/python3.12/site-packages/custom_interfaces-0.0.0-py3.12.egg-info/top_level.txt
[0.373s] -- Installing: /home/kdh/Desktop/21th_robit_intern_kimdohun/ROS2/Day2/hw1/install/custom_interfaces/lib/python3.12/site-packages/custom_interfaces-0.0.0-py3.12.egg-info/dependency_links.txt
[0.373s] -- Up-to-date: /home/kdh/Desktop/21th_robit_intern_kimdohun/ROS2/Day2/hw1/install/custom_interfaces/lib/python3.12/site-packages/custom_interfaces
[0.373s] -- Up-to-date: /home/kdh/Desktop/21th_robit_intern_kimdohun/ROS2/Day2/hw1/install/custom_interfaces/lib/python3.12/site-packages/custom_interfaces/custom_interfaces_s__rosidl_typesupport_fastrtps_c.so
[0.373s] -- Up-to-date: /home/kdh/Desktop/21th_robit_intern_kimdohun/ROS2/Day2/hw1/install/custom_interfaces/lib/python3.12/site-packages/custom_interfaces/_custom_interfaces_s.ep.rosidl_typesupport_fastrtps_c.c
[0.373s] -- Up-to-date: /home/kdh/Desktop/21th_robit_intern_kimdohun/ROS2/Day2/hw1/install/custom_interfaces/lib/python3.12/site-packages/custom_interfaces/__init__.py
[0.373s] -- Up-to-date: /home/kdh/Desktop/21th_robit_intern_kimdohun/ROS2/Day2/hw1/install/custom_interfaces/lib/python3.12/site-packages/custom_interfaces/msg
[0.373s] -- Up-to-date: /home/kdh/Desktop/21th_robit_intern_kimdohun/ROS2/Day2/hw1/install/custom_interfaces/lib/python3.12/site-packages/custom_interfaces/msg/__init__.py
[0.373s] -- Up-to-date: /home/kdh/Desktop/21th_robit_intern_kimdohun/ROS2/Day2/hw1/install/custom_interfaces/lib/python3.12/site-packages/custom_interfaces/msg/_my_message_s.c
[0.373s] -- Up-to-date: /home/kdh/Desktop/21th_robit_intern_kimdohun/ROS2/Day2/hw1/install/custom_interfaces/lib/python3.12/site-packages/custom_interfaces/msg/_my_message.py
[0.374s] -- Up-to-date: /home/kdh/Desktop/21th_robit_intern_kimdohun/ROS2/Day2/hw1/install/custom_interfaces/lib/python3.12/site-packages/custom_interfaces/_custom_interfaces_s.ep.rosidl_typesupport_c.c
[0.374s] -- Up-to-date: /home/kdh/Desktop/21th_robit_intern_kimdohun/ROS2/Day2/hw1/install/custom_interfaces/lib/python3.12/site-packages/custom_interfaces/custom_interfaces_s__rosidl_typesupport_introspection_c.so
[0.374s] -- Up-to-date: /home/kdh/Desktop/21th_robit_intern_kimdohun/ROS2/Day2/hw1/install/custom_interfaces/lib/python3.12/site-packages/custom_interfaces/custom_interfaces_s__rosidl_typesupport_c.so
[0.374s] -- Up-to-date: /home/kdh/Desktop/21th_robit_intern_kimdohun/ROS2/Day2/hw1/install/custom_interfaces/lib/python3.12/site-packages/custom_interfaces/_custom_interfaces_s.ep.rosidl_typesupport_introspection_c.c
[0.410s] Listing '/home/kdh/Desktop/21th_robit_intern_kimdohun/ROS2/Day2/hw1/install/custom_interfaces/lib/python3.12/site-packages/custom_interfaces'...
[0.410s] Listing '/home/kdh/Desktop/21th_robit_intern_kimdohun/ROS2/Day2/hw1/install/custom_interfaces/lib/python3.12/site-packages/custom_interfaces/msg'...
[0.415s] -- Up-to-date: /home/kdh/Desktop/21th_robit_intern_kimdohun/ROS2/Day2/hw1/install/custom_interfaces/lib/python3.12/site-packages/custom_interfaces/custom_interfaces_s__rosidl_typesupport_fastrtps_c.so
[0.415s] -- Up-to-date: /home/kdh/Desktop/21th_robit_intern_kimdohun/ROS2/Day2/hw1/install/custom_interfaces/lib/python3.12/site-packages/custom_interfaces/custom_interfaces_s__rosidl_typesupport_introspection_c.so
[0.415s] -- Up-to-date: /home/kdh/Desktop/21th_robit_intern_kimdohun/ROS2/Day2/hw1/install/custom_interfaces/lib/python3.12/site-packages/custom_interfaces/custom_interfaces_s__rosidl_typesupport_c.so
[0.416s] -- Up-to-date: /home/kdh/Desktop/21th_robit_intern_kimdohun/ROS2/Day2/hw1/install/custom_interfaces/lib/libcustom_interfaces__rosidl_generator_py.so
[0.416s] -- Up-to-date: /home/kdh/Desktop/21th_robit_intern_kimdohun/ROS2/Day2/hw1/install/custom_interfaces/share/ament_index/resource_index/rust_packages/custom_interfaces
[0.416s] -- Up-to-date: /home/kdh/Desktop/21th_robit_intern_kimdohun/ROS2/Day2/hw1/install/custom_interfaces/share/custom_interfaces/rust
[0.416s] -- Up-to-date: /home/kdh/Desktop/21th_robit_intern_kimdohun/ROS2/Day2/hw1/install/custom_interfaces/share/custom_interfaces/rust/src
[0.416s] -- Up-to-date: /home/kdh/Desktop/21th_robit_intern_kimdohun/ROS2/Day2/hw1/install/custom_interfaces/share/custom_interfaces/rust/src/msg.rs
[0.416s] -- Up-to-date: /home/kdh/Desktop/21th_robit_intern_kimdohun/ROS2/Day2/hw1/install/custom_interfaces/share/custom_interfaces/rust/src/msg
[0.416s] -- Up-to-date: /home/kdh/Desktop/21th_robit_intern_kimdohun/ROS2/Day2/hw1/install/custom_interfaces/share/custom_interfaces/rust/src/msg/rmw.rs
[0.416s] -- Up-to-date: /home/kdh/Desktop/21th_robit_intern_kimdohun/ROS2/Day2/hw1/install/custom_interfaces/share/custom_interfaces/rust/src/lib.rs
[0.417s] -- Up-to-date: /home/kdh/Desktop/21th_robit_intern_kimdohun/ROS2/Day2/hw1/install/custom_interfaces/share/custom_interfaces/rust/Cargo.toml
[0.417s] -- Up-to-date: /home/kdh/Desktop/21th_robit_intern_kimdohun/ROS2/Day2/hw1/install/custom_interfaces/share/custom_interfaces/rust/build.rs
[0.417s] -- Up-to-date: /home/kdh/Desktop/21th_robit_intern_kimdohun/ROS2/Day2/hw1/install/custom_interfaces/share/custom_interfaces/msg/MyMessage.idl
[0.417s] -- Up-to-date: /home/kdh/Desktop/21th_robit_intern_kimdohun/ROS2/Day2/hw1/install/custom_interfaces/share/custom_interfaces/msg/MyMessage.msg
[0.417s] -- Up-to-date: /home/kdh/Desktop/21th_robit_intern_kimdohun/ROS2/Day2/hw1/install/custom_interfaces/share/ament_index/resource_index/package_run_dependencies/custom_interfaces
[0.417s] -- Up-to-date: /home/kdh/Desktop/21th_robit_intern_kimdohun/ROS2/Day2/hw1/install/custom_interfaces/share/ament_index/resource_index/parent_prefix_path/custom_interfaces
[0.417s] -- Up-to-date: /home/kdh/Desktop/21th_robit_intern_kimdohun/ROS2/Day2/hw1/install/custom_interfaces/share/custom_interfaces/environment/ament_prefix_path.sh
[0.417s] -- Up-to-date: /home/kdh/Desktop/21th_robit_intern_kimdohun/ROS2/Day2/hw1/install/custom_interfaces/share/custom_interfaces/environment/ament_prefix_path.dsv
[0.417s] -- Up-to-date: /home/kdh/Desktop/21th_robit_intern_kimdohun/ROS2/Day2/hw1/install/custom_interfaces/share/custom_interfaces/environment/path.sh
[0.417s] -- Up-to-date: /home/kdh/Desktop/21th_robit_intern_kimdohun/ROS2/Day2/hw1/install/custom_interfaces/share/custom_interfaces/environment/path.dsv
[0.418s] -- Up-to-date: /home/kdh/Desktop/21th_robit_intern_kimdohun/ROS2/Day2/hw1/install/custom_interfaces/share/custom_interfaces/local_setup.bash
[0.418s] -- Up-to-date: /home/kdh/Desktop/21th_robit_intern_kimdohun/ROS2/Day2/hw1/install/custom_interfaces/share/custom_interfaces/local_setup.sh
[0.418s] -- Up-to-date: /home/kdh/Desktop/21th_robit_intern_kimdohun/ROS2/Day2/hw1/install/custom_interfaces/share/custom_interfaces/local_setup.zsh
[0.418s] -- Up-to-date: /home/kdh/Desktop/21th_robit_intern_kimdohun/ROS2/Day2/hw1/install/custom_interfaces/share/custom_interfaces/local_setup.dsv
[0.418s] -- Installing: /home/kdh/Desktop/21th_robit_intern_kimdohun/ROS2/Day2/hw1/install/custom_interfaces/share/custom_interfaces/package.dsv
[0.418s] -- Up-to-date: /home/kdh/Desktop/21th_robit_intern_kimdohun/ROS2/Day2/hw1/install/custom_interfaces/share/ament_index/resource_index/packages/custom_interfaces
[0.418s] -- Up-to-date: /home/kdh/Desktop/21th_robit_intern_kimdohun/ROS2/Day2/hw1/install/custom_interfaces/share/custom_interfaces/cmake/export_custom_interfaces__rosidl_generator_cExport.cmake
[0.418s] -- Up-to-date: /home/kdh/Desktop/21th_robit_intern_kimdohun/ROS2/Day2/hw1/install/custom_interfaces/share/custom_interfaces/cmake/export_custom_interfaces__rosidl_generator_cExport-noconfig.cmake
[0.418s] -- Up-to-date: /home/kdh/Desktop/21th_robit_intern_kimdohun/ROS2/Day2/hw1/install/custom_interfaces/share/custom_interfaces/cmake/export_custom_interfaces__rosidl_typesupport_fastrtps_cExport.cmake
[0.419s] -- Up-to-date: /home/kdh/Desktop/21th_robit_intern_kimdohun/ROS2/Day2/hw1/install/custom_interfaces/share/custom_interfaces/cmake/export_custom_interfaces__rosidl_typesupport_fastrtps_cExport-noconfig.cmake
[0.419s] -- Up-to-date: /home/kdh/Desktop/21th_robit_intern_kimdohun/ROS2/Day2/hw1/install/custom_interfaces/share/custom_interfaces/cmake/custom_interfaces__rosidl_typesupport_introspection_cExport.cmake
[0.419s] -- Up-to-date: /home/kdh/Desktop/21th_robit_intern_kimdohun/ROS2/Day2/hw1/install/custom_interfaces/share/custom_interfaces/cmake/custom_interfaces__rosidl_typesupport_introspection_cExport-noconfig.cmake
[0.419s] -- Up-to-date: /home/kdh/Desktop/21th_robit_intern_kimdohun/ROS2/Day2/hw1/install/custom_interfaces/share/custom_interfaces/cmake/custom_interfaces__rosidl_typesupport_cExport.cmake
[0.419s] -- Up-to-date: /home/kdh/Desktop/21th_robit_intern_kimdohun/ROS2/Day2/hw1/install/custom_interfaces/share/custom_interfaces/cmake/custom_interfaces__rosidl_typesupport_cExport-noconfig.cmake
[0.419s] -- Up-to-date: /home/kdh/Desktop/21th_robit_intern_kimdohun/ROS2/Day2/hw1/install/custom_interfaces/share/custom_interfaces/cmake/export_custom_interfaces__rosidl_generator_cppExport.cmake
[0.419s] -- Up-to-date: /home/kdh/Desktop/21th_robit_intern_kimdohun/ROS2/Day2/hw1/install/custom_interfaces/share/custom_interfaces/cmake/export_custom_interfaces__rosidl_typesupport_fastrtps_cppExport.cmake
[0.419s] -- Up-to-date: /home/kdh/Desktop/21th_robit_intern_kimdohun/ROS2/Day2/hw1/install/custom_interfaces/share/custom_interfaces/cmake/export_custom_interfaces__rosidl_typesupport_fastrtps_cppExport-noconfig.cmake
[0.419s] -- Up-to-date: /home/kdh/Desktop/21th_robit_intern_kimdohun/ROS2/Day2/hw1/install/custom_interfaces/share/custom_interfaces/cmake/custom_interfaces__rosidl_typesupport_introspection_cppExport.cmake
[0.419s] -- Up-to-date: /home/kdh/Desktop/21th_robit_intern_kimdohun/ROS2/Day2/hw1/install/custom_interfaces/share/custom_interfaces/cmake/custom_interfaces__rosidl_typesupport_introspection_cppExport-noconfig.cmake
[0.419s] -- Up-to-date: /home/kdh/Desktop/21th_robit_intern_kimdohun/ROS2/Day2/hw1/install/custom_interfaces/share/custom_interfaces/cmake/custom_interfaces__rosidl_typesupport_cppExport.cmake
[0.420s] -- Up-to-date: /home/kdh/Desktop/21th_robit_intern_kimdohun/ROS2/Day2/hw1/install/custom_interfaces/share/custom_interfaces/cmake/custom_interfaces__rosidl_typesupport_cppExport-noconfig.cmake
[0.420s] -- Up-to-date: /home/kdh/Desktop/21th_robit_intern_kimdohun/ROS2/Day2/hw1/install/custom_interfaces/share/custom_interfaces/cmake/export_custom_interfaces__rosidl_generator_pyExport.cmake
[0.420s] -- Up-to-date: /home/kdh/Desktop/21th_robit_intern_kimdohun/ROS2/Day2/hw1/install/custom_interfaces/share/custom_interfaces/cmake/export_custom_interfaces__rosidl_generator_pyExport-noconfig.cmake
[0.420s] -- Up-to-date: /home/kdh/Desktop/21th_robit_intern_kimdohun/ROS2/Day2/hw1/install/custom_interfaces/share/custom_interfaces/cmake/rosidl_cmake-extras.cmake
[0.420s] -- Up-to-date: /home/kdh/Desktop/21th_robit_intern_kimdohun/ROS2/Day2/hw1/install/custom_interfaces/share/custom_interfaces/cmake/ament_cmake_export_include_directories-extras.cmake
[0.420s] -- Up-to-date: /home/kdh/Desktop/21th_robit_intern_kimdohun/ROS2/Day2/hw1/install/custom_interfaces/share/custom_interfaces/cmake/ament_cmake_export_libraries-extras.cmake
[0.420s] -- Up-to-date: /home/kdh/Desktop/21th_robit_intern_kimdohun/ROS2/Day2/hw1/install/custom_interfaces/share/custom_interfaces/cmake/ament_cmake_export_targets-extras.cmake
[0.420s] -- Up-to-date: /home/kdh/Desktop/21th_robit_intern_kimdohun/ROS2/Day2/hw1/install/custom_interfaces/share/custom_interfaces/cmake/rosidl_cmake_export_typesupport_targets-extras.cmake
[0.420s] -- Up-to-date: /home/kdh/Desktop/21th_robit_intern_kimdohun/ROS2/Day2/hw1/install/custom_interfaces/share/custom_interfaces/cmake/ament_cmake_export_dependencies-extras.cmake
[0.420s] -- Up-to-date: /home/kdh/Desktop/21th_robit_intern_kimdohun/ROS2/Day2/hw1/install/custom_interfaces/share/custom_interfaces/cmake/rosidl_cmake_export_typesupport_libraries-extras.cmake
[0.421s] -- Up-to-date: /home/kdh/Desktop/21th_robit_intern_kimdohun/ROS2/Day2/hw1/install/custom_interfaces/share/custom_interfaces/cmake/rosidl_cmake_aggregate_target-extras.cmake
[0.421s] -- Up-to-date: /home/kdh/Desktop/21th_robit_intern_kimdohun/ROS2/Day2/hw1/install/custom_interfaces/share/custom_interfaces/cmake/custom_interfacesConfig.cmake
[0.421s] -- Up-to-date: /home/kdh/Desktop/21th_robit_intern_kimdohun/ROS2/Day2/hw1/install/custom_interfaces/share/custom_interfaces/cmake/custom_interfacesConfig-version.cmake
[0.421s] -- Up-to-date: /home/kdh/Desktop/21th_robit_intern_kimdohun/ROS2/Day2/hw1/install/custom_interfaces/share/custom_interfaces/package.xml
[0.423s] Invoked command in '/home/kdh/Desktop/21th_robit_intern_kimdohun/ROS2/Day2/hw1/build/custom_interfaces' returned '0': CMAKE_PREFIX_PATH=${CMAKE_PREFIX_PATH}:/opt/ros/jazzy DEBUGINFOD_URLS=https://debuginfod.ubuntu.com /usr/bin/cmake --install /home/kdh/Desktop/21th_robit_intern_kimdohun/ROS2/Day2/hw1/build/custom_interfaces
