[ 11%] [32mBuilding CXX object CMakeFiles/hw3_pkg.dir/src/main_window.cpp.o[0m
[ 22%] [32m[1mLinking CXX executable hw3_pkg[0m
[100%] Built target hw3_pkg
-- Install configuration: ""
-- Installing: /home/kdh/Desktop/21th_robit_intern_kimdohun/ROS2/Day2/hw3/hw3_pkg/install/hw3_pkg/lib/hw3_pkg/hw3_pkg
-- Set non-toolchain portion of runtime path of "/home/kdh/Desktop/21th_robit_intern_kimdohun/ROS2/Day2/hw3/hw3_pkg/install/hw3_pkg/lib/hw3_pkg/hw3_pkg" to ""
-- Up-to-date: /home/kdh/Desktop/21th_robit_intern_kimdohun/ROS2/Day2/hw3/hw3_pkg/install/hw3_pkg/share/ament_index/resource_index/package_run_dependencies/hw3_pkg
-- Up-to-date: /home/kdh/Desktop/21th_robit_intern_kimdohun/ROS2/Day2/hw3/hw3_pkg/install/hw3_pkg/share/ament_index/resource_index/parent_prefix_path/hw3_pkg
-- Up-to-date: /home/kdh/Desktop/21th_robit_intern_kimdohun/ROS2/Day2/hw3/hw3_pkg/install/hw3_pkg/share/hw3_pkg/environment/ament_prefix_path.sh
-- Up-to-date: /home/kdh/Desktop/21th_robit_intern_kimdohun/ROS2/Day2/hw3/hw3_pkg/install/hw3_pkg/share/hw3_pkg/environment/ament_prefix_path.dsv
-- Up-to-date: /home/kdh/Desktop/21th_robit_intern_kimdohun/ROS2/Day2/hw3/hw3_pkg/install/hw3_pkg/share/hw3_pkg/environment/path.sh
-- Up-to-date: /home/kdh/Desktop/21th_robit_intern_kimdohun/ROS2/Day2/hw3/hw3_pkg/install/hw3_pkg/share/hw3_pkg/environment/path.dsv
-- Up-to-date: /home/kdh/Desktop/21th_robit_intern_kimdohun/ROS2/Day2/hw3/hw3_pkg/install/hw3_pkg/share/hw3_pkg/local_setup.bash
-- Up-to-date: /home/kdh/Desktop/21th_robit_intern_kimdohun/ROS2/Day2/hw3/hw3_pkg/install/hw3_pkg/share/hw3_pkg/local_setup.sh
-- Up-to-date: /home/kdh/Desktop/21th_robit_intern_kimdohun/ROS2/Day2/hw3/hw3_pkg/install/hw3_pkg/share/hw3_pkg/local_setup.zsh
-- Up-to-date: /home/kdh/Desktop/21th_robit_intern_kimdohun/ROS2/Day2/hw3/hw3_pkg/install/hw3_pkg/share/hw3_pkg/local_setup.dsv
-- Installing: /home/kdh/Desktop/21th_robit_intern_kimdohun/ROS2/Day2/hw3/hw3_pkg/install/hw3_pkg/share/hw3_pkg/package.dsv
-- Up-to-date: /home/kdh/Desktop/21th_robit_intern_kimdohun/ROS2/Day2/hw3/hw3_pkg/install/hw3_pkg/share/ament_index/resource_index/packages/hw3_pkg
-- Up-to-date: /home/kdh/Desktop/21th_robit_intern_kimdohun/ROS2/Day2/hw3/hw3_pkg/install/hw3_pkg/share/hw3_pkg/cmake/hw3_pkgConfig.cmake
-- Up-to-date: /home/kdh/Desktop/21th_robit_intern_kimdohun/ROS2/Day2/hw3/hw3_pkg/install/hw3_pkg/share/hw3_pkg/cmake/hw3_pkgConfig-version.cmake
-- Up-to-date: /home/kdh/Desktop/21th_robit_intern_kimdohun/ROS2/Day2/hw3/hw3_pkg/install/hw3_pkg/share/hw3_pkg/package.xml
