running egg_info
writing ../../build/hw2_py_package/hw2_py_package.egg-info/PKG-INFO
writing dependency_links to ../../build/hw2_py_package/hw2_py_package.egg-info/dependency_links.txt
writing entry points to ../../build/hw2_py_package/hw2_py_package.egg-info/entry_points.txt
writing requirements to ../../build/hw2_py_package/hw2_py_package.egg-info/requires.txt
writing top-level names to ../../build/hw2_py_package/hw2_py_package.egg-info/top_level.txt
reading manifest file '../../build/hw2_py_package/hw2_py_package.egg-info/SOURCES.txt'
writing manifest file '../../build/hw2_py_package/hw2_py_package.egg-info/SOURCES.txt'
running build
running build_py
copying hw2_py_package/publisher.py -> /home/kdh/Desktop/21th_robit_intern_kimdohun/ROS2/Day1/hw2/build/hw2_py_package/build/lib/hw2_py_package
copying hw2_py_package/subscriber.py -> /home/kdh/Desktop/21th_robit_intern_kimdohun/ROS2/Day1/hw2/build/hw2_py_package/build/lib/hw2_py_package
running install
running install_lib
copying /home/kdh/Desktop/21th_robit_intern_kimdohun/ROS2/Day1/hw2/build/hw2_py_package/build/lib/hw2_py_package/publisher.py -> /home/kdh/Desktop/21th_robit_intern_kimdohun/ROS2/Day1/hw2/install/hw2_py_package/lib/python3.12/site-packages/hw2_py_package
copying /home/kdh/Desktop/21th_robit_intern_kimdohun/ROS2/Day1/hw2/build/hw2_py_package/build/lib/hw2_py_package/subscriber.py -> /home/kdh/Desktop/21th_robit_intern_kimdohun/ROS2/Day1/hw2/install/hw2_py_package/lib/python3.12/site-packages/hw2_py_package
byte-compiling /home/kdh/Desktop/21th_robit_intern_kimdohun/ROS2/Day1/hw2/install/hw2_py_package/lib/python3.12/site-packages/hw2_py_package/publisher.py to publisher.cpython-312.pyc
byte-compiling /home/kdh/Desktop/21th_robit_intern_kimdohun/ROS2/Day1/hw2/install/hw2_py_package/lib/python3.12/site-packages/hw2_py_package/subscriber.py to subscriber.cpython-312.pyc
running install_data
running install_egg_info
removing '/home/kdh/Desktop/21th_robit_intern_kimdohun/ROS2/Day1/hw2/install/hw2_py_package/lib/python3.12/site-packages/hw2_py_package-0.0.0-py3.12.egg-info' (and everything under it)
Copying ../../build/hw2_py_package/hw2_py_package.egg-info to /home/kdh/Desktop/21th_robit_intern_kimdohun/ROS2/Day1/hw2/install/hw2_py_package/lib/python3.12/site-packages/hw2_py_package-0.0.0-py3.12.egg-info
running install_scripts
Installing publisher script to /home/kdh/Desktop/21th_robit_intern_kimdohun/ROS2/Day1/hw2/install/hw2_py_package/lib/hw2_py_package
Installing subscriber script to /home/kdh/Desktop/21th_robit_intern_kimdohun/ROS2/Day1/hw2/install/hw2_py_package/lib/hw2_py_package
writing list of installed files to '/home/kdh/Desktop/21th_robit_intern_kimdohun/ROS2/Day1/hw2/build/hw2_py_package/install.log'
