[0.776s] DEBUG:colcon:Command line arguments: ['/usr/bin/colcon', 'build']
[0.776s] DEBUG:colcon:Parsed command line arguments: Namespace(log_base=None, log_level=None, verb_name='build', build_base='build', install_base='install', merge_install=False, symlink_install=False, test_result_base=None, continue_on_error=False, executor='parallel', parallel_workers=16, event_handlers=None, ignore_user_meta=False, metas=['./colcon.meta'], base_paths=['.'], packages_ignore=None, packages_ignore_regex=None, paths=None, packages_up_to=None, packages_up_to_regex=None, packages_above=None, packages_above_and_dependencies=None, packages_above_depth=None, packages_select_by_dep=None, packages_skip_by_dep=None, packages_skip_up_to=None, packages_select_build_failed=False, packages_skip_build_finished=False, packages_select_test_failures=False, packages_skip_test_passed=False, packages_select=None, packages_skip=None, packages_select_regex=None, packages_skip_regex=None, packages_start=None, packages_end=None, allow_overriding=[], cmake_args=None, cmake_target=None, cmake_target_skip_unavailable=False, cmake_clean_cache=False, cmake_clean_first=False, cmake_force_configure=False, ament_cmake_args=None, catkin_cmake_args=None, catkin_skip_building_tests=False, mixin_files=None, mixin=None, verb_parser=<colcon_mixin.mixin.mixin_argument.MixinArgumentDecorator object at 0x7b940fa88500>, verb_extension=<colcon_core.verb.build.BuildVerb object at 0x7b940fa88140>, main=<bound method BuildVerb.main of <colcon_core.verb.build.BuildVerb object at 0x7b940fa88140>>, mixin_verb=('build',))
[1.021s] Level 1:colcon.colcon_core.package_discovery:discover_packages(colcon_meta) check parameters
[1.022s] Level 1:colcon.colcon_core.package_discovery:discover_packages(recursive) check parameters
[1.022s] Level 1:colcon.colcon_core.package_discovery:discover_packages(ignore) check parameters
[1.022s] Level 1:colcon.colcon_core.package_discovery:discover_packages(path) check parameters
[1.022s] Level 1:colcon.colcon_core.package_discovery:discover_packages(colcon_meta) discover
[1.023s] Level 1:colcon.colcon_core.package_discovery:discover_packages(recursive) discover
[1.023s] INFO:colcon.colcon_core.package_discovery:Crawling recursively for packages in '/home/kdh/Desktop/21th_robit_intern_kimdohun/ROS2/Day1/hw2'
[1.023s] Level 1:colcon.colcon_core.package_identification:_identify(.) by extensions ['ignore', 'ignore_ament_install']
[1.024s] Level 1:colcon.colcon_core.package_identification:_identify(.) by extension 'ignore'
[1.024s] Level 1:colcon.colcon_core.package_identification:_identify(.) by extension 'ignore_ament_install'
[1.025s] Level 1:colcon.colcon_core.package_identification:_identify(.) by extensions ['colcon_pkg']
[1.025s] Level 1:colcon.colcon_core.package_identification:_identify(.) by extension 'colcon_pkg'
[1.025s] Level 1:colcon.colcon_core.package_identification:_identify(.) by extensions ['colcon_meta']
[1.025s] Level 1:colcon.colcon_core.package_identification:_identify(.) by extension 'colcon_meta'
[1.025s] Level 1:colcon.colcon_core.package_identification:_identify(.) by extensions ['ros']
[1.026s] Level 1:colcon.colcon_core.package_identification:_identify(.) by extension 'ros'
[1.173s] Level 1:colcon.colcon_core.package_identification:_identify(.) by extensions ['cmake', 'python']
[1.173s] Level 1:colcon.colcon_core.package_identification:_identify(.) by extension 'cmake'
[1.173s] Level 1:colcon.colcon_core.package_identification:_identify(.) by extension 'python'
[1.174s] Level 1:colcon.colcon_core.package_identification:_identify(.) by extensions ['python_setup_py']
[1.174s] Level 1:colcon.colcon_core.package_identification:_identify(.) by extension 'python_setup_py'
[1.174s] Level 1:colcon.colcon_core.package_identification:_identify(build) by extensions ['ignore', 'ignore_ament_install']
[1.175s] Level 1:colcon.colcon_core.package_identification:_identify(build) by extension 'ignore'
[1.175s] Level 1:colcon.colcon_core.package_identification:_identify(build) ignored
[1.176s] Level 1:colcon.colcon_core.package_identification:_identify(cpp) by extensions ['ignore', 'ignore_ament_install']
[1.176s] Level 1:colcon.colcon_core.package_identification:_identify(cpp) by extension 'ignore'
[1.177s] Level 1:colcon.colcon_core.package_identification:_identify(cpp) by extension 'ignore_ament_install'
[1.177s] Level 1:colcon.colcon_core.package_identification:_identify(cpp) by extensions ['colcon_pkg']
[1.177s] Level 1:colcon.colcon_core.package_identification:_identify(cpp) by extension 'colcon_pkg'
[1.177s] Level 1:colcon.colcon_core.package_identification:_identify(cpp) by extensions ['colcon_meta']
[1.177s] Level 1:colcon.colcon_core.package_identification:_identify(cpp) by extension 'colcon_meta'
[1.178s] Level 1:colcon.colcon_core.package_identification:_identify(cpp) by extensions ['ros']
[1.178s] Level 1:colcon.colcon_core.package_identification:_identify(cpp) by extension 'ros'
[1.178s] Level 1:colcon.colcon_core.package_identification:_identify(cpp) by extensions ['cmake', 'python']
[1.178s] Level 1:colcon.colcon_core.package_identification:_identify(cpp) by extension 'cmake'
[1.178s] Level 1:colcon.colcon_core.package_identification:_identify(cpp) by extension 'python'
[1.179s] Level 1:colcon.colcon_core.package_identification:_identify(cpp) by extensions ['python_setup_py']
[1.179s] Level 1:colcon.colcon_core.package_identification:_identify(cpp) by extension 'python_setup_py'
[1.179s] Level 1:colcon.colcon_core.package_identification:_identify(cpp/build) by extensions ['ignore', 'ignore_ament_install']
[1.180s] Level 1:colcon.colcon_core.package_identification:_identify(cpp/build) by extension 'ignore'
[1.180s] Level 1:colcon.colcon_core.package_identification:_identify(cpp/build) ignored
[1.180s] Level 1:colcon.colcon_core.package_identification:_identify(cpp/hw2_package) by extensions ['ignore', 'ignore_ament_install']
[1.181s] Level 1:colcon.colcon_core.package_identification:_identify(cpp/hw2_package) by extension 'ignore'
[1.181s] Level 1:colcon.colcon_core.package_identification:_identify(cpp/hw2_package) by extension 'ignore_ament_install'
[1.181s] Level 1:colcon.colcon_core.package_identification:_identify(cpp/hw2_package) by extensions ['colcon_pkg']
[1.182s] Level 1:colcon.colcon_core.package_identification:_identify(cpp/hw2_package) by extension 'colcon_pkg'
[1.182s] Level 1:colcon.colcon_core.package_identification:_identify(cpp/hw2_package) by extensions ['colcon_meta']
[1.182s] Level 1:colcon.colcon_core.package_identification:_identify(cpp/hw2_package) by extension 'colcon_meta'
[1.182s] Level 1:colcon.colcon_core.package_identification:_identify(cpp/hw2_package) by extensions ['ros']
[1.182s] Level 1:colcon.colcon_core.package_identification:_identify(cpp/hw2_package) by extension 'ros'
[1.206s] DEBUG:colcon.colcon_core.package_identification:Package 'cpp/hw2_package' with type 'ros.ament_cmake' and name 'hw2_package'
[1.207s] Level 1:colcon.colcon_core.package_identification:_identify(cpp/install) by extensions ['ignore', 'ignore_ament_install']
[1.207s] Level 1:colcon.colcon_core.package_identification:_identify(cpp/install) by extension 'ignore'
[1.208s] Level 1:colcon.colcon_core.package_identification:_identify(cpp/install) ignored
[1.208s] Level 1:colcon.colcon_core.package_identification:_identify(cpp/log) by extensions ['ignore', 'ignore_ament_install']
[1.209s] Level 1:colcon.colcon_core.package_identification:_identify(cpp/log) by extension 'ignore'
[1.209s] Level 1:colcon.colcon_core.package_identification:_identify(cpp/log) ignored
[1.209s] Level 1:colcon.colcon_core.package_identification:_identify(install) by extensions ['ignore', 'ignore_ament_install']
[1.210s] Level 1:colcon.colcon_core.package_identification:_identify(install) by extension 'ignore'
[1.210s] Level 1:colcon.colcon_core.package_identification:_identify(install) ignored
[1.210s] Level 1:colcon.colcon_core.package_identification:_identify(log) by extensions ['ignore', 'ignore_ament_install']
[1.211s] Level 1:colcon.colcon_core.package_identification:_identify(log) by extension 'ignore'
[1.211s] Level 1:colcon.colcon_core.package_identification:_identify(log) ignored
[1.211s] Level 1:colcon.colcon_core.package_identification:_identify(python) by extensions ['ignore', 'ignore_ament_install']
[1.212s] Level 1:colcon.colcon_core.package_identification:_identify(python) by extension 'ignore'
[1.212s] Level 1:colcon.colcon_core.package_identification:_identify(python) by extension 'ignore_ament_install'
[1.213s] Level 1:colcon.colcon_core.package_identification:_identify(python) by extensions ['colcon_pkg']
[1.213s] Level 1:colcon.colcon_core.package_identification:_identify(python) by extension 'colcon_pkg'
[1.213s] Level 1:colcon.colcon_core.package_identification:_identify(python) by extensions ['colcon_meta']
[1.213s] Level 1:colcon.colcon_core.package_identification:_identify(python) by extension 'colcon_meta'
[1.213s] Level 1:colcon.colcon_core.package_identification:_identify(python) by extensions ['ros']
[1.213s] Level 1:colcon.colcon_core.package_identification:_identify(python) by extension 'ros'
[1.214s] Level 1:colcon.colcon_core.package_identification:_identify(python) by extensions ['cmake', 'python']
[1.214s] Level 1:colcon.colcon_core.package_identification:_identify(python) by extension 'cmake'
[1.214s] Level 1:colcon.colcon_core.package_identification:_identify(python) by extension 'python'
[1.214s] Level 1:colcon.colcon_core.package_identification:_identify(python) by extensions ['python_setup_py']
[1.214s] Level 1:colcon.colcon_core.package_identification:_identify(python) by extension 'python_setup_py'
[1.215s] Level 1:colcon.colcon_core.package_identification:_identify(python/build) by extensions ['ignore', 'ignore_ament_install']
[1.215s] Level 1:colcon.colcon_core.package_identification:_identify(python/build) by extension 'ignore'
[1.215s] Level 1:colcon.colcon_core.package_identification:_identify(python/build) ignored
[1.216s] Level 1:colcon.colcon_core.package_identification:_identify(python/hw2_py_package) by extensions ['ignore', 'ignore_ament_install']
[1.216s] Level 1:colcon.colcon_core.package_identification:_identify(python/hw2_py_package) by extension 'ignore'
[1.216s] Level 1:colcon.colcon_core.package_identification:_identify(python/hw2_py_package) by extension 'ignore_ament_install'
[1.217s] Level 1:colcon.colcon_core.package_identification:_identify(python/hw2_py_package) by extensions ['colcon_pkg']
[1.217s] Level 1:colcon.colcon_core.package_identification:_identify(python/hw2_py_package) by extension 'colcon_pkg'
[1.217s] Level 1:colcon.colcon_core.package_identification:_identify(python/hw2_py_package) by extensions ['colcon_meta']
[1.217s] Level 1:colcon.colcon_core.package_identification:_identify(python/hw2_py_package) by extension 'colcon_meta'
[1.217s] Level 1:colcon.colcon_core.package_identification:_identify(python/hw2_py_package) by extensions ['ros']
[1.218s] Level 1:colcon.colcon_core.package_identification:_identify(python/hw2_py_package) by extension 'ros'
[1.221s] DEBUG:colcon.colcon_core.package_identification:Package 'python/hw2_py_package' with type 'ros.ament_python' and name 'hw2_py_package'
[1.222s] Level 1:colcon.colcon_core.package_identification:_identify(python/install) by extensions ['ignore', 'ignore_ament_install']
[1.222s] Level 1:colcon.colcon_core.package_identification:_identify(python/install) by extension 'ignore'
[1.223s] Level 1:colcon.colcon_core.package_identification:_identify(python/install) ignored
[1.223s] Level 1:colcon.colcon_core.package_identification:_identify(python/log) by extensions ['ignore', 'ignore_ament_install']
[1.223s] Level 1:colcon.colcon_core.package_identification:_identify(python/log) by extension 'ignore'
[1.224s] Level 1:colcon.colcon_core.package_identification:_identify(python/log) ignored
[1.224s] Level 1:colcon.colcon_core.package_discovery:discover_packages(recursive) using defaults
[1.224s] Level 1:colcon.colcon_core.package_discovery:discover_packages(ignore) discover
[1.224s] Level 1:colcon.colcon_core.package_discovery:discover_packages(ignore) using defaults
[1.224s] Level 1:colcon.colcon_core.package_discovery:discover_packages(path) discover
[1.224s] Level 1:colcon.colcon_core.package_discovery:discover_packages(path) using defaults
[1.338s] Level 1:colcon.colcon_core.package_discovery:discover_packages(prefix_path) check parameters
[1.338s] Level 1:colcon.colcon_core.package_discovery:discover_packages(prefix_path) discover
[1.353s] DEBUG:colcon.colcon_installed_package_information.package_discovery:Found 287 installed packages in /opt/ros/jazzy
[1.356s] Level 1:colcon.colcon_core.package_discovery:discover_packages(prefix_path) using defaults
[1.557s] Level 5:colcon.colcon_core.verb:set package 'hw2_package' build argument 'cmake_args' from command line to 'None'
[1.557s] Level 5:colcon.colcon_core.verb:set package 'hw2_package' build argument 'cmake_target' from command line to 'None'
[1.557s] Level 5:colcon.colcon_core.verb:set package 'hw2_package' build argument 'cmake_target_skip_unavailable' from command line to 'False'
[1.558s] Level 5:colcon.colcon_core.verb:set package 'hw2_package' build argument 'cmake_clean_cache' from command line to 'False'
[1.558s] Level 5:colcon.colcon_core.verb:set package 'hw2_package' build argument 'cmake_clean_first' from command line to 'False'
[1.558s] Level 5:colcon.colcon_core.verb:set package 'hw2_package' build argument 'cmake_force_configure' from command line to 'False'
[1.558s] Level 5:colcon.colcon_core.verb:set package 'hw2_package' build argument 'ament_cmake_args' from command line to 'None'
[1.558s] Level 5:colcon.colcon_core.verb:set package 'hw2_package' build argument 'catkin_cmake_args' from command line to 'None'
[1.558s] Level 5:colcon.colcon_core.verb:set package 'hw2_package' build argument 'catkin_skip_building_tests' from command line to 'False'
[1.558s] DEBUG:colcon.colcon_core.verb:Building package 'hw2_package' with the following arguments: {'ament_cmake_args': None, 'build_base': '/home/kdh/Desktop/21th_robit_intern_kimdohun/ROS2/Day1/hw2/build/hw2_package', 'catkin_cmake_args': None, 'catkin_skip_building_tests': False, 'cmake_args': None, 'cmake_clean_cache': False, 'cmake_clean_first': False, 'cmake_force_configure': False, 'cmake_target': None, 'cmake_target_skip_unavailable': False, 'install_base': '/home/kdh/Desktop/21th_robit_intern_kimdohun/ROS2/Day1/hw2/install/hw2_package', 'merge_install': False, 'path': '/home/kdh/Desktop/21th_robit_intern_kimdohun/ROS2/Day1/hw2/cpp/hw2_package', 'symlink_install': False, 'test_result_base': None}
[1.560s] Level 5:colcon.colcon_core.verb:set package 'hw2_py_package' build argument 'cmake_args' from command line to 'None'
[1.560s] Level 5:colcon.colcon_core.verb:set package 'hw2_py_package' build argument 'cmake_target' from command line to 'None'
[1.560s] Level 5:colcon.colcon_core.verb:set package 'hw2_py_package' build argument 'cmake_target_skip_unavailable' from command line to 'False'
[1.560s] Level 5:colcon.colcon_core.verb:set package 'hw2_py_package' build argument 'cmake_clean_cache' from command line to 'False'
[1.560s] Level 5:colcon.colcon_core.verb:set package 'hw2_py_package' build argument 'cmake_clean_first' from command line to 'False'
[1.560s] Level 5:colcon.colcon_core.verb:set package 'hw2_py_package' build argument 'cmake_force_configure' from command line to 'False'
[1.560s] Level 5:colcon.colcon_core.verb:set package 'hw2_py_package' build argument 'ament_cmake_args' from command line to 'None'
[1.561s] Level 5:colcon.colcon_core.verb:set package 'hw2_py_package' build argument 'catkin_cmake_args' from command line to 'None'
[1.561s] Level 5:colcon.colcon_core.verb:set package 'hw2_py_package' build argument 'catkin_skip_building_tests' from command line to 'False'
[1.561s] DEBUG:colcon.colcon_core.verb:Building package 'hw2_py_package' with the following arguments: {'ament_cmake_args': None, 'build_base': '/home/kdh/Desktop/21th_robit_intern_kimdohun/ROS2/Day1/hw2/build/hw2_py_package', 'catkin_cmake_args': None, 'catkin_skip_building_tests': False, 'cmake_args': None, 'cmake_clean_cache': False, 'cmake_clean_first': False, 'cmake_force_configure': False, 'cmake_target': None, 'cmake_target_skip_unavailable': False, 'install_base': '/home/kdh/Desktop/21th_robit_intern_kimdohun/ROS2/Day1/hw2/install/hw2_py_package', 'merge_install': False, 'path': '/home/kdh/Desktop/21th_robit_intern_kimdohun/ROS2/Day1/hw2/python/hw2_py_package', 'symlink_install': False, 'test_result_base': None}
[1.561s] INFO:colcon.colcon_core.executor:Executing jobs using 'parallel' executor
[1.566s] DEBUG:colcon.colcon_parallel_executor.executor.parallel:run_until_complete
[1.567s] INFO:colcon.colcon_ros.task.ament_cmake.build:Building ROS package in '/home/kdh/Desktop/21th_robit_intern_kimdohun/ROS2/Day1/hw2/cpp/hw2_package' with build type 'ament_cmake'
[1.567s] INFO:colcon.colcon_cmake.task.cmake.build:Building CMake package in '/home/kdh/Desktop/21th_robit_intern_kimdohun/ROS2/Day1/hw2/cpp/hw2_package'
[1.587s] INFO:colcon.colcon_core.plugin_system:Skipping extension 'colcon_core.shell.bat': Not used on non-Windows systems
[1.588s] INFO:colcon.colcon_core.shell:Skip shell extension 'powershell' for command environment: Not usable outside of PowerShell
[1.588s] DEBUG:colcon.colcon_core.shell:Skip shell extension 'dsv' for command environment
[1.602s] INFO:colcon.colcon_ros.task.ament_python.build:Building ROS package in '/home/kdh/Desktop/21th_robit_intern_kimdohun/ROS2/Day1/hw2/python/hw2_py_package' with build type 'ament_python'
[1.603s] Level 1:colcon.colcon_core.shell:create_environment_hook('hw2_py_package', 'ament_prefix_path')
[1.604s] INFO:colcon.colcon_core.shell:Creating environment hook '/home/kdh/Desktop/21th_robit_intern_kimdohun/ROS2/Day1/hw2/install/hw2_py_package/share/hw2_py_package/hook/ament_prefix_path.ps1'
[1.608s] INFO:colcon.colcon_core.shell:Creating environment descriptor '/home/kdh/Desktop/21th_robit_intern_kimdohun/ROS2/Day1/hw2/install/hw2_py_package/share/hw2_py_package/hook/ament_prefix_path.dsv'
[1.610s] INFO:colcon.colcon_core.shell:Creating environment hook '/home/kdh/Desktop/21th_robit_intern_kimdohun/ROS2/Day1/hw2/install/hw2_py_package/share/hw2_py_package/hook/ament_prefix_path.sh'
[1.614s] INFO:colcon.colcon_core.shell:Skip shell extension 'powershell' for command environment: Not usable outside of PowerShell
[1.614s] DEBUG:colcon.colcon_core.shell:Skip shell extension 'dsv' for command environment
[1.649s] DEBUG:colcon.colcon_core.event_handler.log_command:Invoking command in '/home/kdh/Desktop/21th_robit_intern_kimdohun/ROS2/Day1/hw2/build/hw2_package': CMAKE_PREFIX_PATH=${CMAKE_PREFIX_PATH}:/opt/ros/jazzy DEBUGINFOD_URLS=https://debuginfod.ubuntu.com /usr/bin/cmake --build /home/kdh/Desktop/21th_robit_intern_kimdohun/ROS2/Day1/hw2/build/hw2_package -- -j16 -l16
[2.786s] INFO:colcon.colcon_core.task.python.build:Building Python package in '/home/kdh/Desktop/21th_robit_intern_kimdohun/ROS2/Day1/hw2/python/hw2_py_package'
[2.787s] INFO:colcon.colcon_core.shell:Skip shell extension 'powershell' for command environment: Not usable outside of PowerShell
[2.788s] DEBUG:colcon.colcon_core.shell:Skip shell extension 'dsv' for command environment
[2.807s] DEBUG:colcon.colcon_core.event_handler.log_command:Invoked command in '/home/kdh/Desktop/21th_robit_intern_kimdohun/ROS2/Day1/hw2/build/hw2_package' returned '0': CMAKE_PREFIX_PATH=${CMAKE_PREFIX_PATH}:/opt/ros/jazzy DEBUGINFOD_URLS=https://debuginfod.ubuntu.com /usr/bin/cmake --build /home/kdh/Desktop/21th_robit_intern_kimdohun/ROS2/Day1/hw2/build/hw2_package -- -j16 -l16
[2.860s] DEBUG:colcon.colcon_core.event_handler.log_command:Invoking command in '/home/kdh/Desktop/21th_robit_intern_kimdohun/ROS2/Day1/hw2/build/hw2_package': CMAKE_PREFIX_PATH=${CMAKE_PREFIX_PATH}:/opt/ros/jazzy DEBUGINFOD_URLS=https://debuginfod.ubuntu.com /usr/bin/cmake --install /home/kdh/Desktop/21th_robit_intern_kimdohun/ROS2/Day1/hw2/build/hw2_package
[2.922s] Level 1:colcon.colcon_core.environment:create_environment_scripts_only(hw2_package)
[2.926s] DEBUG:colcon.colcon_core.event_handler.log_command:Invoked command in '/home/kdh/Desktop/21th_robit_intern_kimdohun/ROS2/Day1/hw2/build/hw2_package' returned '0': CMAKE_PREFIX_PATH=${CMAKE_PREFIX_PATH}:/opt/ros/jazzy DEBUGINFOD_URLS=https://debuginfod.ubuntu.com /usr/bin/cmake --install /home/kdh/Desktop/21th_robit_intern_kimdohun/ROS2/Day1/hw2/build/hw2_package
[2.954s] Level 1:colcon.colcon_core.environment:checking '/home/kdh/Desktop/21th_robit_intern_kimdohun/ROS2/Day1/hw2/install/hw2_package' for CMake module files
[2.959s] Level 1:colcon.colcon_core.environment:checking '/home/kdh/Desktop/21th_robit_intern_kimdohun/ROS2/Day1/hw2/install/hw2_package' for CMake config files
[2.961s] Level 1:colcon.colcon_core.shell:create_environment_hook('hw2_package', 'cmake_prefix_path')
[2.962s] INFO:colcon.colcon_core.shell:Creating environment hook '/home/kdh/Desktop/21th_robit_intern_kimdohun/ROS2/Day1/hw2/install/hw2_package/share/hw2_package/hook/cmake_prefix_path.ps1'
[2.966s] INFO:colcon.colcon_core.shell:Creating environment descriptor '/home/kdh/Desktop/21th_robit_intern_kimdohun/ROS2/Day1/hw2/install/hw2_package/share/hw2_package/hook/cmake_prefix_path.dsv'
[2.969s] INFO:colcon.colcon_core.shell:Creating environment hook '/home/kdh/Desktop/21th_robit_intern_kimdohun/ROS2/Day1/hw2/install/hw2_package/share/hw2_package/hook/cmake_prefix_path.sh'
[2.975s] Level 1:colcon.colcon_core.environment:checking '/home/kdh/Desktop/21th_robit_intern_kimdohun/ROS2/Day1/hw2/install/hw2_package/lib'
[2.977s] Level 1:colcon.colcon_core.environment:checking '/home/kdh/Desktop/21th_robit_intern_kimdohun/ROS2/Day1/hw2/install/hw2_package/bin'
[2.978s] Level 1:colcon.colcon_core.environment:checking '/home/kdh/Desktop/21th_robit_intern_kimdohun/ROS2/Day1/hw2/install/hw2_package/lib/pkgconfig/hw2_package.pc'
[2.981s] Level 1:colcon.colcon_core.environment:checking '/home/kdh/Desktop/21th_robit_intern_kimdohun/ROS2/Day1/hw2/install/hw2_package/lib/python3.12/site-packages'
[2.984s] Level 1:colcon.colcon_core.environment:checking '/home/kdh/Desktop/21th_robit_intern_kimdohun/ROS2/Day1/hw2/install/hw2_package/bin'
[2.986s] INFO:colcon.colcon_core.shell:Creating package script '/home/kdh/Desktop/21th_robit_intern_kimdohun/ROS2/Day1/hw2/install/hw2_package/share/hw2_package/package.ps1'
[2.994s] INFO:colcon.colcon_core.shell:Creating package descriptor '/home/kdh/Desktop/21th_robit_intern_kimdohun/ROS2/Day1/hw2/install/hw2_package/share/hw2_package/package.dsv'
[2.999s] INFO:colcon.colcon_core.shell:Creating package script '/home/kdh/Desktop/21th_robit_intern_kimdohun/ROS2/Day1/hw2/install/hw2_package/share/hw2_package/package.sh'
[3.004s] INFO:colcon.colcon_core.shell:Creating package script '/home/kdh/Desktop/21th_robit_intern_kimdohun/ROS2/Day1/hw2/install/hw2_package/share/hw2_package/package.bash'
[3.010s] INFO:colcon.colcon_core.shell:Creating package script '/home/kdh/Desktop/21th_robit_intern_kimdohun/ROS2/Day1/hw2/install/hw2_package/share/hw2_package/package.zsh'
[3.018s] Level 1:colcon.colcon_core.environment:create_file_with_runtime_dependencies(/home/kdh/Desktop/21th_robit_intern_kimdohun/ROS2/Day1/hw2/install/hw2_package/share/colcon-core/packages/hw2_package)
[3.023s] Level 1:colcon.colcon_core.environment:create_environment_scripts_only(hw2_package)
[3.024s] Level 1:colcon.colcon_core.environment:checking '/home/kdh/Desktop/21th_robit_intern_kimdohun/ROS2/Day1/hw2/install/hw2_package' for CMake module files
[3.026s] Level 1:colcon.colcon_core.environment:checking '/home/kdh/Desktop/21th_robit_intern_kimdohun/ROS2/Day1/hw2/install/hw2_package' for CMake config files
[3.027s] Level 1:colcon.colcon_core.shell:create_environment_hook('hw2_package', 'cmake_prefix_path')
[3.027s] INFO:colcon.colcon_core.shell:Creating environment hook '/home/kdh/Desktop/21th_robit_intern_kimdohun/ROS2/Day1/hw2/install/hw2_package/share/hw2_package/hook/cmake_prefix_path.ps1'
[3.030s] INFO:colcon.colcon_core.shell:Creating environment descriptor '/home/kdh/Desktop/21th_robit_intern_kimdohun/ROS2/Day1/hw2/install/hw2_package/share/hw2_package/hook/cmake_prefix_path.dsv'
[3.031s] INFO:colcon.colcon_core.shell:Creating environment hook '/home/kdh/Desktop/21th_robit_intern_kimdohun/ROS2/Day1/hw2/install/hw2_package/share/hw2_package/hook/cmake_prefix_path.sh'
[3.034s] Level 1:colcon.colcon_core.environment:checking '/home/kdh/Desktop/21th_robit_intern_kimdohun/ROS2/Day1/hw2/install/hw2_package/lib'
[3.035s] Level 1:colcon.colcon_core.environment:checking '/home/kdh/Desktop/21th_robit_intern_kimdohun/ROS2/Day1/hw2/install/hw2_package/bin'
[3.035s] Level 1:colcon.colcon_core.environment:checking '/home/kdh/Desktop/21th_robit_intern_kimdohun/ROS2/Day1/hw2/install/hw2_package/lib/pkgconfig/hw2_package.pc'
[3.036s] Level 1:colcon.colcon_core.environment:checking '/home/kdh/Desktop/21th_robit_intern_kimdohun/ROS2/Day1/hw2/install/hw2_package/lib/python3.12/site-packages'
[3.038s] Level 1:colcon.colcon_core.environment:checking '/home/kdh/Desktop/21th_robit_intern_kimdohun/ROS2/Day1/hw2/install/hw2_package/bin'
[3.039s] INFO:colcon.colcon_core.shell:Creating package script '/home/kdh/Desktop/21th_robit_intern_kimdohun/ROS2/Day1/hw2/install/hw2_package/share/hw2_package/package.ps1'
[3.042s] INFO:colcon.colcon_core.shell:Creating package descriptor '/home/kdh/Desktop/21th_robit_intern_kimdohun/ROS2/Day1/hw2/install/hw2_package/share/hw2_package/package.dsv'
[3.044s] INFO:colcon.colcon_core.shell:Creating package script '/home/kdh/Desktop/21th_robit_intern_kimdohun/ROS2/Day1/hw2/install/hw2_package/share/hw2_package/package.sh'
[3.046s] INFO:colcon.colcon_core.shell:Creating package script '/home/kdh/Desktop/21th_robit_intern_kimdohun/ROS2/Day1/hw2/install/hw2_package/share/hw2_package/package.bash'
[3.048s] INFO:colcon.colcon_core.shell:Creating package script '/home/kdh/Desktop/21th_robit_intern_kimdohun/ROS2/Day1/hw2/install/hw2_package/share/hw2_package/package.zsh'
[3.049s] Level 1:colcon.colcon_core.environment:create_file_with_runtime_dependencies(/home/kdh/Desktop/21th_robit_intern_kimdohun/ROS2/Day1/hw2/install/hw2_package/share/colcon-core/packages/hw2_package)
[5.822s] DEBUG:colcon.colcon_core.task.python.build:Available setuptools commands: clean, bdist_rpm, bdist, dist_info, extract_messages, editable_wheel, install_headers, compile_catalog, setopt, alias, symlink_data, sdist, install_scripts, upload_docs, update_catalog, build_scripts, build_clib, build_py, upload, register, init_catalog, test, install_data, build, check, bdist_dumb, install_lib, saveopts, install, egg_info, easy_install, install_egg_info, rotate, build_ext, develop, bdist_egg
[5.833s] DEBUG:colcon.colcon_core.event_handler.log_command:Invoking command in '/home/kdh/Desktop/21th_robit_intern_kimdohun/ROS2/Day1/hw2/python/hw2_py_package': DEBUGINFOD_URLS=https://debuginfod.ubuntu.com PYTHONPATH=/home/kdh/Desktop/21th_robit_intern_kimdohun/ROS2/Day1/hw2/build/hw2_py_package/prefix_override:/usr/lib/python3/dist-packages/colcon_core/task/python/colcon_distutils_commands:/home/kdh/Desktop/21th_robit_intern_kimdohun/ROS2/Day1/hw2/install/hw2_py_package/lib/python3.12/site-packages:${PYTHONPATH} /usr/bin/python3 -W ignore:setup.py install is deprecated -W ignore:easy_install command is deprecated setup.py egg_info --egg-base ../../build/hw2_py_package build --build-base /home/kdh/Desktop/21th_robit_intern_kimdohun/ROS2/Day1/hw2/build/hw2_py_package/build install --record /home/kdh/Desktop/21th_robit_intern_kimdohun/ROS2/Day1/hw2/build/hw2_py_package/install.log --install-scripts $base/lib/hw2_py_package --single-version-externally-managed install_data
[8.493s] Level 1:colcon.colcon_core.environment:checking '/home/kdh/Desktop/21th_robit_intern_kimdohun/ROS2/Day1/hw2/install/hw2_py_package' for CMake module files
[8.497s] DEBUG:colcon.colcon_core.event_handler.log_command:Invoked command in '/home/kdh/Desktop/21th_robit_intern_kimdohun/ROS2/Day1/hw2/python/hw2_py_package' returned '0': DEBUGINFOD_URLS=https://debuginfod.ubuntu.com PYTHONPATH=/home/kdh/Desktop/21th_robit_intern_kimdohun/ROS2/Day1/hw2/build/hw2_py_package/prefix_override:/usr/lib/python3/dist-packages/colcon_core/task/python/colcon_distutils_commands:/home/kdh/Desktop/21th_robit_intern_kimdohun/ROS2/Day1/hw2/install/hw2_py_package/lib/python3.12/site-packages:${PYTHONPATH} /usr/bin/python3 -W ignore:setup.py install is deprecated -W ignore:easy_install command is deprecated setup.py egg_info --egg-base ../../build/hw2_py_package build --build-base /home/kdh/Desktop/21th_robit_intern_kimdohun/ROS2/Day1/hw2/build/hw2_py_package/build install --record /home/kdh/Desktop/21th_robit_intern_kimdohun/ROS2/Day1/hw2/build/hw2_py_package/install.log --install-scripts $base/lib/hw2_py_package --single-version-externally-managed install_data
[8.500s] Level 1:colcon.colcon_core.environment:checking '/home/kdh/Desktop/21th_robit_intern_kimdohun/ROS2/Day1/hw2/install/hw2_py_package' for CMake config files
[8.504s] Level 1:colcon.colcon_core.environment:checking '/home/kdh/Desktop/21th_robit_intern_kimdohun/ROS2/Day1/hw2/install/hw2_py_package/lib'
[8.504s] Level 1:colcon.colcon_core.environment:checking '/home/kdh/Desktop/21th_robit_intern_kimdohun/ROS2/Day1/hw2/install/hw2_py_package/bin'
[8.505s] Level 1:colcon.colcon_core.environment:checking '/home/kdh/Desktop/21th_robit_intern_kimdohun/ROS2/Day1/hw2/install/hw2_py_package/lib/pkgconfig/hw2_py_package.pc'
[8.506s] Level 1:colcon.colcon_core.environment:checking '/home/kdh/Desktop/21th_robit_intern_kimdohun/ROS2/Day1/hw2/install/hw2_py_package/lib/python3.12/site-packages'
[8.507s] Level 1:colcon.colcon_core.shell:create_environment_hook('hw2_py_package', 'pythonpath')
[8.509s] INFO:colcon.colcon_core.shell:Creating environment hook '/home/kdh/Desktop/21th_robit_intern_kimdohun/ROS2/Day1/hw2/install/hw2_py_package/share/hw2_py_package/hook/pythonpath.ps1'
[8.512s] INFO:colcon.colcon_core.shell:Creating environment descriptor '/home/kdh/Desktop/21th_robit_intern_kimdohun/ROS2/Day1/hw2/install/hw2_py_package/share/hw2_py_package/hook/pythonpath.dsv'
[8.515s] INFO:colcon.colcon_core.shell:Creating environment hook '/home/kdh/Desktop/21th_robit_intern_kimdohun/ROS2/Day1/hw2/install/hw2_py_package/share/hw2_py_package/hook/pythonpath.sh'
[8.520s] Level 1:colcon.colcon_core.environment:checking '/home/kdh/Desktop/21th_robit_intern_kimdohun/ROS2/Day1/hw2/install/hw2_py_package/bin'
[8.521s] Level 1:colcon.colcon_core.environment:create_environment_scripts_only(hw2_py_package)
[8.523s] INFO:colcon.colcon_core.shell:Creating package script '/home/kdh/Desktop/21th_robit_intern_kimdohun/ROS2/Day1/hw2/install/hw2_py_package/share/hw2_py_package/package.ps1'
[8.527s] INFO:colcon.colcon_core.shell:Creating package descriptor '/home/kdh/Desktop/21th_robit_intern_kimdohun/ROS2/Day1/hw2/install/hw2_py_package/share/hw2_py_package/package.dsv'
[8.533s] INFO:colcon.colcon_core.shell:Creating package script '/home/kdh/Desktop/21th_robit_intern_kimdohun/ROS2/Day1/hw2/install/hw2_py_package/share/hw2_py_package/package.sh'
[8.536s] INFO:colcon.colcon_core.shell:Creating package script '/home/kdh/Desktop/21th_robit_intern_kimdohun/ROS2/Day1/hw2/install/hw2_py_package/share/hw2_py_package/package.bash'
[8.539s] INFO:colcon.colcon_core.shell:Creating package script '/home/kdh/Desktop/21th_robit_intern_kimdohun/ROS2/Day1/hw2/install/hw2_py_package/share/hw2_py_package/package.zsh'
[8.541s] Level 1:colcon.colcon_core.environment:create_file_with_runtime_dependencies(/home/kdh/Desktop/21th_robit_intern_kimdohun/ROS2/Day1/hw2/install/hw2_py_package/share/colcon-core/packages/hw2_py_package)
[8.543s] DEBUG:colcon.colcon_parallel_executor.executor.parallel:closing loop
[8.547s] DEBUG:colcon.colcon_parallel_executor.executor.parallel:loop closed
[8.547s] DEBUG:colcon.colcon_parallel_executor.executor.parallel:run_until_complete finished with '0'
[8.547s] DEBUG:colcon.colcon_core.event_reactor:joining thread
[8.581s] INFO:colcon.colcon_core.plugin_system:Skipping extension 'colcon_notification.desktop_notification.terminal_notifier': Not used on non-Darwin systems
[8.582s] INFO:colcon.colcon_core.plugin_system:Skipping extension 'colcon_notification.desktop_notification.win32': Not used on non-Windows systems
[8.582s] INFO:colcon.colcon_notification.desktop_notification:Sending desktop notification using 'notify2'
[8.662s] DEBUG:colcon.colcon_core.event_reactor:joined thread
[8.664s] INFO:colcon.colcon_core.shell:Creating prefix script '/home/kdh/Desktop/21th_robit_intern_kimdohun/ROS2/Day1/hw2/install/local_setup.ps1'
[8.670s] INFO:colcon.colcon_core.shell:Creating prefix util module '/home/kdh/Desktop/21th_robit_intern_kimdohun/ROS2/Day1/hw2/install/_local_setup_util_ps1.py'
[8.679s] INFO:colcon.colcon_core.shell:Creating prefix chain script '/home/kdh/Desktop/21th_robit_intern_kimdohun/ROS2/Day1/hw2/install/setup.ps1'
[8.686s] INFO:colcon.colcon_core.shell:Creating prefix script '/home/kdh/Desktop/21th_robit_intern_kimdohun/ROS2/Day1/hw2/install/local_setup.sh'
[8.691s] INFO:colcon.colcon_core.shell:Creating prefix util module '/home/kdh/Desktop/21th_robit_intern_kimdohun/ROS2/Day1/hw2/install/_local_setup_util_sh.py'
[8.695s] INFO:colcon.colcon_core.shell:Creating prefix chain script '/home/kdh/Desktop/21th_robit_intern_kimdohun/ROS2/Day1/hw2/install/setup.sh'
[8.702s] INFO:colcon.colcon_core.shell:Creating prefix script '/home/kdh/Desktop/21th_robit_intern_kimdohun/ROS2/Day1/hw2/install/local_setup.bash'
[8.705s] INFO:colcon.colcon_core.shell:Creating prefix chain script '/home/kdh/Desktop/21th_robit_intern_kimdohun/ROS2/Day1/hw2/install/setup.bash'
[8.712s] INFO:colcon.colcon_core.shell:Creating prefix script '/home/kdh/Desktop/21th_robit_intern_kimdohun/ROS2/Day1/hw2/install/local_setup.zsh'
[8.715s] INFO:colcon.colcon_core.shell:Creating prefix chain script '/home/kdh/Desktop/21th_robit_intern_kimdohun/ROS2/Day1/hw2/install/setup.zsh'
