[ 50%] Built target subscriber
[100%] Built target publisher
-- Install configuration: ""
-- Up-to-date: /home/kdh/Desktop/21th_robit_intern_kimdohun/ROS2/Day1/hw2/install/hw2_package/lib/hw2_package/publisher
-- Up-to-date: /home/kdh/Desktop/21th_robit_intern_kimdohun/ROS2/Day1/hw2/install/hw2_package/lib/hw2_package/subscriber
-- Up-to-date: /home/kdh/Desktop/21th_robit_intern_kimdohun/ROS2/Day1/hw2/install/hw2_package/share/ament_index/resource_index/package_run_dependencies/hw2_package
-- Up-to-date: /home/kdh/Desktop/21th_robit_intern_kimdohun/ROS2/Day1/hw2/install/hw2_package/share/ament_index/resource_index/parent_prefix_path/hw2_package
-- Up-to-date: /home/kdh/Desktop/21th_robit_intern_kimdohun/ROS2/Day1/hw2/install/hw2_package/share/hw2_package/environment/ament_prefix_path.sh
-- Up-to-date: /home/kdh/Desktop/21th_robit_intern_kimdohun/ROS2/Day1/hw2/install/hw2_package/share/hw2_package/environment/ament_prefix_path.dsv
-- Up-to-date: /home/kdh/Desktop/21th_robit_intern_kimdohun/ROS2/Day1/hw2/install/hw2_package/share/hw2_package/environment/path.sh
-- Up-to-date: /home/kdh/Desktop/21th_robit_intern_kimdohun/ROS2/Day1/hw2/install/hw2_package/share/hw2_package/environment/path.dsv
-- Up-to-date: /home/kdh/Desktop/21th_robit_intern_kimdohun/ROS2/Day1/hw2/install/hw2_package/share/hw2_package/local_setup.bash
-- Up-to-date: /home/kdh/Desktop/21th_robit_intern_kimdohun/ROS2/Day1/hw2/install/hw2_package/share/hw2_package/local_setup.sh
-- Up-to-date: /home/kdh/Desktop/21th_robit_intern_kimdohun/ROS2/Day1/hw2/install/hw2_package/share/hw2_package/local_setup.zsh
-- Up-to-date: /home/kdh/Desktop/21th_robit_intern_kimdohun/ROS2/Day1/hw2/install/hw2_package/share/hw2_package/local_setup.dsv
-- Installing: /home/kdh/Desktop/21th_robit_intern_kimdohun/ROS2/Day1/hw2/install/hw2_package/share/hw2_package/package.dsv
-- Up-to-date: /home/kdh/Desktop/21th_robit_intern_kimdohun/ROS2/Day1/hw2/install/hw2_package/share/ament_index/resource_index/packages/hw2_package
-- Up-to-date: /home/kdh/Desktop/21th_robit_intern_kimdohun/ROS2/Day1/hw2/install/hw2_package/share/hw2_package/cmake/hw2_packageConfig.cmake
-- Up-to-date: /home/kdh/Desktop/21th_robit_intern_kimdohun/ROS2/Day1/hw2/install/hw2_package/share/hw2_package/cmake/hw2_packageConfig-version.cmake
-- Up-to-date: /home/kdh/Desktop/21th_robit_intern_kimdohun/ROS2/Day1/hw2/install/hw2_package/share/hw2_package/package.xml
