[0.569s] DEBUG:colcon:Command line arguments: ['/usr/bin/colcon', 'build']
[0.569s] DEBUG:colcon:Parsed command line arguments: Namespace(log_base=None, log_level=None, verb_name='build', build_base='build', install_base='install', merge_install=False, symlink_install=False, test_result_base=None, continue_on_error=False, executor='parallel', parallel_workers=16, event_handlers=None, ignore_user_meta=False, metas=['./colcon.meta'], base_paths=['.'], packages_ignore=None, packages_ignore_regex=None, paths=None, packages_up_to=None, packages_up_to_regex=None, packages_above=None, packages_above_and_dependencies=None, packages_above_depth=None, packages_select_by_dep=None, packages_skip_by_dep=None, packages_skip_up_to=None, packages_select_build_failed=False, packages_skip_build_finished=False, packages_select_test_failures=False, packages_skip_test_passed=False, packages_select=None, packages_skip=None, packages_select_regex=None, packages_skip_regex=None, packages_start=None, packages_end=None, allow_overriding=[], cmake_args=None, cmake_target=None, cmake_target_skip_unavailable=False, cmake_clean_cache=False, cmake_clean_first=False, cmake_force_configure=False, ament_cmake_args=None, catkin_cmake_args=None, catkin_skip_building_tests=False, mixin_files=None, mixin=None, verb_parser=<colcon_mixin.mixin.mixin_argument.MixinArgumentDecorator object at 0x71b57e688410>, verb_extension=<colcon_core.verb.build.BuildVerb object at 0x71b57e688140>, main=<bound method BuildVerb.main of <colcon_core.verb.build.BuildVerb object at 0x71b57e688140>>, mixin_verb=('build',))
[0.731s] Level 1:colcon.colcon_core.package_discovery:discover_packages(colcon_meta) check parameters
[0.731s] Level 1:colcon.colcon_core.package_discovery:discover_packages(recursive) check parameters
[0.731s] Level 1:colcon.colcon_core.package_discovery:discover_packages(ignore) check parameters
[0.731s] Level 1:colcon.colcon_core.package_discovery:discover_packages(path) check parameters
[0.731s] Level 1:colcon.colcon_core.package_discovery:discover_packages(colcon_meta) discover
[0.731s] Level 1:colcon.colcon_core.package_discovery:discover_packages(recursive) discover
[0.731s] INFO:colcon.colcon_core.package_discovery:Crawling recursively for packages in '/home/kdh/Desktop/21th_robit_intern_kimdohun/ROS2/Day1/hw2'
[0.731s] Level 1:colcon.colcon_core.package_identification:_identify(.) by extensions ['ignore', 'ignore_ament_install']
[0.732s] Level 1:colcon.colcon_core.package_identification:_identify(.) by extension 'ignore'
[0.732s] Level 1:colcon.colcon_core.package_identification:_identify(.) by extension 'ignore_ament_install'
[0.732s] Level 1:colcon.colcon_core.package_identification:_identify(.) by extensions ['colcon_pkg']
[0.732s] Level 1:colcon.colcon_core.package_identification:_identify(.) by extension 'colcon_pkg'
[0.732s] Level 1:colcon.colcon_core.package_identification:_identify(.) by extensions ['colcon_meta']
[0.732s] Level 1:colcon.colcon_core.package_identification:_identify(.) by extension 'colcon_meta'
[0.732s] Level 1:colcon.colcon_core.package_identification:_identify(.) by extensions ['ros']
[0.732s] Level 1:colcon.colcon_core.package_identification:_identify(.) by extension 'ros'
[0.765s] Level 1:colcon.colcon_core.package_identification:_identify(.) by extensions ['cmake', 'python']
[0.765s] Level 1:colcon.colcon_core.package_identification:_identify(.) by extension 'cmake'
[0.766s] Level 1:colcon.colcon_core.package_identification:_identify(.) by extension 'python'
[0.766s] Level 1:colcon.colcon_core.package_identification:_identify(.) by extensions ['python_setup_py']
[0.766s] Level 1:colcon.colcon_core.package_identification:_identify(.) by extension 'python_setup_py'
[0.766s] Level 1:colcon.colcon_core.package_identification:_identify(build) by extensions ['ignore', 'ignore_ament_install']
[0.766s] Level 1:colcon.colcon_core.package_identification:_identify(build) by extension 'ignore'
[0.766s] Level 1:colcon.colcon_core.package_identification:_identify(build) ignored
[0.766s] Level 1:colcon.colcon_core.package_identification:_identify(cpp) by extensions ['ignore', 'ignore_ament_install']
[0.766s] Level 1:colcon.colcon_core.package_identification:_identify(cpp) by extension 'ignore'
[0.766s] Level 1:colcon.colcon_core.package_identification:_identify(cpp) by extension 'ignore_ament_install'
[0.766s] Level 1:colcon.colcon_core.package_identification:_identify(cpp) by extensions ['colcon_pkg']
[0.766s] Level 1:colcon.colcon_core.package_identification:_identify(cpp) by extension 'colcon_pkg'
[0.767s] Level 1:colcon.colcon_core.package_identification:_identify(cpp) by extensions ['colcon_meta']
[0.767s] Level 1:colcon.colcon_core.package_identification:_identify(cpp) by extension 'colcon_meta'
[0.767s] Level 1:colcon.colcon_core.package_identification:_identify(cpp) by extensions ['ros']
[0.767s] Level 1:colcon.colcon_core.package_identification:_identify(cpp) by extension 'ros'
[0.767s] Level 1:colcon.colcon_core.package_identification:_identify(cpp) by extensions ['cmake', 'python']
[0.767s] Level 1:colcon.colcon_core.package_identification:_identify(cpp) by extension 'cmake'
[0.767s] Level 1:colcon.colcon_core.package_identification:_identify(cpp) by extension 'python'
[0.767s] Level 1:colcon.colcon_core.package_identification:_identify(cpp) by extensions ['python_setup_py']
[0.767s] Level 1:colcon.colcon_core.package_identification:_identify(cpp) by extension 'python_setup_py'
[0.767s] Level 1:colcon.colcon_core.package_identification:_identify(cpp/build) by extensions ['ignore', 'ignore_ament_install']
[0.767s] Level 1:colcon.colcon_core.package_identification:_identify(cpp/build) by extension 'ignore'
[0.767s] Level 1:colcon.colcon_core.package_identification:_identify(cpp/build) ignored
[0.767s] Level 1:colcon.colcon_core.package_identification:_identify(cpp/hw2_package) by extensions ['ignore', 'ignore_ament_install']
[0.767s] Level 1:colcon.colcon_core.package_identification:_identify(cpp/hw2_package) by extension 'ignore'
[0.767s] Level 1:colcon.colcon_core.package_identification:_identify(cpp/hw2_package) by extension 'ignore_ament_install'
[0.767s] Level 1:colcon.colcon_core.package_identification:_identify(cpp/hw2_package) by extensions ['colcon_pkg']
[0.767s] Level 1:colcon.colcon_core.package_identification:_identify(cpp/hw2_package) by extension 'colcon_pkg'
[0.768s] Level 1:colcon.colcon_core.package_identification:_identify(cpp/hw2_package) by extensions ['colcon_meta']
[0.768s] Level 1:colcon.colcon_core.package_identification:_identify(cpp/hw2_package) by extension 'colcon_meta'
[0.768s] Level 1:colcon.colcon_core.package_identification:_identify(cpp/hw2_package) by extensions ['ros']
[0.768s] Level 1:colcon.colcon_core.package_identification:_identify(cpp/hw2_package) by extension 'ros'
[0.771s] DEBUG:colcon.colcon_core.package_identification:Package 'cpp/hw2_package' with type 'ros.ament_cmake' and name 'hw2_package'
[0.771s] Level 1:colcon.colcon_core.package_identification:_identify(cpp/install) by extensions ['ignore', 'ignore_ament_install']
[0.771s] Level 1:colcon.colcon_core.package_identification:_identify(cpp/install) by extension 'ignore'
[0.771s] Level 1:colcon.colcon_core.package_identification:_identify(cpp/install) ignored
[0.771s] Level 1:colcon.colcon_core.package_identification:_identify(cpp/log) by extensions ['ignore', 'ignore_ament_install']
[0.772s] Level 1:colcon.colcon_core.package_identification:_identify(cpp/log) by extension 'ignore'
[0.772s] Level 1:colcon.colcon_core.package_identification:_identify(cpp/log) ignored
[0.772s] Level 1:colcon.colcon_core.package_identification:_identify(install) by extensions ['ignore', 'ignore_ament_install']
[0.772s] Level 1:colcon.colcon_core.package_identification:_identify(install) by extension 'ignore'
[0.772s] Level 1:colcon.colcon_core.package_identification:_identify(install) ignored
[0.772s] Level 1:colcon.colcon_core.package_identification:_identify(log) by extensions ['ignore', 'ignore_ament_install']
[0.772s] Level 1:colcon.colcon_core.package_identification:_identify(log) by extension 'ignore'
[0.772s] Level 1:colcon.colcon_core.package_identification:_identify(log) ignored
[0.772s] Level 1:colcon.colcon_core.package_identification:_identify(python) by extensions ['ignore', 'ignore_ament_install']
[0.772s] Level 1:colcon.colcon_core.package_identification:_identify(python) by extension 'ignore'
[0.772s] Level 1:colcon.colcon_core.package_identification:_identify(python) by extension 'ignore_ament_install'
[0.773s] Level 1:colcon.colcon_core.package_identification:_identify(python) by extensions ['colcon_pkg']
[0.773s] Level 1:colcon.colcon_core.package_identification:_identify(python) by extension 'colcon_pkg'
[0.773s] Level 1:colcon.colcon_core.package_identification:_identify(python) by extensions ['colcon_meta']
[0.773s] Level 1:colcon.colcon_core.package_identification:_identify(python) by extension 'colcon_meta'
[0.773s] Level 1:colcon.colcon_core.package_identification:_identify(python) by extensions ['ros']
[0.773s] Level 1:colcon.colcon_core.package_identification:_identify(python) by extension 'ros'
[0.773s] Level 1:colcon.colcon_core.package_identification:_identify(python) by extensions ['cmake', 'python']
[0.773s] Level 1:colcon.colcon_core.package_identification:_identify(python) by extension 'cmake'
[0.773s] Level 1:colcon.colcon_core.package_identification:_identify(python) by extension 'python'
[0.773s] Level 1:colcon.colcon_core.package_identification:_identify(python) by extensions ['python_setup_py']
[0.773s] Level 1:colcon.colcon_core.package_identification:_identify(python) by extension 'python_setup_py'
[0.773s] Level 1:colcon.colcon_core.package_identification:_identify(python/build) by extensions ['ignore', 'ignore_ament_install']
[0.773s] Level 1:colcon.colcon_core.package_identification:_identify(python/build) by extension 'ignore'
[0.773s] Level 1:colcon.colcon_core.package_identification:_identify(python/build) ignored
[0.773s] Level 1:colcon.colcon_core.package_identification:_identify(python/hw2_py_package) by extensions ['ignore', 'ignore_ament_install']
[0.773s] Level 1:colcon.colcon_core.package_identification:_identify(python/hw2_py_package) by extension 'ignore'
[0.773s] Level 1:colcon.colcon_core.package_identification:_identify(python/hw2_py_package) by extension 'ignore_ament_install'
[0.773s] Level 1:colcon.colcon_core.package_identification:_identify(python/hw2_py_package) by extensions ['colcon_pkg']
[0.773s] Level 1:colcon.colcon_core.package_identification:_identify(python/hw2_py_package) by extension 'colcon_pkg'
[0.774s] Level 1:colcon.colcon_core.package_identification:_identify(python/hw2_py_package) by extensions ['colcon_meta']
[0.774s] Level 1:colcon.colcon_core.package_identification:_identify(python/hw2_py_package) by extension 'colcon_meta'
[0.774s] Level 1:colcon.colcon_core.package_identification:_identify(python/hw2_py_package) by extensions ['ros']
[0.774s] Level 1:colcon.colcon_core.package_identification:_identify(python/hw2_py_package) by extension 'ros'
[0.774s] DEBUG:colcon.colcon_core.package_identification:Package 'python/hw2_py_package' with type 'ros.ament_python' and name 'hw2_py_package'
[0.774s] Level 1:colcon.colcon_core.package_identification:_identify(python/install) by extensions ['ignore', 'ignore_ament_install']
[0.775s] Level 1:colcon.colcon_core.package_identification:_identify(python/install) by extension 'ignore'
[0.775s] Level 1:colcon.colcon_core.package_identification:_identify(python/install) ignored
[0.775s] Level 1:colcon.colcon_core.package_identification:_identify(python/log) by extensions ['ignore', 'ignore_ament_install']
[0.775s] Level 1:colcon.colcon_core.package_identification:_identify(python/log) by extension 'ignore'
[0.775s] Level 1:colcon.colcon_core.package_identification:_identify(python/log) ignored
[0.775s] Level 1:colcon.colcon_core.package_discovery:discover_packages(recursive) using defaults
[0.775s] Level 1:colcon.colcon_core.package_discovery:discover_packages(ignore) discover
[0.775s] Level 1:colcon.colcon_core.package_discovery:discover_packages(ignore) using defaults
[0.775s] Level 1:colcon.colcon_core.package_discovery:discover_packages(path) discover
[0.775s] Level 1:colcon.colcon_core.package_discovery:discover_packages(path) using defaults
[0.800s] Level 1:colcon.colcon_core.package_discovery:discover_packages(prefix_path) check parameters
[0.800s] Level 1:colcon.colcon_core.package_discovery:discover_packages(prefix_path) discover
[0.804s] DEBUG:colcon.colcon_installed_package_information.package_discovery:Found 287 installed packages in /opt/ros/jazzy
[0.805s] Level 1:colcon.colcon_core.package_discovery:discover_packages(prefix_path) using defaults
[0.990s] Level 5:colcon.colcon_core.verb:set package 'hw2_package' build argument 'cmake_args' from command line to 'None'
[0.990s] Level 5:colcon.colcon_core.verb:set package 'hw2_package' build argument 'cmake_target' from command line to 'None'
[0.990s] Level 5:colcon.colcon_core.verb:set package 'hw2_package' build argument 'cmake_target_skip_unavailable' from command line to 'False'
[0.990s] Level 5:colcon.colcon_core.verb:set package 'hw2_package' build argument 'cmake_clean_cache' from command line to 'False'
[0.991s] Level 5:colcon.colcon_core.verb:set package 'hw2_package' build argument 'cmake_clean_first' from command line to 'False'
[0.991s] Level 5:colcon.colcon_core.verb:set package 'hw2_package' build argument 'cmake_force_configure' from command line to 'False'
[0.991s] Level 5:colcon.colcon_core.verb:set package 'hw2_package' build argument 'ament_cmake_args' from command line to 'None'
[0.991s] Level 5:colcon.colcon_core.verb:set package 'hw2_package' build argument 'catkin_cmake_args' from command line to 'None'
[0.991s] Level 5:colcon.colcon_core.verb:set package 'hw2_package' build argument 'catkin_skip_building_tests' from command line to 'False'
[0.991s] DEBUG:colcon.colcon_core.verb:Building package 'hw2_package' with the following arguments: {'ament_cmake_args': None, 'build_base': '/home/kdh/Desktop/21th_robit_intern_kimdohun/ROS2/Day1/hw2/build/hw2_package', 'catkin_cmake_args': None, 'catkin_skip_building_tests': False, 'cmake_args': None, 'cmake_clean_cache': False, 'cmake_clean_first': False, 'cmake_force_configure': False, 'cmake_target': None, 'cmake_target_skip_unavailable': False, 'install_base': '/home/kdh/Desktop/21th_robit_intern_kimdohun/ROS2/Day1/hw2/install/hw2_package', 'merge_install': False, 'path': '/home/kdh/Desktop/21th_robit_intern_kimdohun/ROS2/Day1/hw2/cpp/hw2_package', 'symlink_install': False, 'test_result_base': None}
[0.993s] Level 5:colcon.colcon_core.verb:set package 'hw2_py_package' build argument 'cmake_args' from command line to 'None'
[0.993s] Level 5:colcon.colcon_core.verb:set package 'hw2_py_package' build argument 'cmake_target' from command line to 'None'
[0.993s] Level 5:colcon.colcon_core.verb:set package 'hw2_py_package' build argument 'cmake_target_skip_unavailable' from command line to 'False'
[0.993s] Level 5:colcon.colcon_core.verb:set package 'hw2_py_package' build argument 'cmake_clean_cache' from command line to 'False'
[0.993s] Level 5:colcon.colcon_core.verb:set package 'hw2_py_package' build argument 'cmake_clean_first' from command line to 'False'
[0.993s] Level 5:colcon.colcon_core.verb:set package 'hw2_py_package' build argument 'cmake_force_configure' from command line to 'False'
[0.993s] Level 5:colcon.colcon_core.verb:set package 'hw2_py_package' build argument 'ament_cmake_args' from command line to 'None'
[0.993s] Level 5:colcon.colcon_core.verb:set package 'hw2_py_package' build argument 'catkin_cmake_args' from command line to 'None'
[0.993s] Level 5:colcon.colcon_core.verb:set package 'hw2_py_package' build argument 'catkin_skip_building_tests' from command line to 'False'
[0.994s] DEBUG:colcon.colcon_core.verb:Building package 'hw2_py_package' with the following arguments: {'ament_cmake_args': None, 'build_base': '/home/kdh/Desktop/21th_robit_intern_kimdohun/ROS2/Day1/hw2/build/hw2_py_package', 'catkin_cmake_args': None, 'catkin_skip_building_tests': False, 'cmake_args': None, 'cmake_clean_cache': False, 'cmake_clean_first': False, 'cmake_force_configure': False, 'cmake_target': None, 'cmake_target_skip_unavailable': False, 'install_base': '/home/kdh/Desktop/21th_robit_intern_kimdohun/ROS2/Day1/hw2/install/hw2_py_package', 'merge_install': False, 'path': '/home/kdh/Desktop/21th_robit_intern_kimdohun/ROS2/Day1/hw2/python/hw2_py_package', 'symlink_install': False, 'test_result_base': None}
[0.994s] INFO:colcon.colcon_core.executor:Executing jobs using 'parallel' executor
[0.998s] DEBUG:colcon.colcon_parallel_executor.executor.parallel:run_until_complete
[1.000s] INFO:colcon.colcon_ros.task.ament_cmake.build:Building ROS package in '/home/kdh/Desktop/21th_robit_intern_kimdohun/ROS2/Day1/hw2/cpp/hw2_package' with build type 'ament_cmake'
[1.000s] INFO:colcon.colcon_cmake.task.cmake.build:Building CMake package in '/home/kdh/Desktop/21th_robit_intern_kimdohun/ROS2/Day1/hw2/cpp/hw2_package'
[1.012s] INFO:colcon.colcon_core.plugin_system:Skipping extension 'colcon_core.shell.bat': Not used on non-Windows systems
[1.012s] INFO:colcon.colcon_core.shell:Skip shell extension 'powershell' for command environment: Not usable outside of PowerShell
[1.013s] DEBUG:colcon.colcon_core.shell:Skip shell extension 'dsv' for command environment
[1.027s] INFO:colcon.colcon_ros.task.ament_python.build:Building ROS package in '/home/kdh/Desktop/21th_robit_intern_kimdohun/ROS2/Day1/hw2/python/hw2_py_package' with build type 'ament_python'
[1.028s] Level 1:colcon.colcon_core.shell:create_environment_hook('hw2_py_package', 'ament_prefix_path')
[1.029s] INFO:colcon.colcon_core.shell:Creating environment hook '/home/kdh/Desktop/21th_robit_intern_kimdohun/ROS2/Day1/hw2/install/hw2_py_package/share/hw2_py_package/hook/ament_prefix_path.ps1'
[1.033s] INFO:colcon.colcon_core.shell:Creating environment descriptor '/home/kdh/Desktop/21th_robit_intern_kimdohun/ROS2/Day1/hw2/install/hw2_py_package/share/hw2_py_package/hook/ament_prefix_path.dsv'
[1.036s] INFO:colcon.colcon_core.shell:Creating environment hook '/home/kdh/Desktop/21th_robit_intern_kimdohun/ROS2/Day1/hw2/install/hw2_py_package/share/hw2_py_package/hook/ament_prefix_path.sh'
[1.039s] INFO:colcon.colcon_core.shell:Skip shell extension 'powershell' for command environment: Not usable outside of PowerShell
[1.039s] DEBUG:colcon.colcon_core.shell:Skip shell extension 'dsv' for command environment
[1.081s] DEBUG:colcon.colcon_core.event_handler.log_command:Invoking command in '/home/kdh/Desktop/21th_robit_intern_kimdohun/ROS2/Day1/hw2/build/hw2_package': CMAKE_PREFIX_PATH=${CMAKE_PREFIX_PATH}:/opt/ros/jazzy DEBUGINFOD_URLS=https://debuginfod.ubuntu.com /usr/bin/cmake --build /home/kdh/Desktop/21th_robit_intern_kimdohun/ROS2/Day1/hw2/build/hw2_package -- -j16 -l16
[2.206s] INFO:colcon.colcon_core.task.python.build:Building Python package in '/home/kdh/Desktop/21th_robit_intern_kimdohun/ROS2/Day1/hw2/python/hw2_py_package'
[2.208s] INFO:colcon.colcon_core.shell:Skip shell extension 'powershell' for command environment: Not usable outside of PowerShell
[2.208s] DEBUG:colcon.colcon_core.shell:Skip shell extension 'dsv' for command environment
[2.228s] DEBUG:colcon.colcon_core.event_handler.log_command:Invoked command in '/home/kdh/Desktop/21th_robit_intern_kimdohun/ROS2/Day1/hw2/build/hw2_package' returned '0': CMAKE_PREFIX_PATH=${CMAKE_PREFIX_PATH}:/opt/ros/jazzy DEBUGINFOD_URLS=https://debuginfod.ubuntu.com /usr/bin/cmake --build /home/kdh/Desktop/21th_robit_intern_kimdohun/ROS2/Day1/hw2/build/hw2_package -- -j16 -l16
[2.279s] DEBUG:colcon.colcon_core.event_handler.log_command:Invoking command in '/home/kdh/Desktop/21th_robit_intern_kimdohun/ROS2/Day1/hw2/build/hw2_package': CMAKE_PREFIX_PATH=${CMAKE_PREFIX_PATH}:/opt/ros/jazzy DEBUGINFOD_URLS=https://debuginfod.ubuntu.com /usr/bin/cmake --install /home/kdh/Desktop/21th_robit_intern_kimdohun/ROS2/Day1/hw2/build/hw2_package
[2.332s] Level 1:colcon.colcon_core.environment:create_environment_scripts_only(hw2_package)
[2.336s] DEBUG:colcon.colcon_core.event_handler.log_command:Invoked command in '/home/kdh/Desktop/21th_robit_intern_kimdohun/ROS2/Day1/hw2/build/hw2_package' returned '0': CMAKE_PREFIX_PATH=${CMAKE_PREFIX_PATH}:/opt/ros/jazzy DEBUGINFOD_URLS=https://debuginfod.ubuntu.com /usr/bin/cmake --install /home/kdh/Desktop/21th_robit_intern_kimdohun/ROS2/Day1/hw2/build/hw2_package
[2.346s] Level 1:colcon.colcon_core.environment:checking '/home/kdh/Desktop/21th_robit_intern_kimdohun/ROS2/Day1/hw2/install/hw2_package' for CMake module files
[2.349s] Level 1:colcon.colcon_core.environment:checking '/home/kdh/Desktop/21th_robit_intern_kimdohun/ROS2/Day1/hw2/install/hw2_package' for CMake config files
[2.350s] Level 1:colcon.colcon_core.shell:create_environment_hook('hw2_package', 'cmake_prefix_path')
[2.351s] INFO:colcon.colcon_core.shell:Creating environment hook '/home/kdh/Desktop/21th_robit_intern_kimdohun/ROS2/Day1/hw2/install/hw2_package/share/hw2_package/hook/cmake_prefix_path.ps1'
[2.354s] INFO:colcon.colcon_core.shell:Creating environment descriptor '/home/kdh/Desktop/21th_robit_intern_kimdohun/ROS2/Day1/hw2/install/hw2_package/share/hw2_package/hook/cmake_prefix_path.dsv'
[2.355s] INFO:colcon.colcon_core.shell:Creating environment hook '/home/kdh/Desktop/21th_robit_intern_kimdohun/ROS2/Day1/hw2/install/hw2_package/share/hw2_package/hook/cmake_prefix_path.sh'
[2.359s] Level 1:colcon.colcon_core.environment:checking '/home/kdh/Desktop/21th_robit_intern_kimdohun/ROS2/Day1/hw2/install/hw2_package/lib'
[2.360s] Level 1:colcon.colcon_core.environment:checking '/home/kdh/Desktop/21th_robit_intern_kimdohun/ROS2/Day1/hw2/install/hw2_package/bin'
[2.361s] Level 1:colcon.colcon_core.environment:checking '/home/kdh/Desktop/21th_robit_intern_kimdohun/ROS2/Day1/hw2/install/hw2_package/lib/pkgconfig/hw2_package.pc'
[2.362s] Level 1:colcon.colcon_core.environment:checking '/home/kdh/Desktop/21th_robit_intern_kimdohun/ROS2/Day1/hw2/install/hw2_package/lib/python3.12/site-packages'
[2.364s] Level 1:colcon.colcon_core.environment:checking '/home/kdh/Desktop/21th_robit_intern_kimdohun/ROS2/Day1/hw2/install/hw2_package/bin'
[2.365s] INFO:colcon.colcon_core.shell:Creating package script '/home/kdh/Desktop/21th_robit_intern_kimdohun/ROS2/Day1/hw2/install/hw2_package/share/hw2_package/package.ps1'
[2.371s] INFO:colcon.colcon_core.shell:Creating package descriptor '/home/kdh/Desktop/21th_robit_intern_kimdohun/ROS2/Day1/hw2/install/hw2_package/share/hw2_package/package.dsv'
[2.373s] INFO:colcon.colcon_core.shell:Creating package script '/home/kdh/Desktop/21th_robit_intern_kimdohun/ROS2/Day1/hw2/install/hw2_package/share/hw2_package/package.sh'
[2.377s] INFO:colcon.colcon_core.shell:Creating package script '/home/kdh/Desktop/21th_robit_intern_kimdohun/ROS2/Day1/hw2/install/hw2_package/share/hw2_package/package.bash'
[2.380s] INFO:colcon.colcon_core.shell:Creating package script '/home/kdh/Desktop/21th_robit_intern_kimdohun/ROS2/Day1/hw2/install/hw2_package/share/hw2_package/package.zsh'
[2.384s] Level 1:colcon.colcon_core.environment:create_file_with_runtime_dependencies(/home/kdh/Desktop/21th_robit_intern_kimdohun/ROS2/Day1/hw2/install/hw2_package/share/colcon-core/packages/hw2_package)
[2.387s] Level 1:colcon.colcon_core.environment:create_environment_scripts_only(hw2_package)
[2.388s] Level 1:colcon.colcon_core.environment:checking '/home/kdh/Desktop/21th_robit_intern_kimdohun/ROS2/Day1/hw2/install/hw2_package' for CMake module files
[2.391s] Level 1:colcon.colcon_core.environment:checking '/home/kdh/Desktop/21th_robit_intern_kimdohun/ROS2/Day1/hw2/install/hw2_package' for CMake config files
[2.392s] Level 1:colcon.colcon_core.shell:create_environment_hook('hw2_package', 'cmake_prefix_path')
[2.392s] INFO:colcon.colcon_core.shell:Creating environment hook '/home/kdh/Desktop/21th_robit_intern_kimdohun/ROS2/Day1/hw2/install/hw2_package/share/hw2_package/hook/cmake_prefix_path.ps1'
[2.395s] INFO:colcon.colcon_core.shell:Creating environment descriptor '/home/kdh/Desktop/21th_robit_intern_kimdohun/ROS2/Day1/hw2/install/hw2_package/share/hw2_package/hook/cmake_prefix_path.dsv'
[2.397s] INFO:colcon.colcon_core.shell:Creating environment hook '/home/kdh/Desktop/21th_robit_intern_kimdohun/ROS2/Day1/hw2/install/hw2_package/share/hw2_package/hook/cmake_prefix_path.sh'
[2.400s] Level 1:colcon.colcon_core.environment:checking '/home/kdh/Desktop/21th_robit_intern_kimdohun/ROS2/Day1/hw2/install/hw2_package/lib'
[2.400s] Level 1:colcon.colcon_core.environment:checking '/home/kdh/Desktop/21th_robit_intern_kimdohun/ROS2/Day1/hw2/install/hw2_package/bin'
[2.401s] Level 1:colcon.colcon_core.environment:checking '/home/kdh/Desktop/21th_robit_intern_kimdohun/ROS2/Day1/hw2/install/hw2_package/lib/pkgconfig/hw2_package.pc'
[2.402s] Level 1:colcon.colcon_core.environment:checking '/home/kdh/Desktop/21th_robit_intern_kimdohun/ROS2/Day1/hw2/install/hw2_package/lib/python3.12/site-packages'
[2.404s] Level 1:colcon.colcon_core.environment:checking '/home/kdh/Desktop/21th_robit_intern_kimdohun/ROS2/Day1/hw2/install/hw2_package/bin'
[2.405s] INFO:colcon.colcon_core.shell:Creating package script '/home/kdh/Desktop/21th_robit_intern_kimdohun/ROS2/Day1/hw2/install/hw2_package/share/hw2_package/package.ps1'
[2.410s] INFO:colcon.colcon_core.shell:Creating package descriptor '/home/kdh/Desktop/21th_robit_intern_kimdohun/ROS2/Day1/hw2/install/hw2_package/share/hw2_package/package.dsv'
[2.413s] INFO:colcon.colcon_core.shell:Creating package script '/home/kdh/Desktop/21th_robit_intern_kimdohun/ROS2/Day1/hw2/install/hw2_package/share/hw2_package/package.sh'
[2.415s] INFO:colcon.colcon_core.shell:Creating package script '/home/kdh/Desktop/21th_robit_intern_kimdohun/ROS2/Day1/hw2/install/hw2_package/share/hw2_package/package.bash'
[2.417s] INFO:colcon.colcon_core.shell:Creating package script '/home/kdh/Desktop/21th_robit_intern_kimdohun/ROS2/Day1/hw2/install/hw2_package/share/hw2_package/package.zsh'
[2.419s] Level 1:colcon.colcon_core.environment:create_file_with_runtime_dependencies(/home/kdh/Desktop/21th_robit_intern_kimdohun/ROS2/Day1/hw2/install/hw2_package/share/colcon-core/packages/hw2_package)
[5.074s] DEBUG:colcon.colcon_core.task.python.build:Available setuptools commands: alias, build_ext, egg_info, install_lib, install_headers, saveopts, build_py, editable_wheel, bdist_rpm, build_clib, bdist_dumb, upload, install_data, develop, setopt, extract_messages, build, build_scripts, bdist, register, bdist_egg, install_scripts, dist_info, check, easy_install, install_egg_info, upload_docs, init_catalog, clean, symlink_data, test, sdist, compile_catalog, install, rotate, update_catalog
[5.086s] DEBUG:colcon.colcon_core.event_handler.log_command:Invoking command in '/home/kdh/Desktop/21th_robit_intern_kimdohun/ROS2/Day1/hw2/python/hw2_py_package': DEBUGINFOD_URLS=https://debuginfod.ubuntu.com PYTHONPATH=/home/kdh/Desktop/21th_robit_intern_kimdohun/ROS2/Day1/hw2/build/hw2_py_package/prefix_override:/usr/lib/python3/dist-packages/colcon_core/task/python/colcon_distutils_commands:/home/kdh/Desktop/21th_robit_intern_kimdohun/ROS2/Day1/hw2/install/hw2_py_package/lib/python3.12/site-packages:${PYTHONPATH} /usr/bin/python3 -W ignore:setup.py install is deprecated -W ignore:easy_install command is deprecated setup.py egg_info --egg-base ../../build/hw2_py_package build --build-base /home/kdh/Desktop/21th_robit_intern_kimdohun/ROS2/Day1/hw2/build/hw2_py_package/build install --record /home/kdh/Desktop/21th_robit_intern_kimdohun/ROS2/Day1/hw2/build/hw2_py_package/install.log --install-scripts $base/lib/hw2_py_package --single-version-externally-managed install_data
[7.756s] Level 1:colcon.colcon_core.environment:checking '/home/kdh/Desktop/21th_robit_intern_kimdohun/ROS2/Day1/hw2/install/hw2_py_package' for CMake module files
[7.760s] DEBUG:colcon.colcon_core.event_handler.log_command:Invoked command in '/home/kdh/Desktop/21th_robit_intern_kimdohun/ROS2/Day1/hw2/python/hw2_py_package' returned '0': DEBUGINFOD_URLS=https://debuginfod.ubuntu.com PYTHONPATH=/home/kdh/Desktop/21th_robit_intern_kimdohun/ROS2/Day1/hw2/build/hw2_py_package/prefix_override:/usr/lib/python3/dist-packages/colcon_core/task/python/colcon_distutils_commands:/home/kdh/Desktop/21th_robit_intern_kimdohun/ROS2/Day1/hw2/install/hw2_py_package/lib/python3.12/site-packages:${PYTHONPATH} /usr/bin/python3 -W ignore:setup.py install is deprecated -W ignore:easy_install command is deprecated setup.py egg_info --egg-base ../../build/hw2_py_package build --build-base /home/kdh/Desktop/21th_robit_intern_kimdohun/ROS2/Day1/hw2/build/hw2_py_package/build install --record /home/kdh/Desktop/21th_robit_intern_kimdohun/ROS2/Day1/hw2/build/hw2_py_package/install.log --install-scripts $base/lib/hw2_py_package --single-version-externally-managed install_data
[7.762s] Level 1:colcon.colcon_core.environment:checking '/home/kdh/Desktop/21th_robit_intern_kimdohun/ROS2/Day1/hw2/install/hw2_py_package' for CMake config files
[7.765s] Level 1:colcon.colcon_core.environment:checking '/home/kdh/Desktop/21th_robit_intern_kimdohun/ROS2/Day1/hw2/install/hw2_py_package/lib'
[7.766s] Level 1:colcon.colcon_core.environment:checking '/home/kdh/Desktop/21th_robit_intern_kimdohun/ROS2/Day1/hw2/install/hw2_py_package/bin'
[7.766s] Level 1:colcon.colcon_core.environment:checking '/home/kdh/Desktop/21th_robit_intern_kimdohun/ROS2/Day1/hw2/install/hw2_py_package/lib/pkgconfig/hw2_py_package.pc'
[7.768s] Level 1:colcon.colcon_core.environment:checking '/home/kdh/Desktop/21th_robit_intern_kimdohun/ROS2/Day1/hw2/install/hw2_py_package/lib/python3.12/site-packages'
[7.768s] Level 1:colcon.colcon_core.shell:create_environment_hook('hw2_py_package', 'pythonpath')
[7.769s] INFO:colcon.colcon_core.shell:Creating environment hook '/home/kdh/Desktop/21th_robit_intern_kimdohun/ROS2/Day1/hw2/install/hw2_py_package/share/hw2_py_package/hook/pythonpath.ps1'
[7.772s] INFO:colcon.colcon_core.shell:Creating environment descriptor '/home/kdh/Desktop/21th_robit_intern_kimdohun/ROS2/Day1/hw2/install/hw2_py_package/share/hw2_py_package/hook/pythonpath.dsv'
[7.774s] INFO:colcon.colcon_core.shell:Creating environment hook '/home/kdh/Desktop/21th_robit_intern_kimdohun/ROS2/Day1/hw2/install/hw2_py_package/share/hw2_py_package/hook/pythonpath.sh'
[7.778s] Level 1:colcon.colcon_core.environment:checking '/home/kdh/Desktop/21th_robit_intern_kimdohun/ROS2/Day1/hw2/install/hw2_py_package/bin'
[7.778s] Level 1:colcon.colcon_core.environment:create_environment_scripts_only(hw2_py_package)
[7.780s] INFO:colcon.colcon_core.shell:Creating package script '/home/kdh/Desktop/21th_robit_intern_kimdohun/ROS2/Day1/hw2/install/hw2_py_package/share/hw2_py_package/package.ps1'
[7.783s] INFO:colcon.colcon_core.shell:Creating package descriptor '/home/kdh/Desktop/21th_robit_intern_kimdohun/ROS2/Day1/hw2/install/hw2_py_package/share/hw2_py_package/package.dsv'
[7.786s] INFO:colcon.colcon_core.shell:Creating package script '/home/kdh/Desktop/21th_robit_intern_kimdohun/ROS2/Day1/hw2/install/hw2_py_package/share/hw2_py_package/package.sh'
[7.788s] INFO:colcon.colcon_core.shell:Creating package script '/home/kdh/Desktop/21th_robit_intern_kimdohun/ROS2/Day1/hw2/install/hw2_py_package/share/hw2_py_package/package.bash'
[7.789s] INFO:colcon.colcon_core.shell:Creating package script '/home/kdh/Desktop/21th_robit_intern_kimdohun/ROS2/Day1/hw2/install/hw2_py_package/share/hw2_py_package/package.zsh'
[7.791s] Level 1:colcon.colcon_core.environment:create_file_with_runtime_dependencies(/home/kdh/Desktop/21th_robit_intern_kimdohun/ROS2/Day1/hw2/install/hw2_py_package/share/colcon-core/packages/hw2_py_package)
[7.792s] DEBUG:colcon.colcon_parallel_executor.executor.parallel:closing loop
[7.793s] DEBUG:colcon.colcon_parallel_executor.executor.parallel:loop closed
[7.794s] DEBUG:colcon.colcon_parallel_executor.executor.parallel:run_until_complete finished with '0'
[7.794s] DEBUG:colcon.colcon_core.event_reactor:joining thread
[7.826s] INFO:colcon.colcon_core.plugin_system:Skipping extension 'colcon_notification.desktop_notification.terminal_notifier': Not used on non-Darwin systems
[7.826s] INFO:colcon.colcon_core.plugin_system:Skipping extension 'colcon_notification.desktop_notification.win32': Not used on non-Windows systems
[7.827s] INFO:colcon.colcon_notification.desktop_notification:Sending desktop notification using 'notify2'
[7.889s] DEBUG:colcon.colcon_core.event_reactor:joined thread
[7.890s] INFO:colcon.colcon_core.shell:Creating prefix script '/home/kdh/Desktop/21th_robit_intern_kimdohun/ROS2/Day1/hw2/install/local_setup.ps1'
[7.895s] INFO:colcon.colcon_core.shell:Creating prefix util module '/home/kdh/Desktop/21th_robit_intern_kimdohun/ROS2/Day1/hw2/install/_local_setup_util_ps1.py'
[7.900s] INFO:colcon.colcon_core.shell:Creating prefix chain script '/home/kdh/Desktop/21th_robit_intern_kimdohun/ROS2/Day1/hw2/install/setup.ps1'
[7.905s] INFO:colcon.colcon_core.shell:Creating prefix script '/home/kdh/Desktop/21th_robit_intern_kimdohun/ROS2/Day1/hw2/install/local_setup.sh'
[7.908s] INFO:colcon.colcon_core.shell:Creating prefix util module '/home/kdh/Desktop/21th_robit_intern_kimdohun/ROS2/Day1/hw2/install/_local_setup_util_sh.py'
[7.911s] INFO:colcon.colcon_core.shell:Creating prefix chain script '/home/kdh/Desktop/21th_robit_intern_kimdohun/ROS2/Day1/hw2/install/setup.sh'
[7.915s] INFO:colcon.colcon_core.shell:Creating prefix script '/home/kdh/Desktop/21th_robit_intern_kimdohun/ROS2/Day1/hw2/install/local_setup.bash'
[7.917s] INFO:colcon.colcon_core.shell:Creating prefix chain script '/home/kdh/Desktop/21th_robit_intern_kimdohun/ROS2/Day1/hw2/install/setup.bash'
[7.922s] INFO:colcon.colcon_core.shell:Creating prefix script '/home/kdh/Desktop/21th_robit_intern_kimdohun/ROS2/Day1/hw2/install/local_setup.zsh'
[7.925s] INFO:colcon.colcon_core.shell:Creating prefix chain script '/home/kdh/Desktop/21th_robit_intern_kimdohun/ROS2/Day1/hw2/install/setup.zsh'
