[0.112s] DEBUG:colcon:Command line arguments: ['/usr/bin/colcon', 'build']
[0.112s] DEBUG:colcon:Parsed command line arguments: Namespace(log_base=None, log_level=None, verb_name='build', build_base='build', install_base='install', merge_install=False, symlink_install=False, test_result_base=None, continue_on_error=False, executor='parallel', parallel_workers=16, event_handlers=None, ignore_user_meta=False, metas=['./colcon.meta'], base_paths=['.'], packages_ignore=None, packages_ignore_regex=None, paths=None, packages_up_to=None, packages_up_to_regex=None, packages_above=None, packages_above_and_dependencies=None, packages_above_depth=None, packages_select_by_dep=None, packages_skip_by_dep=None, packages_skip_up_to=None, packages_select_build_failed=False, packages_skip_build_finished=False, packages_select_test_failures=False, packages_skip_test_passed=False, packages_select=None, packages_skip=None, packages_select_regex=None, packages_skip_regex=None, packages_start=None, packages_end=None, allow_overriding=[], cmake_args=None, cmake_target=None, cmake_target_skip_unavailable=False, cmake_clean_cache=False, cmake_clean_first=False, cmake_force_configure=False, ament_cmake_args=None, catkin_cmake_args=None, catkin_skip_building_tests=False, mixin_files=None, mixin=None, verb_parser=<colcon_mixin.mixin.mixin_argument.MixinArgumentDecorator object at 0x78fb3278c470>, verb_extension=<colcon_core.verb.build.BuildVerb object at 0x78fb3278c200>, main=<bound method BuildVerb.main of <colcon_core.verb.build.BuildVerb object at 0x78fb3278c200>>, mixin_verb=('build',))
[0.151s] Level 1:colcon.colcon_core.package_discovery:discover_packages(colcon_meta) check parameters
[0.151s] Level 1:colcon.colcon_core.package_discovery:discover_packages(recursive) check parameters
[0.151s] Level 1:colcon.colcon_core.package_discovery:discover_packages(ignore) check parameters
[0.151s] Level 1:colcon.colcon_core.package_discovery:discover_packages(path) check parameters
[0.151s] Level 1:colcon.colcon_core.package_discovery:discover_packages(colcon_meta) discover
[0.151s] Level 1:colcon.colcon_core.package_discovery:discover_packages(recursive) discover
[0.151s] INFO:colcon.colcon_core.package_discovery:Crawling recursively for packages in '/home/kdh/Desktop/21th_robit_intern_kimdohun/ROS2/Day1/hw2'
[0.152s] Level 1:colcon.colcon_core.package_identification:_identify(.) by extensions ['ignore', 'ignore_ament_install']
[0.152s] Level 1:colcon.colcon_core.package_identification:_identify(.) by extension 'ignore'
[0.152s] Level 1:colcon.colcon_core.package_identification:_identify(.) by extension 'ignore_ament_install'
[0.152s] Level 1:colcon.colcon_core.package_identification:_identify(.) by extensions ['colcon_pkg']
[0.152s] Level 1:colcon.colcon_core.package_identification:_identify(.) by extension 'colcon_pkg'
[0.152s] Level 1:colcon.colcon_core.package_identification:_identify(.) by extensions ['colcon_meta']
[0.152s] Level 1:colcon.colcon_core.package_identification:_identify(.) by extension 'colcon_meta'
[0.152s] Level 1:colcon.colcon_core.package_identification:_identify(.) by extensions ['ros']
[0.152s] Level 1:colcon.colcon_core.package_identification:_identify(.) by extension 'ros'
[0.178s] Level 1:colcon.colcon_core.package_identification:_identify(.) by extensions ['cmake', 'python']
[0.178s] Level 1:colcon.colcon_core.package_identification:_identify(.) by extension 'cmake'
[0.178s] Level 1:colcon.colcon_core.package_identification:_identify(.) by extension 'python'
[0.178s] Level 1:colcon.colcon_core.package_identification:_identify(.) by extensions ['python_setup_py']
[0.178s] Level 1:colcon.colcon_core.package_identification:_identify(.) by extension 'python_setup_py'
[0.178s] Level 1:colcon.colcon_core.package_identification:_identify(build) by extensions ['ignore', 'ignore_ament_install']
[0.178s] Level 1:colcon.colcon_core.package_identification:_identify(build) by extension 'ignore'
[0.178s] Level 1:colcon.colcon_core.package_identification:_identify(build) ignored
[0.178s] Level 1:colcon.colcon_core.package_identification:_identify(cpp) by extensions ['ignore', 'ignore_ament_install']
[0.178s] Level 1:colcon.colcon_core.package_identification:_identify(cpp) by extension 'ignore'
[0.178s] Level 1:colcon.colcon_core.package_identification:_identify(cpp) by extension 'ignore_ament_install'
[0.178s] Level 1:colcon.colcon_core.package_identification:_identify(cpp) by extensions ['colcon_pkg']
[0.178s] Level 1:colcon.colcon_core.package_identification:_identify(cpp) by extension 'colcon_pkg'
[0.178s] Level 1:colcon.colcon_core.package_identification:_identify(cpp) by extensions ['colcon_meta']
[0.178s] Level 1:colcon.colcon_core.package_identification:_identify(cpp) by extension 'colcon_meta'
[0.178s] Level 1:colcon.colcon_core.package_identification:_identify(cpp) by extensions ['ros']
[0.178s] Level 1:colcon.colcon_core.package_identification:_identify(cpp) by extension 'ros'
[0.178s] Level 1:colcon.colcon_core.package_identification:_identify(cpp) by extensions ['cmake', 'python']
[0.178s] Level 1:colcon.colcon_core.package_identification:_identify(cpp) by extension 'cmake'
[0.178s] Level 1:colcon.colcon_core.package_identification:_identify(cpp) by extension 'python'
[0.179s] Level 1:colcon.colcon_core.package_identification:_identify(cpp) by extensions ['python_setup_py']
[0.179s] Level 1:colcon.colcon_core.package_identification:_identify(cpp) by extension 'python_setup_py'
[0.179s] Level 1:colcon.colcon_core.package_identification:_identify(cpp/build) by extensions ['ignore', 'ignore_ament_install']
[0.179s] Level 1:colcon.colcon_core.package_identification:_identify(cpp/build) by extension 'ignore'
[0.179s] Level 1:colcon.colcon_core.package_identification:_identify(cpp/build) ignored
[0.179s] Level 1:colcon.colcon_core.package_identification:_identify(cpp/hw2_package) by extensions ['ignore', 'ignore_ament_install']
[0.179s] Level 1:colcon.colcon_core.package_identification:_identify(cpp/hw2_package) by extension 'ignore'
[0.179s] Level 1:colcon.colcon_core.package_identification:_identify(cpp/hw2_package) by extension 'ignore_ament_install'
[0.179s] Level 1:colcon.colcon_core.package_identification:_identify(cpp/hw2_package) by extensions ['colcon_pkg']
[0.179s] Level 1:colcon.colcon_core.package_identification:_identify(cpp/hw2_package) by extension 'colcon_pkg'
[0.179s] Level 1:colcon.colcon_core.package_identification:_identify(cpp/hw2_package) by extensions ['colcon_meta']
[0.179s] Level 1:colcon.colcon_core.package_identification:_identify(cpp/hw2_package) by extension 'colcon_meta'
[0.179s] Level 1:colcon.colcon_core.package_identification:_identify(cpp/hw2_package) by extensions ['ros']
[0.179s] Level 1:colcon.colcon_core.package_identification:_identify(cpp/hw2_package) by extension 'ros'
[0.181s] DEBUG:colcon.colcon_core.package_identification:Package 'cpp/hw2_package' with type 'ros.ament_cmake' and name 'hw2_package'
[0.181s] Level 1:colcon.colcon_core.package_identification:_identify(cpp/install) by extensions ['ignore', 'ignore_ament_install']
[0.181s] Level 1:colcon.colcon_core.package_identification:_identify(cpp/install) by extension 'ignore'
[0.181s] Level 1:colcon.colcon_core.package_identification:_identify(cpp/install) ignored
[0.181s] Level 1:colcon.colcon_core.package_identification:_identify(cpp/log) by extensions ['ignore', 'ignore_ament_install']
[0.182s] Level 1:colcon.colcon_core.package_identification:_identify(cpp/log) by extension 'ignore'
[0.182s] Level 1:colcon.colcon_core.package_identification:_identify(cpp/log) ignored
[0.182s] Level 1:colcon.colcon_core.package_identification:_identify(install) by extensions ['ignore', 'ignore_ament_install']
[0.182s] Level 1:colcon.colcon_core.package_identification:_identify(install) by extension 'ignore'
[0.182s] Level 1:colcon.colcon_core.package_identification:_identify(install) ignored
[0.182s] Level 1:colcon.colcon_core.package_identification:_identify(log) by extensions ['ignore', 'ignore_ament_install']
[0.182s] Level 1:colcon.colcon_core.package_identification:_identify(log) by extension 'ignore'
[0.182s] Level 1:colcon.colcon_core.package_identification:_identify(log) ignored
[0.182s] Level 1:colcon.colcon_core.package_identification:_identify(python) by extensions ['ignore', 'ignore_ament_install']
[0.182s] Level 1:colcon.colcon_core.package_identification:_identify(python) by extension 'ignore'
[0.182s] Level 1:colcon.colcon_core.package_identification:_identify(python) by extension 'ignore_ament_install'
[0.182s] Level 1:colcon.colcon_core.package_identification:_identify(python) by extensions ['colcon_pkg']
[0.182s] Level 1:colcon.colcon_core.package_identification:_identify(python) by extension 'colcon_pkg'
[0.182s] Level 1:colcon.colcon_core.package_identification:_identify(python) by extensions ['colcon_meta']
[0.182s] Level 1:colcon.colcon_core.package_identification:_identify(python) by extension 'colcon_meta'
[0.182s] Level 1:colcon.colcon_core.package_identification:_identify(python) by extensions ['ros']
[0.182s] Level 1:colcon.colcon_core.package_identification:_identify(python) by extension 'ros'
[0.182s] Level 1:colcon.colcon_core.package_identification:_identify(python) by extensions ['cmake', 'python']
[0.182s] Level 1:colcon.colcon_core.package_identification:_identify(python) by extension 'cmake'
[0.182s] Level 1:colcon.colcon_core.package_identification:_identify(python) by extension 'python'
[0.182s] Level 1:colcon.colcon_core.package_identification:_identify(python) by extensions ['python_setup_py']
[0.182s] Level 1:colcon.colcon_core.package_identification:_identify(python) by extension 'python_setup_py'
[0.182s] Level 1:colcon.colcon_core.package_identification:_identify(python/build) by extensions ['ignore', 'ignore_ament_install']
[0.183s] Level 1:colcon.colcon_core.package_identification:_identify(python/build) by extension 'ignore'
[0.183s] Level 1:colcon.colcon_core.package_identification:_identify(python/build) ignored
[0.183s] Level 1:colcon.colcon_core.package_identification:_identify(python/hw2_py_package) by extensions ['ignore', 'ignore_ament_install']
[0.183s] Level 1:colcon.colcon_core.package_identification:_identify(python/hw2_py_package) by extension 'ignore'
[0.183s] Level 1:colcon.colcon_core.package_identification:_identify(python/hw2_py_package) by extension 'ignore_ament_install'
[0.183s] Level 1:colcon.colcon_core.package_identification:_identify(python/hw2_py_package) by extensions ['colcon_pkg']
[0.183s] Level 1:colcon.colcon_core.package_identification:_identify(python/hw2_py_package) by extension 'colcon_pkg'
[0.183s] Level 1:colcon.colcon_core.package_identification:_identify(python/hw2_py_package) by extensions ['colcon_meta']
[0.183s] Level 1:colcon.colcon_core.package_identification:_identify(python/hw2_py_package) by extension 'colcon_meta'
[0.183s] Level 1:colcon.colcon_core.package_identification:_identify(python/hw2_py_package) by extensions ['ros']
[0.183s] Level 1:colcon.colcon_core.package_identification:_identify(python/hw2_py_package) by extension 'ros'
[0.183s] DEBUG:colcon.colcon_core.package_identification:Package 'python/hw2_py_package' with type 'ros.ament_python' and name 'hw2_py_package'
[0.183s] Level 1:colcon.colcon_core.package_identification:_identify(python/install) by extensions ['ignore', 'ignore_ament_install']
[0.183s] Level 1:colcon.colcon_core.package_identification:_identify(python/install) by extension 'ignore'
[0.183s] Level 1:colcon.colcon_core.package_identification:_identify(python/install) ignored
[0.184s] Level 1:colcon.colcon_core.package_identification:_identify(python/log) by extensions ['ignore', 'ignore_ament_install']
[0.184s] Level 1:colcon.colcon_core.package_identification:_identify(python/log) by extension 'ignore'
[0.184s] Level 1:colcon.colcon_core.package_identification:_identify(python/log) ignored
[0.184s] Level 1:colcon.colcon_core.package_discovery:discover_packages(recursive) using defaults
[0.184s] Level 1:colcon.colcon_core.package_discovery:discover_packages(ignore) discover
[0.184s] Level 1:colcon.colcon_core.package_discovery:discover_packages(ignore) using defaults
[0.184s] Level 1:colcon.colcon_core.package_discovery:discover_packages(path) discover
[0.184s] Level 1:colcon.colcon_core.package_discovery:discover_packages(path) using defaults
[0.199s] Level 1:colcon.colcon_core.package_discovery:discover_packages(prefix_path) check parameters
[0.200s] Level 1:colcon.colcon_core.package_discovery:discover_packages(prefix_path) discover
[0.201s] DEBUG:colcon.colcon_installed_package_information.package_discovery:Found 287 installed packages in /opt/ros/jazzy
[0.202s] Level 1:colcon.colcon_core.package_discovery:discover_packages(prefix_path) using defaults
[0.232s] Level 5:colcon.colcon_core.verb:set package 'hw2_package' build argument 'cmake_args' from command line to 'None'
[0.232s] Level 5:colcon.colcon_core.verb:set package 'hw2_package' build argument 'cmake_target' from command line to 'None'
[0.232s] Level 5:colcon.colcon_core.verb:set package 'hw2_package' build argument 'cmake_target_skip_unavailable' from command line to 'False'
[0.232s] Level 5:colcon.colcon_core.verb:set package 'hw2_package' build argument 'cmake_clean_cache' from command line to 'False'
[0.232s] Level 5:colcon.colcon_core.verb:set package 'hw2_package' build argument 'cmake_clean_first' from command line to 'False'
[0.232s] Level 5:colcon.colcon_core.verb:set package 'hw2_package' build argument 'cmake_force_configure' from command line to 'False'
[0.232s] Level 5:colcon.colcon_core.verb:set package 'hw2_package' build argument 'ament_cmake_args' from command line to 'None'
[0.232s] Level 5:colcon.colcon_core.verb:set package 'hw2_package' build argument 'catkin_cmake_args' from command line to 'None'
[0.232s] Level 5:colcon.colcon_core.verb:set package 'hw2_package' build argument 'catkin_skip_building_tests' from command line to 'False'
[0.232s] DEBUG:colcon.colcon_core.verb:Building package 'hw2_package' with the following arguments: {'ament_cmake_args': None, 'build_base': '/home/kdh/Desktop/21th_robit_intern_kimdohun/ROS2/Day1/hw2/build/hw2_package', 'catkin_cmake_args': None, 'catkin_skip_building_tests': False, 'cmake_args': None, 'cmake_clean_cache': False, 'cmake_clean_first': False, 'cmake_force_configure': False, 'cmake_target': None, 'cmake_target_skip_unavailable': False, 'install_base': '/home/kdh/Desktop/21th_robit_intern_kimdohun/ROS2/Day1/hw2/install/hw2_package', 'merge_install': False, 'path': '/home/kdh/Desktop/21th_robit_intern_kimdohun/ROS2/Day1/hw2/cpp/hw2_package', 'symlink_install': False, 'test_result_base': None}
[0.232s] Level 5:colcon.colcon_core.verb:set package 'hw2_py_package' build argument 'cmake_args' from command line to 'None'
[0.232s] Level 5:colcon.colcon_core.verb:set package 'hw2_py_package' build argument 'cmake_target' from command line to 'None'
[0.232s] Level 5:colcon.colcon_core.verb:set package 'hw2_py_package' build argument 'cmake_target_skip_unavailable' from command line to 'False'
[0.232s] Level 5:colcon.colcon_core.verb:set package 'hw2_py_package' build argument 'cmake_clean_cache' from command line to 'False'
[0.232s] Level 5:colcon.colcon_core.verb:set package 'hw2_py_package' build argument 'cmake_clean_first' from command line to 'False'
[0.232s] Level 5:colcon.colcon_core.verb:set package 'hw2_py_package' build argument 'cmake_force_configure' from command line to 'False'
[0.232s] Level 5:colcon.colcon_core.verb:set package 'hw2_py_package' build argument 'ament_cmake_args' from command line to 'None'
[0.232s] Level 5:colcon.colcon_core.verb:set package 'hw2_py_package' build argument 'catkin_cmake_args' from command line to 'None'
[0.232s] Level 5:colcon.colcon_core.verb:set package 'hw2_py_package' build argument 'catkin_skip_building_tests' from command line to 'False'
[0.232s] DEBUG:colcon.colcon_core.verb:Building package 'hw2_py_package' with the following arguments: {'ament_cmake_args': None, 'build_base': '/home/kdh/Desktop/21th_robit_intern_kimdohun/ROS2/Day1/hw2/build/hw2_py_package', 'catkin_cmake_args': None, 'catkin_skip_building_tests': False, 'cmake_args': None, 'cmake_clean_cache': False, 'cmake_clean_first': False, 'cmake_force_configure': False, 'cmake_target': None, 'cmake_target_skip_unavailable': False, 'install_base': '/home/kdh/Desktop/21th_robit_intern_kimdohun/ROS2/Day1/hw2/install/hw2_py_package', 'merge_install': False, 'path': '/home/kdh/Desktop/21th_robit_intern_kimdohun/ROS2/Day1/hw2/python/hw2_py_package', 'symlink_install': False, 'test_result_base': None}
[0.232s] INFO:colcon.colcon_core.executor:Executing jobs using 'parallel' executor
[0.233s] DEBUG:colcon.colcon_parallel_executor.executor.parallel:run_until_complete
[0.234s] INFO:colcon.colcon_ros.task.ament_cmake.build:Building ROS package in '/home/kdh/Desktop/21th_robit_intern_kimdohun/ROS2/Day1/hw2/cpp/hw2_package' with build type 'ament_cmake'
[0.234s] INFO:colcon.colcon_cmake.task.cmake.build:Building CMake package in '/home/kdh/Desktop/21th_robit_intern_kimdohun/ROS2/Day1/hw2/cpp/hw2_package'
[0.235s] INFO:colcon.colcon_core.plugin_system:Skipping extension 'colcon_core.shell.bat': Not used on non-Windows systems
[0.236s] INFO:colcon.colcon_core.shell:Skip shell extension 'powershell' for command environment: Not usable outside of PowerShell
[0.236s] DEBUG:colcon.colcon_core.shell:Skip shell extension 'dsv' for command environment
[0.238s] INFO:colcon.colcon_ros.task.ament_python.build:Building ROS package in '/home/kdh/Desktop/21th_robit_intern_kimdohun/ROS2/Day1/hw2/python/hw2_py_package' with build type 'ament_python'
[0.238s] Level 1:colcon.colcon_core.shell:create_environment_hook('hw2_py_package', 'ament_prefix_path')
[0.238s] INFO:colcon.colcon_core.shell:Creating environment hook '/home/kdh/Desktop/21th_robit_intern_kimdohun/ROS2/Day1/hw2/install/hw2_py_package/share/hw2_py_package/hook/ament_prefix_path.ps1'
[0.239s] INFO:colcon.colcon_core.shell:Creating environment descriptor '/home/kdh/Desktop/21th_robit_intern_kimdohun/ROS2/Day1/hw2/install/hw2_py_package/share/hw2_py_package/hook/ament_prefix_path.dsv'
[0.239s] INFO:colcon.colcon_core.shell:Creating environment hook '/home/kdh/Desktop/21th_robit_intern_kimdohun/ROS2/Day1/hw2/install/hw2_py_package/share/hw2_py_package/hook/ament_prefix_path.sh'
[0.240s] INFO:colcon.colcon_core.shell:Skip shell extension 'powershell' for command environment: Not usable outside of PowerShell
[0.240s] DEBUG:colcon.colcon_core.shell:Skip shell extension 'dsv' for command environment
[0.246s] DEBUG:colcon.colcon_core.event_handler.log_command:Invoking command in '/home/kdh/Desktop/21th_robit_intern_kimdohun/ROS2/Day1/hw2/build/hw2_package': CMAKE_PREFIX_PATH=${CMAKE_PREFIX_PATH}:/opt/ros/jazzy DEBUGINFOD_URLS=https://debuginfod.ubuntu.com /usr/bin/cmake --build /home/kdh/Desktop/21th_robit_intern_kimdohun/ROS2/Day1/hw2/build/hw2_package -- -j16 -l16
[0.487s] INFO:colcon.colcon_core.task.python.build:Building Python package in '/home/kdh/Desktop/21th_robit_intern_kimdohun/ROS2/Day1/hw2/python/hw2_py_package'
[0.487s] INFO:colcon.colcon_core.shell:Skip shell extension 'powershell' for command environment: Not usable outside of PowerShell
[0.488s] DEBUG:colcon.colcon_core.shell:Skip shell extension 'dsv' for command environment
[1.081s] DEBUG:colcon.colcon_core.task.python.build:Available setuptools commands: update_catalog, symlink_data, bdist_egg, extract_messages, build_py, compile_catalog, alias, build_scripts, rotate, develop, install_egg_info, bdist, upload_docs, upload, editable_wheel, init_catalog, install_headers, install_scripts, build_ext, install, easy_install, saveopts, test, build, dist_info, sdist, register, bdist_dumb, check, install_data, clean, setopt, install_lib, bdist_rpm, egg_info, build_clib
[1.084s] DEBUG:colcon.colcon_core.event_handler.log_command:Invoking command in '/home/kdh/Desktop/21th_robit_intern_kimdohun/ROS2/Day1/hw2/python/hw2_py_package': DEBUGINFOD_URLS=https://debuginfod.ubuntu.com PYTHONPATH=/home/kdh/Desktop/21th_robit_intern_kimdohun/ROS2/Day1/hw2/build/hw2_py_package/prefix_override:/usr/lib/python3/dist-packages/colcon_core/task/python/colcon_distutils_commands:/home/kdh/Desktop/21th_robit_intern_kimdohun/ROS2/Day1/hw2/install/hw2_py_package/lib/python3.12/site-packages:${PYTHONPATH} /usr/bin/python3 -W ignore:setup.py install is deprecated -W ignore:easy_install command is deprecated setup.py egg_info --egg-base ../../build/hw2_py_package build --build-base /home/kdh/Desktop/21th_robit_intern_kimdohun/ROS2/Day1/hw2/build/hw2_py_package/build install --record /home/kdh/Desktop/21th_robit_intern_kimdohun/ROS2/Day1/hw2/build/hw2_py_package/install.log --install-scripts $base/lib/hw2_py_package --single-version-externally-managed install_data
[1.626s] DEBUG:colcon.colcon_core.event_handler.log_command:Invoked command in '/home/kdh/Desktop/21th_robit_intern_kimdohun/ROS2/Day1/hw2/python/hw2_py_package' returned '0': DEBUGINFOD_URLS=https://debuginfod.ubuntu.com PYTHONPATH=/home/kdh/Desktop/21th_robit_intern_kimdohun/ROS2/Day1/hw2/build/hw2_py_package/prefix_override:/usr/lib/python3/dist-packages/colcon_core/task/python/colcon_distutils_commands:/home/kdh/Desktop/21th_robit_intern_kimdohun/ROS2/Day1/hw2/install/hw2_py_package/lib/python3.12/site-packages:${PYTHONPATH} /usr/bin/python3 -W ignore:setup.py install is deprecated -W ignore:easy_install command is deprecated setup.py egg_info --egg-base ../../build/hw2_py_package build --build-base /home/kdh/Desktop/21th_robit_intern_kimdohun/ROS2/Day1/hw2/build/hw2_py_package/build install --record /home/kdh/Desktop/21th_robit_intern_kimdohun/ROS2/Day1/hw2/build/hw2_py_package/install.log --install-scripts $base/lib/hw2_py_package --single-version-externally-managed install_data
[1.629s] Level 1:colcon.colcon_core.environment:checking '/home/kdh/Desktop/21th_robit_intern_kimdohun/ROS2/Day1/hw2/install/hw2_py_package' for CMake module files
[1.630s] Level 1:colcon.colcon_core.environment:checking '/home/kdh/Desktop/21th_robit_intern_kimdohun/ROS2/Day1/hw2/install/hw2_py_package' for CMake config files
[1.631s] Level 1:colcon.colcon_core.environment:checking '/home/kdh/Desktop/21th_robit_intern_kimdohun/ROS2/Day1/hw2/install/hw2_py_package/lib'
[1.632s] Level 1:colcon.colcon_core.environment:checking '/home/kdh/Desktop/21th_robit_intern_kimdohun/ROS2/Day1/hw2/install/hw2_py_package/bin'
[1.632s] Level 1:colcon.colcon_core.environment:checking '/home/kdh/Desktop/21th_robit_intern_kimdohun/ROS2/Day1/hw2/install/hw2_py_package/lib/pkgconfig/hw2_py_package.pc'
[1.632s] Level 1:colcon.colcon_core.environment:checking '/home/kdh/Desktop/21th_robit_intern_kimdohun/ROS2/Day1/hw2/install/hw2_py_package/lib/python3.12/site-packages'
[1.633s] Level 1:colcon.colcon_core.shell:create_environment_hook('hw2_py_package', 'pythonpath')
[1.633s] INFO:colcon.colcon_core.shell:Creating environment hook '/home/kdh/Desktop/21th_robit_intern_kimdohun/ROS2/Day1/hw2/install/hw2_py_package/share/hw2_py_package/hook/pythonpath.ps1'
[1.634s] INFO:colcon.colcon_core.shell:Creating environment descriptor '/home/kdh/Desktop/21th_robit_intern_kimdohun/ROS2/Day1/hw2/install/hw2_py_package/share/hw2_py_package/hook/pythonpath.dsv'
[1.634s] INFO:colcon.colcon_core.shell:Creating environment hook '/home/kdh/Desktop/21th_robit_intern_kimdohun/ROS2/Day1/hw2/install/hw2_py_package/share/hw2_py_package/hook/pythonpath.sh'
[1.636s] Level 1:colcon.colcon_core.environment:checking '/home/kdh/Desktop/21th_robit_intern_kimdohun/ROS2/Day1/hw2/install/hw2_py_package/bin'
[1.636s] Level 1:colcon.colcon_core.environment:create_environment_scripts_only(hw2_py_package)
[1.636s] INFO:colcon.colcon_core.shell:Creating package script '/home/kdh/Desktop/21th_robit_intern_kimdohun/ROS2/Day1/hw2/install/hw2_py_package/share/hw2_py_package/package.ps1'
[1.638s] INFO:colcon.colcon_core.shell:Creating package descriptor '/home/kdh/Desktop/21th_robit_intern_kimdohun/ROS2/Day1/hw2/install/hw2_py_package/share/hw2_py_package/package.dsv'
[1.640s] INFO:colcon.colcon_core.shell:Creating package script '/home/kdh/Desktop/21th_robit_intern_kimdohun/ROS2/Day1/hw2/install/hw2_py_package/share/hw2_py_package/package.sh'
[1.641s] INFO:colcon.colcon_core.shell:Creating package script '/home/kdh/Desktop/21th_robit_intern_kimdohun/ROS2/Day1/hw2/install/hw2_py_package/share/hw2_py_package/package.bash'
[1.642s] INFO:colcon.colcon_core.shell:Creating package script '/home/kdh/Desktop/21th_robit_intern_kimdohun/ROS2/Day1/hw2/install/hw2_py_package/share/hw2_py_package/package.zsh'
[1.643s] Level 1:colcon.colcon_core.environment:create_file_with_runtime_dependencies(/home/kdh/Desktop/21th_robit_intern_kimdohun/ROS2/Day1/hw2/install/hw2_py_package/share/colcon-core/packages/hw2_py_package)
[7.460s] DEBUG:colcon.colcon_core.event_handler.log_command:Invoked command in '/home/kdh/Desktop/21th_robit_intern_kimdohun/ROS2/Day1/hw2/build/hw2_package' returned '0': CMAKE_PREFIX_PATH=${CMAKE_PREFIX_PATH}:/opt/ros/jazzy DEBUGINFOD_URLS=https://debuginfod.ubuntu.com /usr/bin/cmake --build /home/kdh/Desktop/21th_robit_intern_kimdohun/ROS2/Day1/hw2/build/hw2_package -- -j16 -l16
[7.479s] DEBUG:colcon.colcon_core.event_handler.log_command:Invoking command in '/home/kdh/Desktop/21th_robit_intern_kimdohun/ROS2/Day1/hw2/build/hw2_package': CMAKE_PREFIX_PATH=${CMAKE_PREFIX_PATH}:/opt/ros/jazzy DEBUGINFOD_URLS=https://debuginfod.ubuntu.com /usr/bin/cmake --install /home/kdh/Desktop/21th_robit_intern_kimdohun/ROS2/Day1/hw2/build/hw2_package
[7.517s] Level 1:colcon.colcon_core.environment:create_environment_scripts_only(hw2_package)
[7.517s] Level 1:colcon.colcon_core.environment:checking '/home/kdh/Desktop/21th_robit_intern_kimdohun/ROS2/Day1/hw2/install/hw2_package' for CMake module files
[7.519s] DEBUG:colcon.colcon_core.event_handler.log_command:Invoked command in '/home/kdh/Desktop/21th_robit_intern_kimdohun/ROS2/Day1/hw2/build/hw2_package' returned '0': CMAKE_PREFIX_PATH=${CMAKE_PREFIX_PATH}:/opt/ros/jazzy DEBUGINFOD_URLS=https://debuginfod.ubuntu.com /usr/bin/cmake --install /home/kdh/Desktop/21th_robit_intern_kimdohun/ROS2/Day1/hw2/build/hw2_package
[7.519s] Level 1:colcon.colcon_core.environment:checking '/home/kdh/Desktop/21th_robit_intern_kimdohun/ROS2/Day1/hw2/install/hw2_package' for CMake config files
[7.520s] Level 1:colcon.colcon_core.shell:create_environment_hook('hw2_package', 'cmake_prefix_path')
[7.520s] INFO:colcon.colcon_core.shell:Creating environment hook '/home/kdh/Desktop/21th_robit_intern_kimdohun/ROS2/Day1/hw2/install/hw2_package/share/hw2_package/hook/cmake_prefix_path.ps1'
[7.521s] INFO:colcon.colcon_core.shell:Creating environment descriptor '/home/kdh/Desktop/21th_robit_intern_kimdohun/ROS2/Day1/hw2/install/hw2_package/share/hw2_package/hook/cmake_prefix_path.dsv'
[7.522s] INFO:colcon.colcon_core.shell:Creating environment hook '/home/kdh/Desktop/21th_robit_intern_kimdohun/ROS2/Day1/hw2/install/hw2_package/share/hw2_package/hook/cmake_prefix_path.sh'
[7.523s] Level 1:colcon.colcon_core.environment:checking '/home/kdh/Desktop/21th_robit_intern_kimdohun/ROS2/Day1/hw2/install/hw2_package/lib'
[7.523s] Level 1:colcon.colcon_core.environment:checking '/home/kdh/Desktop/21th_robit_intern_kimdohun/ROS2/Day1/hw2/install/hw2_package/bin'
[7.523s] Level 1:colcon.colcon_core.environment:checking '/home/kdh/Desktop/21th_robit_intern_kimdohun/ROS2/Day1/hw2/install/hw2_package/lib/pkgconfig/hw2_package.pc'
[7.524s] Level 1:colcon.colcon_core.environment:checking '/home/kdh/Desktop/21th_robit_intern_kimdohun/ROS2/Day1/hw2/install/hw2_package/lib/python3.12/site-packages'
[7.524s] Level 1:colcon.colcon_core.environment:checking '/home/kdh/Desktop/21th_robit_intern_kimdohun/ROS2/Day1/hw2/install/hw2_package/bin'
[7.525s] INFO:colcon.colcon_core.shell:Creating package script '/home/kdh/Desktop/21th_robit_intern_kimdohun/ROS2/Day1/hw2/install/hw2_package/share/hw2_package/package.ps1'
[7.526s] INFO:colcon.colcon_core.shell:Creating package descriptor '/home/kdh/Desktop/21th_robit_intern_kimdohun/ROS2/Day1/hw2/install/hw2_package/share/hw2_package/package.dsv'
[7.526s] INFO:colcon.colcon_core.shell:Creating package script '/home/kdh/Desktop/21th_robit_intern_kimdohun/ROS2/Day1/hw2/install/hw2_package/share/hw2_package/package.sh'
[7.527s] INFO:colcon.colcon_core.shell:Creating package script '/home/kdh/Desktop/21th_robit_intern_kimdohun/ROS2/Day1/hw2/install/hw2_package/share/hw2_package/package.bash'
[7.528s] INFO:colcon.colcon_core.shell:Creating package script '/home/kdh/Desktop/21th_robit_intern_kimdohun/ROS2/Day1/hw2/install/hw2_package/share/hw2_package/package.zsh'
[7.528s] Level 1:colcon.colcon_core.environment:create_file_with_runtime_dependencies(/home/kdh/Desktop/21th_robit_intern_kimdohun/ROS2/Day1/hw2/install/hw2_package/share/colcon-core/packages/hw2_package)
[7.529s] Level 1:colcon.colcon_core.environment:create_environment_scripts_only(hw2_package)
[7.529s] Level 1:colcon.colcon_core.environment:checking '/home/kdh/Desktop/21th_robit_intern_kimdohun/ROS2/Day1/hw2/install/hw2_package' for CMake module files
[7.530s] Level 1:colcon.colcon_core.environment:checking '/home/kdh/Desktop/21th_robit_intern_kimdohun/ROS2/Day1/hw2/install/hw2_package' for CMake config files
[7.530s] Level 1:colcon.colcon_core.shell:create_environment_hook('hw2_package', 'cmake_prefix_path')
[7.531s] INFO:colcon.colcon_core.shell:Creating environment hook '/home/kdh/Desktop/21th_robit_intern_kimdohun/ROS2/Day1/hw2/install/hw2_package/share/hw2_package/hook/cmake_prefix_path.ps1'
[7.531s] INFO:colcon.colcon_core.shell:Creating environment descriptor '/home/kdh/Desktop/21th_robit_intern_kimdohun/ROS2/Day1/hw2/install/hw2_package/share/hw2_package/hook/cmake_prefix_path.dsv'
[7.532s] INFO:colcon.colcon_core.shell:Creating environment hook '/home/kdh/Desktop/21th_robit_intern_kimdohun/ROS2/Day1/hw2/install/hw2_package/share/hw2_package/hook/cmake_prefix_path.sh'
[7.533s] Level 1:colcon.colcon_core.environment:checking '/home/kdh/Desktop/21th_robit_intern_kimdohun/ROS2/Day1/hw2/install/hw2_package/lib'
[7.533s] Level 1:colcon.colcon_core.environment:checking '/home/kdh/Desktop/21th_robit_intern_kimdohun/ROS2/Day1/hw2/install/hw2_package/bin'
[7.533s] Level 1:colcon.colcon_core.environment:checking '/home/kdh/Desktop/21th_robit_intern_kimdohun/ROS2/Day1/hw2/install/hw2_package/lib/pkgconfig/hw2_package.pc'
[7.533s] Level 1:colcon.colcon_core.environment:checking '/home/kdh/Desktop/21th_robit_intern_kimdohun/ROS2/Day1/hw2/install/hw2_package/lib/python3.12/site-packages'
[7.534s] Level 1:colcon.colcon_core.environment:checking '/home/kdh/Desktop/21th_robit_intern_kimdohun/ROS2/Day1/hw2/install/hw2_package/bin'
[7.534s] INFO:colcon.colcon_core.shell:Creating package script '/home/kdh/Desktop/21th_robit_intern_kimdohun/ROS2/Day1/hw2/install/hw2_package/share/hw2_package/package.ps1'
[7.535s] INFO:colcon.colcon_core.shell:Creating package descriptor '/home/kdh/Desktop/21th_robit_intern_kimdohun/ROS2/Day1/hw2/install/hw2_package/share/hw2_package/package.dsv'
[7.536s] INFO:colcon.colcon_core.shell:Creating package script '/home/kdh/Desktop/21th_robit_intern_kimdohun/ROS2/Day1/hw2/install/hw2_package/share/hw2_package/package.sh'
[7.537s] INFO:colcon.colcon_core.shell:Creating package script '/home/kdh/Desktop/21th_robit_intern_kimdohun/ROS2/Day1/hw2/install/hw2_package/share/hw2_package/package.bash'
[7.537s] INFO:colcon.colcon_core.shell:Creating package script '/home/kdh/Desktop/21th_robit_intern_kimdohun/ROS2/Day1/hw2/install/hw2_package/share/hw2_package/package.zsh'
[7.538s] Level 1:colcon.colcon_core.environment:create_file_with_runtime_dependencies(/home/kdh/Desktop/21th_robit_intern_kimdohun/ROS2/Day1/hw2/install/hw2_package/share/colcon-core/packages/hw2_package)
[7.538s] DEBUG:colcon.colcon_parallel_executor.executor.parallel:closing loop
[7.538s] DEBUG:colcon.colcon_parallel_executor.executor.parallel:loop closed
[7.538s] DEBUG:colcon.colcon_parallel_executor.executor.parallel:run_until_complete finished with '0'
[7.539s] DEBUG:colcon.colcon_core.event_reactor:joining thread
[7.547s] INFO:colcon.colcon_core.plugin_system:Skipping extension 'colcon_notification.desktop_notification.terminal_notifier': Not used on non-Darwin systems
[7.547s] INFO:colcon.colcon_core.plugin_system:Skipping extension 'colcon_notification.desktop_notification.win32': Not used on non-Windows systems
[7.548s] INFO:colcon.colcon_notification.desktop_notification:Sending desktop notification using 'notify2'
[7.573s] DEBUG:colcon.colcon_core.event_reactor:joined thread
[7.574s] INFO:colcon.colcon_core.shell:Creating prefix script '/home/kdh/Desktop/21th_robit_intern_kimdohun/ROS2/Day1/hw2/install/local_setup.ps1'
[7.576s] INFO:colcon.colcon_core.shell:Creating prefix util module '/home/kdh/Desktop/21th_robit_intern_kimdohun/ROS2/Day1/hw2/install/_local_setup_util_ps1.py'
[7.577s] INFO:colcon.colcon_core.shell:Creating prefix chain script '/home/kdh/Desktop/21th_robit_intern_kimdohun/ROS2/Day1/hw2/install/setup.ps1'
[7.579s] INFO:colcon.colcon_core.shell:Creating prefix script '/home/kdh/Desktop/21th_robit_intern_kimdohun/ROS2/Day1/hw2/install/local_setup.sh'
[7.580s] INFO:colcon.colcon_core.shell:Creating prefix util module '/home/kdh/Desktop/21th_robit_intern_kimdohun/ROS2/Day1/hw2/install/_local_setup_util_sh.py'
[7.581s] INFO:colcon.colcon_core.shell:Creating prefix chain script '/home/kdh/Desktop/21th_robit_intern_kimdohun/ROS2/Day1/hw2/install/setup.sh'
[7.582s] INFO:colcon.colcon_core.shell:Creating prefix script '/home/kdh/Desktop/21th_robit_intern_kimdohun/ROS2/Day1/hw2/install/local_setup.bash'
[7.583s] INFO:colcon.colcon_core.shell:Creating prefix chain script '/home/kdh/Desktop/21th_robit_intern_kimdohun/ROS2/Day1/hw2/install/setup.bash'
[7.584s] INFO:colcon.colcon_core.shell:Creating prefix script '/home/kdh/Desktop/21th_robit_intern_kimdohun/ROS2/Day1/hw2/install/local_setup.zsh'
[7.585s] INFO:colcon.colcon_core.shell:Creating prefix chain script '/home/kdh/Desktop/21th_robit_intern_kimdohun/ROS2/Day1/hw2/install/setup.zsh'
