-- Found ament_cmake: 2.5.6 (/opt/ros/jazzy/share/ament_cmake/cmake)
-- Found rclcpp: 28.1.21 (/opt/ros/jazzy/share/rclcpp/cmake)
-- Found rosidl_generator_c: 4.6.9 (/opt/ros/jazzy/share/rosidl_generator_c/cmake)
-- Found rosidl_generator_cpp: 4.6.9 (/opt/ros/jazzy/share/rosidl_generator_cpp/cmake)
-- Using all available rosidl_typesupport_c: rosidl_typesupport_fastrtps_c;rosidl_typesupport_introspection_c
-- Using all available rosidl_typesupport_cpp: rosidl_typesupport_fastrtps_cpp;rosidl_typesupport_introspection_cpp
-- Found rmw_implementation_cmake: 7.3.3 (/opt/ros/jazzy/share/rmw_implementation_cmake/cmake)
-- Found rmw_fastrtps_cpp: 8.4.4 (/opt/ros/jazzy/share/rmw_fastrtps_cpp/cmake)
-- Using RMW implementation 'rmw_fastrtps_cpp' as default
-- Found std_msgs: 5.3.8 (/opt/ros/jazzy/share/std_msgs/cmake)
-- Found geometry_msgs: 5.3.8 (/opt/ros/jazzy/share/geometry_msgs/cmake)
-- Found turtlesim: 1.8.4 (/opt/ros/jazzy/share/turtlesim/cmake)
-- Found ament_lint_auto: 0.17.5 (/opt/ros/jazzy/share/ament_lint_auto/cmake)
-- Added test 'cppcheck' to perform static code analysis on C / C++ code
-- Configured cppcheck include dirs: 
-- Configured cppcheck exclude dirs and/or files: 
-- Added test 'lint_cmake' to check CMake code style
-- Added test 'uncrustify' to check C / C++ code style
-- Configured uncrustify additional arguments: 
-- Added test 'xmllint' to check XML markup files
-- Configuring done (1.0s)
-- Generating done (0.0s)
-- Build files have been written to: /home/kdh/Desktop/21th_robit_intern_kimdohun/ROS2/Day1/hw3/build/hw3_package
[ 50%] [32mBuilding CXX object CMakeFiles/my_cpp_node.dir/src/my_cpp_node.cpp.o[0m
[100%] [32m[1mLinking CXX executable my_cpp_node[0m
[100%] Built target my_cpp_node
-- Install configuration: ""
-- Installing: /home/kdh/Desktop/21th_robit_intern_kimdohun/ROS2/Day1/hw3/install/hw3_package/lib/hw3_package/my_cpp_node
-- Set non-toolchain portion of runtime path of "/home/kdh/Desktop/21th_robit_intern_kimdohun/ROS2/Day1/hw3/install/hw3_package/lib/hw3_package/my_cpp_node" to ""
-- Installing: /home/kdh/Desktop/21th_robit_intern_kimdohun/ROS2/Day1/hw3/install/hw3_package/share/ament_index/resource_index/package_run_dependencies/hw3_package
-- Installing: /home/kdh/Desktop/21th_robit_intern_kimdohun/ROS2/Day1/hw3/install/hw3_package/share/ament_index/resource_index/parent_prefix_path/hw3_package
-- Installing: /home/kdh/Desktop/21th_robit_intern_kimdohun/ROS2/Day1/hw3/install/hw3_package/share/hw3_package/environment/ament_prefix_path.sh
-- Installing: /home/kdh/Desktop/21th_robit_intern_kimdohun/ROS2/Day1/hw3/install/hw3_package/share/hw3_package/environment/ament_prefix_path.dsv
-- Installing: /home/kdh/Desktop/21th_robit_intern_kimdohun/ROS2/Day1/hw3/install/hw3_package/share/hw3_package/environment/path.sh
-- Installing: /home/kdh/Desktop/21th_robit_intern_kimdohun/ROS2/Day1/hw3/install/hw3_package/share/hw3_package/environment/path.dsv
-- Installing: /home/kdh/Desktop/21th_robit_intern_kimdohun/ROS2/Day1/hw3/install/hw3_package/share/hw3_package/local_setup.bash
-- Installing: /home/kdh/Desktop/21th_robit_intern_kimdohun/ROS2/Day1/hw3/install/hw3_package/share/hw3_package/local_setup.sh
-- Installing: /home/kdh/Desktop/21th_robit_intern_kimdohun/ROS2/Day1/hw3/install/hw3_package/share/hw3_package/local_setup.zsh
-- Installing: /home/kdh/Desktop/21th_robit_intern_kimdohun/ROS2/Day1/hw3/install/hw3_package/share/hw3_package/local_setup.dsv
-- Installing: /home/kdh/Desktop/21th_robit_intern_kimdohun/ROS2/Day1/hw3/install/hw3_package/share/hw3_package/package.dsv
-- Installing: /home/kdh/Desktop/21th_robit_intern_kimdohun/ROS2/Day1/hw3/install/hw3_package/share/ament_index/resource_index/packages/hw3_package
-- Installing: /home/kdh/Desktop/21th_robit_intern_kimdohun/ROS2/Day1/hw3/install/hw3_package/share/hw3_package/cmake/hw3_packageConfig.cmake
-- Installing: /home/kdh/Desktop/21th_robit_intern_kimdohun/ROS2/Day1/hw3/install/hw3_package/share/hw3_package/cmake/hw3_packageConfig-version.cmake
-- Installing: /home/kdh/Desktop/21th_robit_intern_kimdohun/ROS2/Day1/hw3/install/hw3_package/share/hw3_package/package.xml
