[0.011s] Invoking command in '/home/kdh/Desktop/21th_robit_intern_kimdohun/ROS2/Day2/hw1/build/custom_interfaces': CMAKE_PREFIX_PATH=${CMAKE_PREFIX_PATH}:/opt/ros/jazzy DEBUGINFOD_URLS=https://debuginfod.ubuntu.com /usr/bin/cmake --build /home/kdh/Desktop/21th_robit_intern_kimdohun/ROS2/Day2/hw1/build/custom_interfaces -- -j16 -l16
[0.096s] [  2%] Built target custom_interfaces__rosidl_generator_type_description
[0.097s] [  5%] Built target custom_interfaces__rs
[0.114s] [  5%] Built target ament_cmake_python_copy_custom_interfaces
[0.133s] [  8%] Built target custom_interfaces__cpp
[0.136s] [ 22%] Built target custom_interfaces__rosidl_generator_c
[0.164s] [ 65%] Built target custom_interfaces__rosidl_typesupport_fastrtps_c
[0.164s] [ 65%] Built target custom_interfaces__rosidl_typesupport_fastrtps_cpp
[0.165s] [ 65%] Built target custom_interfaces__rosidl_typesupport_introspection_cpp
[0.165s] [ 65%] Built target custom_interfaces__rosidl_typesupport_c
[0.165s] [ 65%] Built target custom_interfaces__rosidl_typesupport_introspection_c
[0.165s] [ 74%] Built target custom_interfaces__rosidl_typesupport_cpp
[0.193s] [ 74%] Built target custom_interfaces
[0.226s] [ 77%] Built target custom_interfaces__py
[0.259s] [ 82%] Built target custom_interfaces__rosidl_generator_py
[0.269s] running egg_info
[0.277s] writing custom_interfaces.egg-info/PKG-INFO
[0.277s] writing dependency_links to custom_interfaces.egg-info/dependency_links.txt
[0.277s] writing top-level names to custom_interfaces.egg-info/top_level.txt
[0.296s] [100%] Built target custom_interfaces_s__rosidl_typesupport_c
[0.296s] [100%] Built target custom_interfaces_s__rosidl_typesupport_introspection_c
[0.296s] [100%] Built target custom_interfaces_s__rosidl_typesupport_fastrtps_c
[0.299s] reading manifest file 'custom_interfaces.egg-info/SOURCES.txt'
[0.300s] writing manifest file 'custom_interfaces.egg-info/SOURCES.txt'
[0.329s] [100%] Built target ament_cmake_python_build_custom_interfaces_egg
[0.347s] Invoked command in '/home/kdh/Desktop/21th_robit_intern_kimdohun/ROS2/Day2/hw1/build/custom_interfaces' returned '0': CMAKE_PREFIX_PATH=${CMAKE_PREFIX_PATH}:/opt/ros/jazzy DEBUGINFOD_URLS=https://debuginfod.ubuntu.com /usr/bin/cmake --build /home/kdh/Desktop/21th_robit_intern_kimdohun/ROS2/Day2/hw1/build/custom_interfaces -- -j16 -l16
[0.363s] Invoking command in '/home/kdh/Desktop/21th_robit_intern_kimdohun/ROS2/Day2/hw1/build/custom_interfaces': CMAKE_PREFIX_PATH=${CMAKE_PREFIX_PATH}:/opt/ros/jazzy DEBUGINFOD_URLS=https://debuginfod.ubuntu.com /usr/bin/cmake --install /home/kdh/Desktop/21th_robit_intern_kimdohun/ROS2/Day2/hw1/build/custom_interfaces
[0.379s] -- Install configuration: ""
[0.379s] -- Up-to-date: /home/kdh/Desktop/21th_robit_intern_kimdohun/ROS2/Day2/hw1/install/custom_interfaces/share/ament_index/resource_index/rosidl_interfaces/custom_interfaces
[0.379s] -- Up-to-date: /home/kdh/Desktop/21th_robit_intern_kimdohun/ROS2/Day2/hw1/install/custom_interfaces/share/custom_interfaces/msg/MyMessage.json
[0.379s] -- Up-to-date: /home/kdh/Desktop/21th_robit_intern_kimdohun/ROS2/Day2/hw1/install/custom_interfaces/include/custom_interfaces/custom_interfaces
[0.379s] -- Up-to-date: /home/kdh/Desktop/21th_robit_intern_kimdohun/ROS2/Day2/hw1/install/custom_interfaces/include/custom_interfaces/custom_interfaces/msg
[0.379s] -- Up-to-date: /home/kdh/Desktop/21th_robit_intern_kimdohun/ROS2/Day2/hw1/install/custom_interfaces/include/custom_interfaces/custom_interfaces/msg/my_message.h
[0.380s] -- Up-to-date: /home/kdh/Desktop/21th_robit_intern_kimdohun/ROS2/Day2/hw1/install/custom_interfaces/include/custom_interfaces/custom_interfaces/msg/rosidl_generator_c__visibility_control.h
[0.380s] -- Up-to-date: /home/kdh/Desktop/21th_robit_intern_kimdohun/ROS2/Day2/hw1/install/custom_interfaces/include/custom_interfaces/custom_interfaces/msg/detail
[0.380s] -- Up-to-date: /home/kdh/Desktop/21th_robit_intern_kimdohun/ROS2/Day2/hw1/install/custom_interfaces/include/custom_interfaces/custom_interfaces/msg/detail/my_message__type_support.h
[0.380s] -- Up-to-date: /home/kdh/Desktop/21th_robit_intern_kimdohun/ROS2/Day2/hw1/install/custom_interfaces/include/custom_interfaces/custom_interfaces/msg/detail/my_message__functions.c
[0.380s] -- Up-to-date: /home/kdh/Desktop/21th_robit_intern_kimdohun/ROS2/Day2/hw1/install/custom_interfaces/include/custom_interfaces/custom_interfaces/msg/detail/my_message__struct.h
[0.380s] -- Up-to-date: /home/kdh/Desktop/21th_robit_intern_kimdohun/ROS2/Day2/hw1/install/custom_interfaces/include/custom_interfaces/custom_interfaces/msg/detail/my_message__type_support.c
[0.380s] -- Up-to-date: /home/kdh/Desktop/21th_robit_intern_kimdohun/ROS2/Day2/hw1/install/custom_interfaces/include/custom_interfaces/custom_interfaces/msg/detail/my_message__description.c
[0.380s] -- Up-to-date: /home/kdh/Desktop/21th_robit_intern_kimdohun/ROS2/Day2/hw1/install/custom_interfaces/include/custom_interfaces/custom_interfaces/msg/detail/my_message__functions.h
[0.380s] -- Up-to-date: /home/kdh/Desktop/21th_robit_intern_kimdohun/ROS2/Day2/hw1/install/custom_interfaces/share/custom_interfaces/environment/library_path.sh
[0.381s] -- Up-to-date: /home/kdh/Desktop/21th_robit_intern_kimdohun/ROS2/Day2/hw1/install/custom_interfaces/share/custom_interfaces/environment/library_path.dsv
[0.381s] -- Up-to-date: /home/kdh/Desktop/21th_robit_intern_kimdohun/ROS2/Day2/hw1/install/custom_interfaces/lib/libcustom_interfaces__rosidl_generator_c.so
[0.381s] -- Up-to-date: /home/kdh/Desktop/21th_robit_intern_kimdohun/ROS2/Day2/hw1/install/custom_interfaces/include/custom_interfaces/custom_interfaces
[0.381s] -- Up-to-date: /home/kdh/Desktop/21th_robit_intern_kimdohun/ROS2/Day2/hw1/install/custom_interfaces/include/custom_interfaces/custom_interfaces/msg
[0.381s] -- Up-to-date: /home/kdh/Desktop/21th_robit_intern_kimdohun/ROS2/Day2/hw1/install/custom_interfaces/include/custom_interfaces/custom_interfaces/msg/rosidl_typesupport_fastrtps_c__visibility_control.h
[0.381s] -- Up-to-date: /home/kdh/Desktop/21th_robit_intern_kimdohun/ROS2/Day2/hw1/install/custom_interfaces/include/custom_interfaces/custom_interfaces/msg/detail
[0.381s] -- Up-to-date: /home/kdh/Desktop/21th_robit_intern_kimdohun/ROS2/Day2/hw1/install/custom_interfaces/include/custom_interfaces/custom_interfaces/msg/detail/my_message__rosidl_typesupport_fastrtps_c.h
[0.381s] -- Up-to-date: /home/kdh/Desktop/21th_robit_intern_kimdohun/ROS2/Day2/hw1/install/custom_interfaces/lib/libcustom_interfaces__rosidl_typesupport_fastrtps_c.so
[0.382s] -- Up-to-date: /home/kdh/Desktop/21th_robit_intern_kimdohun/ROS2/Day2/hw1/install/custom_interfaces/include/custom_interfaces/custom_interfaces
[0.382s] -- Up-to-date: /home/kdh/Desktop/21th_robit_intern_kimdohun/ROS2/Day2/hw1/install/custom_interfaces/include/custom_interfaces/custom_interfaces/msg
[0.382s] -- Up-to-date: /home/kdh/Desktop/21th_robit_intern_kimdohun/ROS2/Day2/hw1/install/custom_interfaces/include/custom_interfaces/custom_interfaces/msg/rosidl_typesupport_introspection_c__visibility_control.h
[0.382s] -- Up-to-date: /home/kdh/Desktop/21th_robit_intern_kimdohun/ROS2/Day2/hw1/install/custom_interfaces/include/custom_interfaces/custom_interfaces/msg/detail
[0.382s] -- Up-to-date: /home/kdh/Desktop/21th_robit_intern_kimdohun/ROS2/Day2/hw1/install/custom_interfaces/include/custom_interfaces/custom_interfaces/msg/detail/my_message__rosidl_typesupport_introspection_c.h
[0.382s] -- Up-to-date: /home/kdh/Desktop/21th_robit_intern_kimdohun/ROS2/Day2/hw1/install/custom_interfaces/include/custom_interfaces/custom_interfaces/msg/detail/my_message__type_support.c
[0.382s] -- Up-to-date: /home/kdh/Desktop/21th_robit_intern_kimdohun/ROS2/Day2/hw1/install/custom_interfaces/lib/libcustom_interfaces__rosidl_typesupport_introspection_c.so
[0.382s] -- Up-to-date: /home/kdh/Desktop/21th_robit_intern_kimdohun/ROS2/Day2/hw1/install/custom_interfaces/lib/libcustom_interfaces__rosidl_typesupport_c.so
[0.383s] -- Up-to-date: /home/kdh/Desktop/21th_robit_intern_kimdohun/ROS2/Day2/hw1/install/custom_interfaces/include/custom_interfaces/custom_interfaces
[0.383s] -- Up-to-date: /home/kdh/Desktop/21th_robit_intern_kimdohun/ROS2/Day2/hw1/install/custom_interfaces/include/custom_interfaces/custom_interfaces/msg
[0.383s] -- Up-to-date: /home/kdh/Desktop/21th_robit_intern_kimdohun/ROS2/Day2/hw1/install/custom_interfaces/include/custom_interfaces/custom_interfaces/msg/rosidl_generator_cpp__visibility_control.hpp
[0.383s] -- Up-to-date: /home/kdh/Desktop/21th_robit_intern_kimdohun/ROS2/Day2/hw1/install/custom_interfaces/include/custom_interfaces/custom_interfaces/msg/my_message.hpp
[0.383s] -- Up-to-date: /home/kdh/Desktop/21th_robit_intern_kimdohun/ROS2/Day2/hw1/install/custom_interfaces/include/custom_interfaces/custom_interfaces/msg/detail
[0.383s] -- Up-to-date: /home/kdh/Desktop/21th_robit_intern_kimdohun/ROS2/Day2/hw1/install/custom_interfaces/include/custom_interfaces/custom_interfaces/msg/detail/my_message__type_support.hpp
[0.383s] -- Up-to-date: /home/kdh/Desktop/21th_robit_intern_kimdohun/ROS2/Day2/hw1/install/custom_interfaces/include/custom_interfaces/custom_interfaces/msg/detail/my_message__traits.hpp
[0.383s] -- Up-to-date: /home/kdh/Desktop/21th_robit_intern_kimdohun/ROS2/Day2/hw1/install/custom_interfaces/include/custom_interfaces/custom_interfaces/msg/detail/my_message__builder.hpp
[0.384s] -- Up-to-date: /home/kdh/Desktop/21th_robit_intern_kimdohun/ROS2/Day2/hw1/install/custom_interfaces/include/custom_interfaces/custom_interfaces/msg/detail/my_message__struct.hpp
[0.384s] -- Up-to-date: /home/kdh/Desktop/21th_robit_intern_kimdohun/ROS2/Day2/hw1/install/custom_interfaces/include/custom_interfaces/custom_interfaces
[0.384s] -- Up-to-date: /home/kdh/Desktop/21th_robit_intern_kimdohun/ROS2/Day2/hw1/install/custom_interfaces/include/custom_interfaces/custom_interfaces/msg
[0.384s] -- Up-to-date: /home/kdh/Desktop/21th_robit_intern_kimdohun/ROS2/Day2/hw1/install/custom_interfaces/include/custom_interfaces/custom_interfaces/msg/rosidl_typesupport_fastrtps_cpp__visibility_control.h
[0.384s] -- Up-to-date: /home/kdh/Desktop/21th_robit_intern_kimdohun/ROS2/Day2/hw1/install/custom_interfaces/include/custom_interfaces/custom_interfaces/msg/detail
[0.384s] -- Up-to-date: /home/kdh/Desktop/21th_robit_intern_kimdohun/ROS2/Day2/hw1/install/custom_interfaces/include/custom_interfaces/custom_interfaces/msg/detail/dds_fastrtps
[0.384s] -- Up-to-date: /home/kdh/Desktop/21th_robit_intern_kimdohun/ROS2/Day2/hw1/install/custom_interfaces/include/custom_interfaces/custom_interfaces/msg/detail/my_message__rosidl_typesupport_fastrtps_cpp.hpp
[0.384s] -- Up-to-date: /home/kdh/Desktop/21th_robit_intern_kimdohun/ROS2/Day2/hw1/install/custom_interfaces/lib/libcustom_interfaces__rosidl_typesupport_fastrtps_cpp.so
[0.384s] -- Up-to-date: /home/kdh/Desktop/21th_robit_intern_kimdohun/ROS2/Day2/hw1/install/custom_interfaces/include/custom_interfaces/custom_interfaces
[0.384s] -- Up-to-date: /home/kdh/Desktop/21th_robit_intern_kimdohun/ROS2/Day2/hw1/install/custom_interfaces/include/custom_interfaces/custom_interfaces/msg
[0.385s] -- Up-to-date: /home/kdh/Desktop/21th_robit_intern_kimdohun/ROS2/Day2/hw1/install/custom_interfaces/include/custom_interfaces/custom_interfaces/msg/detail
[0.385s] -- Up-to-date: /home/kdh/Desktop/21th_robit_intern_kimdohun/ROS2/Day2/hw1/install/custom_interfaces/include/custom_interfaces/custom_interfaces/msg/detail/my_message__type_support.cpp
[0.385s] -- Up-to-date: /home/kdh/Desktop/21th_robit_intern_kimdohun/ROS2/Day2/hw1/install/custom_interfaces/include/custom_interfaces/custom_interfaces/msg/detail/my_message__rosidl_typesupport_introspection_cpp.hpp
[0.385s] -- Up-to-date: /home/kdh/Desktop/21th_robit_intern_kimdohun/ROS2/Day2/hw1/install/custom_interfaces/lib/libcustom_interfaces__rosidl_typesupport_introspection_cpp.so
[0.385s] -- Up-to-date: /home/kdh/Desktop/21th_robit_intern_kimdohun/ROS2/Day2/hw1/install/custom_interfaces/lib/libcustom_interfaces__rosidl_typesupport_cpp.so
[0.385s] -- Up-to-date: /home/kdh/Desktop/21th_robit_intern_kimdohun/ROS2/Day2/hw1/install/custom_interfaces/share/custom_interfaces/environment/pythonpath.sh
[0.385s] -- Up-to-date: /home/kdh/Desktop/21th_robit_intern_kimdohun/ROS2/Day2/hw1/install/custom_interfaces/share/custom_interfaces/environment/pythonpath.dsv
[0.385s] -- Up-to-date: /home/kdh/Desktop/21th_robit_intern_kimdohun/ROS2/Day2/hw1/install/custom_interfaces/lib/python3.12/site-packages/custom_interfaces-0.0.0-py3.12.egg-info
[0.385s] -- Installing: /home/kdh/Desktop/21th_robit_intern_kimdohun/ROS2/Day2/hw1/install/custom_interfaces/lib/python3.12/site-packages/custom_interfaces-0.0.0-py3.12.egg-info/PKG-INFO
[0.386s] -- Installing: /home/kdh/Desktop/21th_robit_intern_kimdohun/ROS2/Day2/hw1/install/custom_interfaces/lib/python3.12/site-packages/custom_interfaces-0.0.0-py3.12.egg-info/SOURCES.txt
[0.386s] -- Installing: /home/kdh/Desktop/21th_robit_intern_kimdohun/ROS2/Day2/hw1/install/custom_interfaces/lib/python3.12/site-packages/custom_interfaces-0.0.0-py3.12.egg-info/top_level.txt
[0.386s] -- Installing: /home/kdh/Desktop/21th_robit_intern_kimdohun/ROS2/Day2/hw1/install/custom_interfaces/lib/python3.12/site-packages/custom_interfaces-0.0.0-py3.12.egg-info/dependency_links.txt
[0.386s] -- Up-to-date: /home/kdh/Desktop/21th_robit_intern_kimdohun/ROS2/Day2/hw1/install/custom_interfaces/lib/python3.12/site-packages/custom_interfaces
[0.386s] -- Up-to-date: /home/kdh/Desktop/21th_robit_intern_kimdohun/ROS2/Day2/hw1/install/custom_interfaces/lib/python3.12/site-packages/custom_interfaces/custom_interfaces_s__rosidl_typesupport_fastrtps_c.so
[0.386s] -- Up-to-date: /home/kdh/Desktop/21th_robit_intern_kimdohun/ROS2/Day2/hw1/install/custom_interfaces/lib/python3.12/site-packages/custom_interfaces/_custom_interfaces_s.ep.rosidl_typesupport_fastrtps_c.c
[0.386s] -- Up-to-date: /home/kdh/Desktop/21th_robit_intern_kimdohun/ROS2/Day2/hw1/install/custom_interfaces/lib/python3.12/site-packages/custom_interfaces/__init__.py
[0.386s] -- Up-to-date: /home/kdh/Desktop/21th_robit_intern_kimdohun/ROS2/Day2/hw1/install/custom_interfaces/lib/python3.12/site-packages/custom_interfaces/msg
[0.386s] -- Up-to-date: /home/kdh/Desktop/21th_robit_intern_kimdohun/ROS2/Day2/hw1/install/custom_interfaces/lib/python3.12/site-packages/custom_interfaces/msg/__init__.py
[0.386s] -- Up-to-date: /home/kdh/Desktop/21th_robit_intern_kimdohun/ROS2/Day2/hw1/install/custom_interfaces/lib/python3.12/site-packages/custom_interfaces/msg/_my_message_s.c
[0.387s] -- Up-to-date: /home/kdh/Desktop/21th_robit_intern_kimdohun/ROS2/Day2/hw1/install/custom_interfaces/lib/python3.12/site-packages/custom_interfaces/msg/_my_message.py
[0.387s] -- Up-to-date: /home/kdh/Desktop/21th_robit_intern_kimdohun/ROS2/Day2/hw1/install/custom_interfaces/lib/python3.12/site-packages/custom_interfaces/_custom_interfaces_s.ep.rosidl_typesupport_c.c
[0.387s] -- Up-to-date: /home/kdh/Desktop/21th_robit_intern_kimdohun/ROS2/Day2/hw1/install/custom_interfaces/lib/python3.12/site-packages/custom_interfaces/custom_interfaces_s__rosidl_typesupport_introspection_c.so
[0.387s] -- Up-to-date: /home/kdh/Desktop/21th_robit_intern_kimdohun/ROS2/Day2/hw1/install/custom_interfaces/lib/python3.12/site-packages/custom_interfaces/custom_interfaces_s__rosidl_typesupport_c.so
[0.387s] -- Up-to-date: /home/kdh/Desktop/21th_robit_intern_kimdohun/ROS2/Day2/hw1/install/custom_interfaces/lib/python3.12/site-packages/custom_interfaces/_custom_interfaces_s.ep.rosidl_typesupport_introspection_c.c
[0.426s] Listing '/home/kdh/Desktop/21th_robit_intern_kimdohun/ROS2/Day2/hw1/install/custom_interfaces/lib/python3.12/site-packages/custom_interfaces'...
[0.426s] Listing '/home/kdh/Desktop/21th_robit_intern_kimdohun/ROS2/Day2/hw1/install/custom_interfaces/lib/python3.12/site-packages/custom_interfaces/msg'...
[0.431s] -- Up-to-date: /home/kdh/Desktop/21th_robit_intern_kimdohun/ROS2/Day2/hw1/install/custom_interfaces/lib/python3.12/site-packages/custom_interfaces/custom_interfaces_s__rosidl_typesupport_fastrtps_c.so
[0.431s] -- Up-to-date: /home/kdh/Desktop/21th_robit_intern_kimdohun/ROS2/Day2/hw1/install/custom_interfaces/lib/python3.12/site-packages/custom_interfaces/custom_interfaces_s__rosidl_typesupport_introspection_c.so
[0.432s] -- Up-to-date: /home/kdh/Desktop/21th_robit_intern_kimdohun/ROS2/Day2/hw1/install/custom_interfaces/lib/python3.12/site-packages/custom_interfaces/custom_interfaces_s__rosidl_typesupport_c.so
[0.432s] -- Up-to-date: /home/kdh/Desktop/21th_robit_intern_kimdohun/ROS2/Day2/hw1/install/custom_interfaces/lib/libcustom_interfaces__rosidl_generator_py.so
[0.432s] -- Up-to-date: /home/kdh/Desktop/21th_robit_intern_kimdohun/ROS2/Day2/hw1/install/custom_interfaces/share/ament_index/resource_index/rust_packages/custom_interfaces
[0.432s] -- Up-to-date: /home/kdh/Desktop/21th_robit_intern_kimdohun/ROS2/Day2/hw1/install/custom_interfaces/share/custom_interfaces/rust
[0.432s] -- Up-to-date: /home/kdh/Desktop/21th_robit_intern_kimdohun/ROS2/Day2/hw1/install/custom_interfaces/share/custom_interfaces/rust/src
[0.433s] -- Up-to-date: /home/kdh/Desktop/21th_robit_intern_kimdohun/ROS2/Day2/hw1/install/custom_interfaces/share/custom_interfaces/rust/src/msg.rs
[0.433s] -- Up-to-date: /home/kdh/Desktop/21th_robit_intern_kimdohun/ROS2/Day2/hw1/install/custom_interfaces/share/custom_interfaces/rust/src/msg
[0.433s] -- Up-to-date: /home/kdh/Desktop/21th_robit_intern_kimdohun/ROS2/Day2/hw1/install/custom_interfaces/share/custom_interfaces/rust/src/msg/rmw.rs
[0.433s] -- Up-to-date: /home/kdh/Desktop/21th_robit_intern_kimdohun/ROS2/Day2/hw1/install/custom_interfaces/share/custom_interfaces/rust/src/lib.rs
[0.433s] -- Up-to-date: /home/kdh/Desktop/21th_robit_intern_kimdohun/ROS2/Day2/hw1/install/custom_interfaces/share/custom_interfaces/rust/Cargo.toml
[0.433s] -- Up-to-date: /home/kdh/Desktop/21th_robit_intern_kimdohun/ROS2/Day2/hw1/install/custom_interfaces/share/custom_interfaces/rust/build.rs
[0.433s] -- Up-to-date: /home/kdh/Desktop/21th_robit_intern_kimdohun/ROS2/Day2/hw1/install/custom_interfaces/share/custom_interfaces/msg/MyMessage.idl
[0.433s] -- Up-to-date: /home/kdh/Desktop/21th_robit_intern_kimdohun/ROS2/Day2/hw1/install/custom_interfaces/share/custom_interfaces/msg/MyMessage.msg
[0.434s] -- Up-to-date: /home/kdh/Desktop/21th_robit_intern_kimdohun/ROS2/Day2/hw1/install/custom_interfaces/share/ament_index/resource_index/package_run_dependencies/custom_interfaces
[0.434s] -- Up-to-date: /home/kdh/Desktop/21th_robit_intern_kimdohun/ROS2/Day2/hw1/install/custom_interfaces/share/ament_index/resource_index/parent_prefix_path/custom_interfaces
[0.434s] -- Up-to-date: /home/kdh/Desktop/21th_robit_intern_kimdohun/ROS2/Day2/hw1/install/custom_interfaces/share/custom_interfaces/environment/ament_prefix_path.sh
[0.434s] -- Up-to-date: /home/kdh/Desktop/21th_robit_intern_kimdohun/ROS2/Day2/hw1/install/custom_interfaces/share/custom_interfaces/environment/ament_prefix_path.dsv
[0.434s] -- Up-to-date: /home/kdh/Desktop/21th_robit_intern_kimdohun/ROS2/Day2/hw1/install/custom_interfaces/share/custom_interfaces/environment/path.sh
[0.434s] -- Up-to-date: /home/kdh/Desktop/21th_robit_intern_kimdohun/ROS2/Day2/hw1/install/custom_interfaces/share/custom_interfaces/environment/path.dsv
[0.434s] -- Up-to-date: /home/kdh/Desktop/21th_robit_intern_kimdohun/ROS2/Day2/hw1/install/custom_interfaces/share/custom_interfaces/local_setup.bash
[0.434s] -- Up-to-date: /home/kdh/Desktop/21th_robit_intern_kimdohun/ROS2/Day2/hw1/install/custom_interfaces/share/custom_interfaces/local_setup.sh
[0.434s] -- Up-to-date: /home/kdh/Desktop/21th_robit_intern_kimdohun/ROS2/Day2/hw1/install/custom_interfaces/share/custom_interfaces/local_setup.zsh
[0.434s] -- Up-to-date: /home/kdh/Desktop/21th_robit_intern_kimdohun/ROS2/Day2/hw1/install/custom_interfaces/share/custom_interfaces/local_setup.dsv
[0.435s] -- Installing: /home/kdh/Desktop/21th_robit_intern_kimdohun/ROS2/Day2/hw1/install/custom_interfaces/share/custom_interfaces/package.dsv
[0.435s] -- Up-to-date: /home/kdh/Desktop/21th_robit_intern_kimdohun/ROS2/Day2/hw1/install/custom_interfaces/share/ament_index/resource_index/packages/custom_interfaces
[0.435s] -- Up-to-date: /home/kdh/Desktop/21th_robit_intern_kimdohun/ROS2/Day2/hw1/install/custom_interfaces/share/custom_interfaces/cmake/export_custom_interfaces__rosidl_generator_cExport.cmake
[0.435s] -- Up-to-date: /home/kdh/Desktop/21th_robit_intern_kimdohun/ROS2/Day2/hw1/install/custom_interfaces/share/custom_interfaces/cmake/export_custom_interfaces__rosidl_generator_cExport-noconfig.cmake
[0.435s] -- Up-to-date: /home/kdh/Desktop/21th_robit_intern_kimdohun/ROS2/Day2/hw1/install/custom_interfaces/share/custom_interfaces/cmake/export_custom_interfaces__rosidl_typesupport_fastrtps_cExport.cmake
[0.435s] -- Up-to-date: /home/kdh/Desktop/21th_robit_intern_kimdohun/ROS2/Day2/hw1/install/custom_interfaces/share/custom_interfaces/cmake/export_custom_interfaces__rosidl_typesupport_fastrtps_cExport-noconfig.cmake
[0.435s] -- Up-to-date: /home/kdh/Desktop/21th_robit_intern_kimdohun/ROS2/Day2/hw1/install/custom_interfaces/share/custom_interfaces/cmake/custom_interfaces__rosidl_typesupport_introspection_cExport.cmake
[0.435s] -- Up-to-date: /home/kdh/Desktop/21th_robit_intern_kimdohun/ROS2/Day2/hw1/install/custom_interfaces/share/custom_interfaces/cmake/custom_interfaces__rosidl_typesupport_introspection_cExport-noconfig.cmake
[0.435s] -- Up-to-date: /home/kdh/Desktop/21th_robit_intern_kimdohun/ROS2/Day2/hw1/install/custom_interfaces/share/custom_interfaces/cmake/custom_interfaces__rosidl_typesupport_cExport.cmake
[0.435s] -- Up-to-date: /home/kdh/Desktop/21th_robit_intern_kimdohun/ROS2/Day2/hw1/install/custom_interfaces/share/custom_interfaces/cmake/custom_interfaces__rosidl_typesupport_cExport-noconfig.cmake
[0.436s] -- Up-to-date: /home/kdh/Desktop/21th_robit_intern_kimdohun/ROS2/Day2/hw1/install/custom_interfaces/share/custom_interfaces/cmake/export_custom_interfaces__rosidl_generator_cppExport.cmake
[0.436s] -- Up-to-date: /home/kdh/Desktop/21th_robit_intern_kimdohun/ROS2/Day2/hw1/install/custom_interfaces/share/custom_interfaces/cmake/export_custom_interfaces__rosidl_typesupport_fastrtps_cppExport.cmake
[0.436s] -- Up-to-date: /home/kdh/Desktop/21th_robit_intern_kimdohun/ROS2/Day2/hw1/install/custom_interfaces/share/custom_interfaces/cmake/export_custom_interfaces__rosidl_typesupport_fastrtps_cppExport-noconfig.cmake
[0.436s] -- Up-to-date: /home/kdh/Desktop/21th_robit_intern_kimdohun/ROS2/Day2/hw1/install/custom_interfaces/share/custom_interfaces/cmake/custom_interfaces__rosidl_typesupport_introspection_cppExport.cmake
[0.436s] -- Up-to-date: /home/kdh/Desktop/21th_robit_intern_kimdohun/ROS2/Day2/hw1/install/custom_interfaces/share/custom_interfaces/cmake/custom_interfaces__rosidl_typesupport_introspection_cppExport-noconfig.cmake
[0.436s] -- Up-to-date: /home/kdh/Desktop/21th_robit_intern_kimdohun/ROS2/Day2/hw1/install/custom_interfaces/share/custom_interfaces/cmake/custom_interfaces__rosidl_typesupport_cppExport.cmake
[0.436s] -- Up-to-date: /home/kdh/Desktop/21th_robit_intern_kimdohun/ROS2/Day2/hw1/install/custom_interfaces/share/custom_interfaces/cmake/custom_interfaces__rosidl_typesupport_cppExport-noconfig.cmake
[0.436s] -- Up-to-date: /home/kdh/Desktop/21th_robit_intern_kimdohun/ROS2/Day2/hw1/install/custom_interfaces/share/custom_interfaces/cmake/export_custom_interfaces__rosidl_generator_pyExport.cmake
[0.436s] -- Up-to-date: /home/kdh/Desktop/21th_robit_intern_kimdohun/ROS2/Day2/hw1/install/custom_interfaces/share/custom_interfaces/cmake/export_custom_interfaces__rosidl_generator_pyExport-noconfig.cmake
[0.436s] -- Up-to-date: /home/kdh/Desktop/21th_robit_intern_kimdohun/ROS2/Day2/hw1/install/custom_interfaces/share/custom_interfaces/cmake/rosidl_cmake-extras.cmake
[0.437s] -- Up-to-date: /home/kdh/Desktop/21th_robit_intern_kimdohun/ROS2/Day2/hw1/install/custom_interfaces/share/custom_interfaces/cmake/ament_cmake_export_include_directories-extras.cmake
[0.437s] -- Up-to-date: /home/kdh/Desktop/21th_robit_intern_kimdohun/ROS2/Day2/hw1/install/custom_interfaces/share/custom_interfaces/cmake/ament_cmake_export_libraries-extras.cmake
[0.437s] -- Up-to-date: /home/kdh/Desktop/21th_robit_intern_kimdohun/ROS2/Day2/hw1/install/custom_interfaces/share/custom_interfaces/cmake/ament_cmake_export_targets-extras.cmake
[0.437s] -- Up-to-date: /home/kdh/Desktop/21th_robit_intern_kimdohun/ROS2/Day2/hw1/install/custom_interfaces/share/custom_interfaces/cmake/rosidl_cmake_export_typesupport_targets-extras.cmake
[0.437s] -- Up-to-date: /home/kdh/Desktop/21th_robit_intern_kimdohun/ROS2/Day2/hw1/install/custom_interfaces/share/custom_interfaces/cmake/ament_cmake_export_dependencies-extras.cmake
[0.437s] -- Up-to-date: /home/kdh/Desktop/21th_robit_intern_kimdohun/ROS2/Day2/hw1/install/custom_interfaces/share/custom_interfaces/cmake/rosidl_cmake_export_typesupport_libraries-extras.cmake
[0.437s] -- Up-to-date: /home/kdh/Desktop/21th_robit_intern_kimdohun/ROS2/Day2/hw1/install/custom_interfaces/share/custom_interfaces/cmake/rosidl_cmake_aggregate_target-extras.cmake
[0.437s] -- Up-to-date: /home/kdh/Desktop/21th_robit_intern_kimdohun/ROS2/Day2/hw1/install/custom_interfaces/share/custom_interfaces/cmake/custom_interfacesConfig.cmake
[0.437s] -- Up-to-date: /home/kdh/Desktop/21th_robit_intern_kimdohun/ROS2/Day2/hw1/install/custom_interfaces/share/custom_interfaces/cmake/custom_interfacesConfig-version.cmake
[0.437s] -- Up-to-date: /home/kdh/Desktop/21th_robit_intern_kimdohun/ROS2/Day2/hw1/install/custom_interfaces/share/custom_interfaces/package.xml
[0.440s] Invoked command in '/home/kdh/Desktop/21th_robit_intern_kimdohun/ROS2/Day2/hw1/build/custom_interfaces' returned '0': CMAKE_PREFIX_PATH=${CMAKE_PREFIX_PATH}:/opt/ros/jazzy DEBUGINFOD_URLS=https://debuginfod.ubuntu.com /usr/bin/cmake --install /home/kdh/Desktop/21th_robit_intern_kimdohun/ROS2/Day2/hw1/build/custom_interfaces
