[0.071s] DEBUG:colcon:Command line arguments: ['/usr/bin/colcon', 'build']
[0.071s] DEBUG:colcon:Parsed command line arguments: Namespace(log_base=None, log_level=None, verb_name='build', build_base='build', install_base='install', merge_install=False, symlink_install=False, test_result_base=None, continue_on_error=False, executor='parallel', parallel_workers=16, event_handlers=None, ignore_user_meta=False, metas=['./colcon.meta'], base_paths=['.'], packages_ignore=None, packages_ignore_regex=None, paths=None, packages_up_to=None, packages_up_to_regex=None, packages_above=None, packages_above_and_dependencies=None, packages_above_depth=None, packages_select_by_dep=None, packages_skip_by_dep=None, packages_skip_up_to=None, packages_select_build_failed=False, packages_skip_build_finished=False, packages_select_test_failures=False, packages_skip_test_passed=False, packages_select=None, packages_skip=None, packages_select_regex=None, packages_skip_regex=None, packages_start=None, packages_end=None, allow_overriding=[], cmake_args=None, cmake_target=None, cmake_target_skip_unavailable=False, cmake_clean_cache=False, cmake_clean_first=False, cmake_force_configure=False, ament_cmake_args=None, catkin_cmake_args=None, catkin_skip_building_tests=False, mixin_files=None, mixin=None, verb_parser=<colcon_mixin.mixin.mixin_argument.MixinArgumentDecorator object at 0x70810b38c470>, verb_extension=<colcon_core.verb.build.BuildVerb object at 0x70810c234110>, main=<bound method BuildVerb.main of <colcon_core.verb.build.BuildVerb object at 0x70810c234110>>, mixin_verb=('build',))
[0.089s] Level 1:colcon.colcon_core.package_discovery:discover_packages(colcon_meta) check parameters
[0.089s] Level 1:colcon.colcon_core.package_discovery:discover_packages(recursive) check parameters
[0.089s] Level 1:colcon.colcon_core.package_discovery:discover_packages(ignore) check parameters
[0.089s] Level 1:colcon.colcon_core.package_discovery:discover_packages(path) check parameters
[0.089s] Level 1:colcon.colcon_core.package_discovery:discover_packages(colcon_meta) discover
[0.089s] Level 1:colcon.colcon_core.package_discovery:discover_packages(recursive) discover
[0.089s] INFO:colcon.colcon_core.package_discovery:Crawling recursively for packages in '/home/kdh/Desktop/21th_robit_intern_kimdohun/ROS2/Day1/hw2'
[0.090s] Level 1:colcon.colcon_core.package_identification:_identify(.) by extensions ['ignore', 'ignore_ament_install']
[0.090s] Level 1:colcon.colcon_core.package_identification:_identify(.) by extension 'ignore'
[0.090s] Level 1:colcon.colcon_core.package_identification:_identify(.) by extension 'ignore_ament_install'
[0.090s] Level 1:colcon.colcon_core.package_identification:_identify(.) by extensions ['colcon_pkg']
[0.090s] Level 1:colcon.colcon_core.package_identification:_identify(.) by extension 'colcon_pkg'
[0.090s] Level 1:colcon.colcon_core.package_identification:_identify(.) by extensions ['colcon_meta']
[0.090s] Level 1:colcon.colcon_core.package_identification:_identify(.) by extension 'colcon_meta'
[0.090s] Level 1:colcon.colcon_core.package_identification:_identify(.) by extensions ['ros']
[0.090s] Level 1:colcon.colcon_core.package_identification:_identify(.) by extension 'ros'
[0.102s] Level 1:colcon.colcon_core.package_identification:_identify(.) by extensions ['cmake', 'python']
[0.102s] Level 1:colcon.colcon_core.package_identification:_identify(.) by extension 'cmake'
[0.102s] Level 1:colcon.colcon_core.package_identification:_identify(.) by extension 'python'
[0.102s] Level 1:colcon.colcon_core.package_identification:_identify(.) by extensions ['python_setup_py']
[0.102s] Level 1:colcon.colcon_core.package_identification:_identify(.) by extension 'python_setup_py'
[0.102s] Level 1:colcon.colcon_core.package_identification:_identify(build) by extensions ['ignore', 'ignore_ament_install']
[0.102s] Level 1:colcon.colcon_core.package_identification:_identify(build) by extension 'ignore'
[0.103s] Level 1:colcon.colcon_core.package_identification:_identify(build) ignored
[0.103s] Level 1:colcon.colcon_core.package_identification:_identify(hw2_package) by extensions ['ignore', 'ignore_ament_install']
[0.103s] Level 1:colcon.colcon_core.package_identification:_identify(hw2_package) by extension 'ignore'
[0.103s] Level 1:colcon.colcon_core.package_identification:_identify(hw2_package) by extension 'ignore_ament_install'
[0.103s] Level 1:colcon.colcon_core.package_identification:_identify(hw2_package) by extensions ['colcon_pkg']
[0.103s] Level 1:colcon.colcon_core.package_identification:_identify(hw2_package) by extension 'colcon_pkg'
[0.103s] Level 1:colcon.colcon_core.package_identification:_identify(hw2_package) by extensions ['colcon_meta']
[0.103s] Level 1:colcon.colcon_core.package_identification:_identify(hw2_package) by extension 'colcon_meta'
[0.103s] Level 1:colcon.colcon_core.package_identification:_identify(hw2_package) by extensions ['ros']
[0.103s] Level 1:colcon.colcon_core.package_identification:_identify(hw2_package) by extension 'ros'
[0.104s] DEBUG:colcon.colcon_core.package_identification:Package 'hw2_package' with type 'ros.ament_cmake' and name 'hw2_package'
[0.104s] Level 1:colcon.colcon_core.package_identification:_identify(install) by extensions ['ignore', 'ignore_ament_install']
[0.104s] Level 1:colcon.colcon_core.package_identification:_identify(install) by extension 'ignore'
[0.104s] Level 1:colcon.colcon_core.package_identification:_identify(install) ignored
[0.104s] Level 1:colcon.colcon_core.package_identification:_identify(log) by extensions ['ignore', 'ignore_ament_install']
[0.104s] Level 1:colcon.colcon_core.package_identification:_identify(log) by extension 'ignore'
[0.104s] Level 1:colcon.colcon_core.package_identification:_identify(log) ignored
[0.104s] Level 1:colcon.colcon_core.package_discovery:discover_packages(recursive) using defaults
[0.104s] Level 1:colcon.colcon_core.package_discovery:discover_packages(ignore) discover
[0.104s] Level 1:colcon.colcon_core.package_discovery:discover_packages(ignore) using defaults
[0.104s] Level 1:colcon.colcon_core.package_discovery:discover_packages(path) discover
[0.104s] Level 1:colcon.colcon_core.package_discovery:discover_packages(path) using defaults
[0.113s] Level 1:colcon.colcon_core.package_discovery:discover_packages(prefix_path) check parameters
[0.113s] Level 1:colcon.colcon_core.package_discovery:discover_packages(prefix_path) discover
[0.114s] DEBUG:colcon.colcon_installed_package_information.package_discovery:Found 1 installed packages in /home/kdh/Desktop/21th_robit_intern_kimdohun/ROS2/Day1/hw2/install
[0.114s] DEBUG:colcon.colcon_installed_package_information.package_discovery:Found 287 installed packages in /opt/ros/jazzy
[0.115s] Level 1:colcon.colcon_core.package_discovery:discover_packages(prefix_path) using defaults
[0.132s] Level 5:colcon.colcon_core.verb:set package 'hw2_package' build argument 'cmake_args' from command line to 'None'
[0.132s] Level 5:colcon.colcon_core.verb:set package 'hw2_package' build argument 'cmake_target' from command line to 'None'
[0.132s] Level 5:colcon.colcon_core.verb:set package 'hw2_package' build argument 'cmake_target_skip_unavailable' from command line to 'False'
[0.132s] Level 5:colcon.colcon_core.verb:set package 'hw2_package' build argument 'cmake_clean_cache' from command line to 'False'
[0.132s] Level 5:colcon.colcon_core.verb:set package 'hw2_package' build argument 'cmake_clean_first' from command line to 'False'
[0.132s] Level 5:colcon.colcon_core.verb:set package 'hw2_package' build argument 'cmake_force_configure' from command line to 'False'
[0.132s] Level 5:colcon.colcon_core.verb:set package 'hw2_package' build argument 'ament_cmake_args' from command line to 'None'
[0.132s] Level 5:colcon.colcon_core.verb:set package 'hw2_package' build argument 'catkin_cmake_args' from command line to 'None'
[0.132s] Level 5:colcon.colcon_core.verb:set package 'hw2_package' build argument 'catkin_skip_building_tests' from command line to 'False'
[0.132s] DEBUG:colcon.colcon_core.verb:Building package 'hw2_package' with the following arguments: {'ament_cmake_args': None, 'build_base': '/home/kdh/Desktop/21th_robit_intern_kimdohun/ROS2/Day1/hw2/build/hw2_package', 'catkin_cmake_args': None, 'catkin_skip_building_tests': False, 'cmake_args': None, 'cmake_clean_cache': False, 'cmake_clean_first': False, 'cmake_force_configure': False, 'cmake_target': None, 'cmake_target_skip_unavailable': False, 'install_base': '/home/kdh/Desktop/21th_robit_intern_kimdohun/ROS2/Day1/hw2/install/hw2_package', 'merge_install': False, 'path': '/home/kdh/Desktop/21th_robit_intern_kimdohun/ROS2/Day1/hw2/hw2_package', 'symlink_install': False, 'test_result_base': None}
[0.132s] INFO:colcon.colcon_core.executor:Executing jobs using 'parallel' executor
[0.133s] DEBUG:colcon.colcon_parallel_executor.executor.parallel:run_until_complete
[0.133s] INFO:colcon.colcon_ros.task.ament_cmake.build:Building ROS package in '/home/kdh/Desktop/21th_robit_intern_kimdohun/ROS2/Day1/hw2/hw2_package' with build type 'ament_cmake'
[0.134s] INFO:colcon.colcon_cmake.task.cmake.build:Building CMake package in '/home/kdh/Desktop/21th_robit_intern_kimdohun/ROS2/Day1/hw2/hw2_package'
[0.136s] INFO:colcon.colcon_core.plugin_system:Skipping extension 'colcon_core.shell.bat': Not used on non-Windows systems
[0.136s] INFO:colcon.colcon_core.shell:Skip shell extension 'powershell' for command environment: Not usable outside of PowerShell
[0.136s] DEBUG:colcon.colcon_core.shell:Skip shell extension 'dsv' for command environment
[0.144s] DEBUG:colcon.colcon_core.event_handler.log_command:Invoking command in '/home/kdh/Desktop/21th_robit_intern_kimdohun/ROS2/Day1/hw2/build/hw2_package': CMAKE_PREFIX_PATH=${CMAKE_PREFIX_PATH}:/opt/ros/jazzy DEBUGINFOD_URLS=https://debuginfod.ubuntu.com /usr/bin/cmake --build /home/kdh/Desktop/21th_robit_intern_kimdohun/ROS2/Day1/hw2/build/hw2_package -- -j16 -l16
[13.593s] DEBUG:colcon.colcon_core.event_handler.log_command:Invoked command in '/home/kdh/Desktop/21th_robit_intern_kimdohun/ROS2/Day1/hw2/build/hw2_package' returned '0': CMAKE_PREFIX_PATH=${CMAKE_PREFIX_PATH}:/opt/ros/jazzy DEBUGINFOD_URLS=https://debuginfod.ubuntu.com /usr/bin/cmake --build /home/kdh/Desktop/21th_robit_intern_kimdohun/ROS2/Day1/hw2/build/hw2_package -- -j16 -l16
[13.601s] DEBUG:colcon.colcon_core.event_handler.log_command:Invoking command in '/home/kdh/Desktop/21th_robit_intern_kimdohun/ROS2/Day1/hw2/build/hw2_package': CMAKE_PREFIX_PATH=${CMAKE_PREFIX_PATH}:/opt/ros/jazzy DEBUGINFOD_URLS=https://debuginfod.ubuntu.com /usr/bin/cmake --install /home/kdh/Desktop/21th_robit_intern_kimdohun/ROS2/Day1/hw2/build/hw2_package
[13.617s] Level 1:colcon.colcon_core.environment:create_environment_scripts_only(hw2_package)
[13.617s] DEBUG:colcon.colcon_core.event_handler.log_command:Invoked command in '/home/kdh/Desktop/21th_robit_intern_kimdohun/ROS2/Day1/hw2/build/hw2_package' returned '0': CMAKE_PREFIX_PATH=${CMAKE_PREFIX_PATH}:/opt/ros/jazzy DEBUGINFOD_URLS=https://debuginfod.ubuntu.com /usr/bin/cmake --install /home/kdh/Desktop/21th_robit_intern_kimdohun/ROS2/Day1/hw2/build/hw2_package
[13.618s] Level 1:colcon.colcon_core.environment:checking '/home/kdh/Desktop/21th_robit_intern_kimdohun/ROS2/Day1/hw2/install/hw2_package' for CMake module files
[13.618s] Level 1:colcon.colcon_core.environment:checking '/home/kdh/Desktop/21th_robit_intern_kimdohun/ROS2/Day1/hw2/install/hw2_package' for CMake config files
[13.619s] Level 1:colcon.colcon_core.shell:create_environment_hook('hw2_package', 'cmake_prefix_path')
[13.619s] INFO:colcon.colcon_core.shell:Creating environment hook '/home/kdh/Desktop/21th_robit_intern_kimdohun/ROS2/Day1/hw2/install/hw2_package/share/hw2_package/hook/cmake_prefix_path.ps1'
[13.619s] INFO:colcon.colcon_core.shell:Creating environment descriptor '/home/kdh/Desktop/21th_robit_intern_kimdohun/ROS2/Day1/hw2/install/hw2_package/share/hw2_package/hook/cmake_prefix_path.dsv'
[13.619s] INFO:colcon.colcon_core.shell:Creating environment hook '/home/kdh/Desktop/21th_robit_intern_kimdohun/ROS2/Day1/hw2/install/hw2_package/share/hw2_package/hook/cmake_prefix_path.sh'
[13.620s] Level 1:colcon.colcon_core.environment:checking '/home/kdh/Desktop/21th_robit_intern_kimdohun/ROS2/Day1/hw2/install/hw2_package/lib'
[13.620s] Level 1:colcon.colcon_core.environment:checking '/home/kdh/Desktop/21th_robit_intern_kimdohun/ROS2/Day1/hw2/install/hw2_package/bin'
[13.620s] Level 1:colcon.colcon_core.environment:checking '/home/kdh/Desktop/21th_robit_intern_kimdohun/ROS2/Day1/hw2/install/hw2_package/lib/pkgconfig/hw2_package.pc'
[13.620s] Level 1:colcon.colcon_core.environment:checking '/home/kdh/Desktop/21th_robit_intern_kimdohun/ROS2/Day1/hw2/install/hw2_package/lib/python3.12/site-packages'
[13.620s] Level 1:colcon.colcon_core.environment:checking '/home/kdh/Desktop/21th_robit_intern_kimdohun/ROS2/Day1/hw2/install/hw2_package/bin'
[13.620s] INFO:colcon.colcon_core.shell:Creating package script '/home/kdh/Desktop/21th_robit_intern_kimdohun/ROS2/Day1/hw2/install/hw2_package/share/hw2_package/package.ps1'
[13.621s] INFO:colcon.colcon_core.shell:Creating package descriptor '/home/kdh/Desktop/21th_robit_intern_kimdohun/ROS2/Day1/hw2/install/hw2_package/share/hw2_package/package.dsv'
[13.621s] INFO:colcon.colcon_core.shell:Creating package script '/home/kdh/Desktop/21th_robit_intern_kimdohun/ROS2/Day1/hw2/install/hw2_package/share/hw2_package/package.sh'
[13.621s] INFO:colcon.colcon_core.shell:Creating package script '/home/kdh/Desktop/21th_robit_intern_kimdohun/ROS2/Day1/hw2/install/hw2_package/share/hw2_package/package.bash'
[13.622s] INFO:colcon.colcon_core.shell:Creating package script '/home/kdh/Desktop/21th_robit_intern_kimdohun/ROS2/Day1/hw2/install/hw2_package/share/hw2_package/package.zsh'
[13.622s] Level 1:colcon.colcon_core.environment:create_file_with_runtime_dependencies(/home/kdh/Desktop/21th_robit_intern_kimdohun/ROS2/Day1/hw2/install/hw2_package/share/colcon-core/packages/hw2_package)
[13.622s] Level 1:colcon.colcon_core.environment:create_environment_scripts_only(hw2_package)
[13.622s] Level 1:colcon.colcon_core.environment:checking '/home/kdh/Desktop/21th_robit_intern_kimdohun/ROS2/Day1/hw2/install/hw2_package' for CMake module files
[13.623s] Level 1:colcon.colcon_core.environment:checking '/home/kdh/Desktop/21th_robit_intern_kimdohun/ROS2/Day1/hw2/install/hw2_package' for CMake config files
[13.623s] Level 1:colcon.colcon_core.shell:create_environment_hook('hw2_package', 'cmake_prefix_path')
[13.623s] INFO:colcon.colcon_core.shell:Creating environment hook '/home/kdh/Desktop/21th_robit_intern_kimdohun/ROS2/Day1/hw2/install/hw2_package/share/hw2_package/hook/cmake_prefix_path.ps1'
[13.623s] INFO:colcon.colcon_core.shell:Creating environment descriptor '/home/kdh/Desktop/21th_robit_intern_kimdohun/ROS2/Day1/hw2/install/hw2_package/share/hw2_package/hook/cmake_prefix_path.dsv'
[13.623s] INFO:colcon.colcon_core.shell:Creating environment hook '/home/kdh/Desktop/21th_robit_intern_kimdohun/ROS2/Day1/hw2/install/hw2_package/share/hw2_package/hook/cmake_prefix_path.sh'
[13.623s] Level 1:colcon.colcon_core.environment:checking '/home/kdh/Desktop/21th_robit_intern_kimdohun/ROS2/Day1/hw2/install/hw2_package/lib'
[13.623s] Level 1:colcon.colcon_core.environment:checking '/home/kdh/Desktop/21th_robit_intern_kimdohun/ROS2/Day1/hw2/install/hw2_package/bin'
[13.623s] Level 1:colcon.colcon_core.environment:checking '/home/kdh/Desktop/21th_robit_intern_kimdohun/ROS2/Day1/hw2/install/hw2_package/lib/pkgconfig/hw2_package.pc'
[13.624s] Level 1:colcon.colcon_core.environment:checking '/home/kdh/Desktop/21th_robit_intern_kimdohun/ROS2/Day1/hw2/install/hw2_package/lib/python3.12/site-packages'
[13.624s] Level 1:colcon.colcon_core.environment:checking '/home/kdh/Desktop/21th_robit_intern_kimdohun/ROS2/Day1/hw2/install/hw2_package/bin'
[13.624s] INFO:colcon.colcon_core.shell:Creating package script '/home/kdh/Desktop/21th_robit_intern_kimdohun/ROS2/Day1/hw2/install/hw2_package/share/hw2_package/package.ps1'
[13.624s] INFO:colcon.colcon_core.shell:Creating package descriptor '/home/kdh/Desktop/21th_robit_intern_kimdohun/ROS2/Day1/hw2/install/hw2_package/share/hw2_package/package.dsv'
[13.624s] INFO:colcon.colcon_core.shell:Creating package script '/home/kdh/Desktop/21th_robit_intern_kimdohun/ROS2/Day1/hw2/install/hw2_package/share/hw2_package/package.sh'
[13.625s] INFO:colcon.colcon_core.shell:Creating package script '/home/kdh/Desktop/21th_robit_intern_kimdohun/ROS2/Day1/hw2/install/hw2_package/share/hw2_package/package.bash'
[13.625s] INFO:colcon.colcon_core.shell:Creating package script '/home/kdh/Desktop/21th_robit_intern_kimdohun/ROS2/Day1/hw2/install/hw2_package/share/hw2_package/package.zsh'
[13.625s] Level 1:colcon.colcon_core.environment:create_file_with_runtime_dependencies(/home/kdh/Desktop/21th_robit_intern_kimdohun/ROS2/Day1/hw2/install/hw2_package/share/colcon-core/packages/hw2_package)
[13.625s] DEBUG:colcon.colcon_parallel_executor.executor.parallel:closing loop
[13.625s] DEBUG:colcon.colcon_parallel_executor.executor.parallel:loop closed
[13.625s] DEBUG:colcon.colcon_parallel_executor.executor.parallel:run_until_complete finished with '0'
[13.625s] DEBUG:colcon.colcon_core.event_reactor:joining thread
[13.633s] INFO:colcon.colcon_core.plugin_system:Skipping extension 'colcon_notification.desktop_notification.terminal_notifier': Not used on non-Darwin systems
[13.633s] INFO:colcon.colcon_core.plugin_system:Skipping extension 'colcon_notification.desktop_notification.win32': Not used on non-Windows systems
[13.633s] INFO:colcon.colcon_notification.desktop_notification:Sending desktop notification using 'notify2'
[13.651s] DEBUG:colcon.colcon_core.event_reactor:joined thread
[13.651s] INFO:colcon.colcon_core.shell:Creating prefix script '/home/kdh/Desktop/21th_robit_intern_kimdohun/ROS2/Day1/hw2/install/local_setup.ps1'
[13.651s] INFO:colcon.colcon_core.shell:Creating prefix util module '/home/kdh/Desktop/21th_robit_intern_kimdohun/ROS2/Day1/hw2/install/_local_setup_util_ps1.py'
[13.652s] INFO:colcon.colcon_core.shell:Creating prefix chain script '/home/kdh/Desktop/21th_robit_intern_kimdohun/ROS2/Day1/hw2/install/setup.ps1'
[13.653s] INFO:colcon.colcon_core.shell:Creating prefix script '/home/kdh/Desktop/21th_robit_intern_kimdohun/ROS2/Day1/hw2/install/local_setup.sh'
[13.653s] INFO:colcon.colcon_core.shell:Creating prefix util module '/home/kdh/Desktop/21th_robit_intern_kimdohun/ROS2/Day1/hw2/install/_local_setup_util_sh.py'
[13.653s] INFO:colcon.colcon_core.shell:Creating prefix chain script '/home/kdh/Desktop/21th_robit_intern_kimdohun/ROS2/Day1/hw2/install/setup.sh'
[13.653s] INFO:colcon.colcon_core.shell:Creating prefix script '/home/kdh/Desktop/21th_robit_intern_kimdohun/ROS2/Day1/hw2/install/local_setup.bash'
[13.654s] INFO:colcon.colcon_core.shell:Creating prefix chain script '/home/kdh/Desktop/21th_robit_intern_kimdohun/ROS2/Day1/hw2/install/setup.bash'
[13.654s] INFO:colcon.colcon_core.shell:Creating prefix script '/home/kdh/Desktop/21th_robit_intern_kimdohun/ROS2/Day1/hw2/install/local_setup.zsh'
[13.654s] INFO:colcon.colcon_core.shell:Creating prefix chain script '/home/kdh/Desktop/21th_robit_intern_kimdohun/ROS2/Day1/hw2/install/setup.zsh'
