-- The C compiler identification is GNU 13.3.0
-- The CXX compiler identification is GNU 13.3.0
-- Detecting C compiler ABI info
-- Detecting C compiler ABI info - done
-- Check for working C compiler: /usr/bin/cc - skipped
-- Detecting C compile features
-- Detecting C compile features - done
-- Detecting CXX compiler ABI info
-- Detecting CXX compiler ABI info - done
-- Check for working CXX compiler: /usr/bin/c++ - skipped
-- Detecting CXX compile features
-- Detecting CXX compile features - done
-- Found ament_cmake: 2.5.6 (/opt/ros/jazzy/share/ament_cmake/cmake)
-- Found Python3: /usr/bin/python3 (found version "3.12.3") found components: Interpreter 
-- Found rclcpp: 28.1.21 (/opt/ros/jazzy/share/rclcpp/cmake)
-- Found rosidl_generator_c: 4.6.9 (/opt/ros/jazzy/share/rosidl_generator_c/cmake)
-- Found rosidl_generator_cpp: 4.6.9 (/opt/ros/jazzy/share/rosidl_generator_cpp/cmake)
-- Using all available rosidl_typesupport_c: rosidl_typesupport_fastrtps_c;rosidl_typesupport_introspection_c
-- Using all available rosidl_typesupport_cpp: rosidl_typesupport_fastrtps_cpp;rosidl_typesupport_introspection_cpp
-- Found rmw_implementation_cmake: 7.3.3 (/opt/ros/jazzy/share/rmw_implementation_cmake/cmake)
-- Found rmw_fastrtps_cpp: 8.4.4 (/opt/ros/jazzy/share/rmw_fastrtps_cpp/cmake)
-- Found OpenSSL: /usr/lib/x86_64-linux-gnu/libcrypto.so (found version "3.0.13")  
-- Found FastRTPS: /opt/ros/jazzy/include (Required is at least version "2.13") 
-- Using RMW implementation 'rmw_fastrtps_cpp' as default
-- Found geometry_msgs: 5.3.8 (/opt/ros/jazzy/share/geometry_msgs/cmake)
-- Found turtlesim: 1.8.4 (/opt/ros/jazzy/share/turtlesim/cmake)
-- Found Boost: /usr/lib/x86_64-linux-gnu/cmake/Boost-1.83.0/BoostConfig.cmake (found suitable version "1.83.0", minimum required is "1.71.0") found components: thread 
-- Found ament_lint_auto: 0.17.5 (/opt/ros/jazzy/share/ament_lint_auto/cmake)
-- Configuring done (0.8s)
-- Generating done (0.0s)
-- Build files have been written to: /home/kdh/Desktop/21th_robit_intern_kimdohun/ROS2/Day2/hw2/hhw2_pkg/build/hhw2_pkg
[  0%] Built target hhw2_pkg_autogen_timestamp_deps
[  9%] [34m[1mAutomatic MOC and UIC for target hhw2_pkg[0m
[  9%] Built target hhw2_pkg_autogen
[ 27%] [34m[1mGenerating include/hhw2_pkg/moc_main_window.cpp[0m
[ 27%] [34m[1mGenerating include/hhw2_pkg/moc_qnode.cpp[0m
[ 81%] [32mBuilding CXX object CMakeFiles/hhw2_pkg.dir/src/qnode.cpp.o[0m
[ 81%] [32mBuilding CXX object CMakeFiles/hhw2_pkg.dir/include/hhw2_pkg/moc_main_window.cpp.o[0m
[ 81%] [32mBuilding CXX object CMakeFiles/hhw2_pkg.dir/src/main_window.cpp.o[0m
[ 81%] [32mBuilding CXX object CMakeFiles/hhw2_pkg.dir/hhw2_pkg_autogen/mocs_compilation.cpp.o[0m
[ 81%] [32mBuilding CXX object CMakeFiles/hhw2_pkg.dir/src/main.cpp.o[0m
[ 81%] [32mBuilding CXX object CMakeFiles/hhw2_pkg.dir/include/hhw2_pkg/moc_qnode.cpp.o[0m
[01m[K/home/kdh/Desktop/21th_robit_intern_kimdohun/ROS2/Day2/hw2/hhw2_pkg/src/main_window.cpp:[m[K In member function ‘[01m[Kvoid MainWindow::[01;32m[Kon_pushButton_7_clicked[m[K()[m[K’:
[01m[K/home/kdh/Desktop/21th_robit_intern_kimdohun/ROS2/Day2/hw2/hhw2_pkg/src/main_window.cpp:178:13:[m[K [01;31m[Kerror: [m[K‘[01m[Kclass Ui::MainWindowDesign[m[K’ has no member named ‘[01m[KlineEdit[m[K’
  178 |         ui->[01;31m[KlineEdit[m[K->text()
      |             [01;31m[K^~~~~~~~[m[K
gmake[2]: *** [CMakeFiles/hhw2_pkg.dir/build.make:119: CMakeFiles/hhw2_pkg.dir/src/main_window.cpp.o] Error 1
gmake[2]: *** Waiting for unfinished jobs....
gmake[1]: *** [CMakeFiles/Makefile2:140: CMakeFiles/hhw2_pkg.dir/all] Error 2
gmake: *** [Makefile:146: all] Error 2
