[0.005s] Invoking command in '/home/kdh/Desktop/21th_robit_intern_kimdohun/ROS2/Day2/hw2/hhw2_pkg/build/hhw2_pkg': CMAKE_PREFIX_PATH=${CMAKE_PREFIX_PATH}:/opt/ros/jazzy DEBUGINFOD_URLS=https://debuginfod.ubuntu.com /usr/bin/cmake /home/kdh/Desktop/21th_robit_intern_kimdohun/ROS2/Day2/hw2/hhw2_pkg -DCMAKE_INSTALL_PREFIX=/home/kdh/Desktop/21th_robit_intern_kimdohun/ROS2/Day2/hw2/hhw2_pkg/install/hhw2_pkg
[0.041s] -- The C compiler identification is GNU 13.3.0
[0.074s] -- The CXX compiler identification is GNU 13.3.0
[0.084s] -- Detecting C compiler ABI info
[0.139s] -- Detecting C compiler ABI info - done
[0.145s] -- Check for working C compiler: /usr/bin/cc - skipped
[0.145s] -- Detecting C compile features
[0.145s] -- Detecting C compile features - done
[0.151s] -- Detecting CXX compiler ABI info
[0.212s] -- Detecting CXX compiler ABI info - done
[0.218s] -- Check for working CXX compiler: /usr/bin/c++ - skipped
[0.218s] -- Detecting CXX compile features
[0.218s] -- Detecting CXX compile features - done
[0.219s] -- Found ament_cmake: 2.5.6 (/opt/ros/jazzy/share/ament_cmake/cmake)
[0.308s] -- Found Python3: /usr/bin/python3 (found version "3.12.3") found components: Interpreter 
[0.367s] -- Found rclcpp: 28.1.21 (/opt/ros/jazzy/share/rclcpp/cmake)
[0.388s] -- Found rosidl_generator_c: 4.6.9 (/opt/ros/jazzy/share/rosidl_generator_c/cmake)
[0.395s] -- Found rosidl_generator_cpp: 4.6.9 (/opt/ros/jazzy/share/rosidl_generator_cpp/cmake)
[0.404s] -- Using all available rosidl_typesupport_c: rosidl_typesupport_fastrtps_c;rosidl_typesupport_introspection_c
[0.416s] -- Using all available rosidl_typesupport_cpp: rosidl_typesupport_fastrtps_cpp;rosidl_typesupport_introspection_cpp
[0.464s] -- Found rmw_implementation_cmake: 7.3.3 (/opt/ros/jazzy/share/rmw_implementation_cmake/cmake)
[0.465s] -- Found rmw_fastrtps_cpp: 8.4.4 (/opt/ros/jazzy/share/rmw_fastrtps_cpp/cmake)
[0.515s] -- Found OpenSSL: /usr/lib/x86_64-linux-gnu/libcrypto.so (found version "3.0.13")  
[0.528s] -- Found FastRTPS: /opt/ros/jazzy/include (Required is at least version "2.13") 
[0.544s] -- Using RMW implementation 'rmw_fastrtps_cpp' as default
[0.600s] -- Found geometry_msgs: 5.3.8 (/opt/ros/jazzy/share/geometry_msgs/cmake)
[0.617s] -- Found turtlesim: 1.8.4 (/opt/ros/jazzy/share/turtlesim/cmake)
[0.705s] -- Found Boost: /usr/lib/x86_64-linux-gnu/cmake/Boost-1.83.0/BoostConfig.cmake (found suitable version "1.83.0", minimum required is "1.71.0") found components: thread 
[0.715s] -- Found ament_lint_auto: 0.17.5 (/opt/ros/jazzy/share/ament_lint_auto/cmake)
[0.782s] -- Configuring done (0.8s)
[0.805s] -- Generating done (0.0s)
[0.808s] -- Build files have been written to: /home/kdh/Desktop/21th_robit_intern_kimdohun/ROS2/Day2/hw2/hhw2_pkg/build/hhw2_pkg
[0.817s] Invoked command in '/home/kdh/Desktop/21th_robit_intern_kimdohun/ROS2/Day2/hw2/hhw2_pkg/build/hhw2_pkg' returned '0': CMAKE_PREFIX_PATH=${CMAKE_PREFIX_PATH}:/opt/ros/jazzy DEBUGINFOD_URLS=https://debuginfod.ubuntu.com /usr/bin/cmake /home/kdh/Desktop/21th_robit_intern_kimdohun/ROS2/Day2/hw2/hhw2_pkg -DCMAKE_INSTALL_PREFIX=/home/kdh/Desktop/21th_robit_intern_kimdohun/ROS2/Day2/hw2/hhw2_pkg/install/hhw2_pkg
[0.819s] Invoking command in '/home/kdh/Desktop/21th_robit_intern_kimdohun/ROS2/Day2/hw2/hhw2_pkg/build/hhw2_pkg': CMAKE_PREFIX_PATH=${CMAKE_PREFIX_PATH}:/opt/ros/jazzy DEBUGINFOD_URLS=https://debuginfod.ubuntu.com /usr/bin/cmake --build /home/kdh/Desktop/21th_robit_intern_kimdohun/ROS2/Day2/hw2/hhw2_pkg/build/hhw2_pkg -- -j16 -l16
[0.851s] [  0%] Built target hhw2_pkg_autogen_timestamp_deps
[0.863s] [  9%] [34m[1mAutomatic MOC and UIC for target hhw2_pkg[0m
[0.896s] [  9%] Built target hhw2_pkg_autogen
[0.902s] [ 27%] [34m[1mGenerating include/hhw2_pkg/moc_main_window.cpp[0m
[0.903s] [ 27%] [34m[1mGenerating include/hhw2_pkg/moc_qnode.cpp[0m
[0.921s] [ 81%] [32mBuilding CXX object CMakeFiles/hhw2_pkg.dir/src/qnode.cpp.o[0m
[0.922s] [ 81%] [32mBuilding CXX object CMakeFiles/hhw2_pkg.dir/include/hhw2_pkg/moc_main_window.cpp.o[0m
[0.922s] [ 81%] [32mBuilding CXX object CMakeFiles/hhw2_pkg.dir/src/main_window.cpp.o[0m
[0.922s] [ 81%] [32mBuilding CXX object CMakeFiles/hhw2_pkg.dir/hhw2_pkg_autogen/mocs_compilation.cpp.o[0m
[0.922s] [ 81%] [32mBuilding CXX object CMakeFiles/hhw2_pkg.dir/src/main.cpp.o[0m
[0.922s] [ 81%] [32mBuilding CXX object CMakeFiles/hhw2_pkg.dir/include/hhw2_pkg/moc_qnode.cpp.o[0m
[2.851s] [01m[K/home/kdh/Desktop/21th_robit_intern_kimdohun/ROS2/Day2/hw2/hhw2_pkg/src/main_window.cpp:[m[K In member function ‘[01m[Kvoid MainWindow::[01;32m[Kon_pushButton_7_clicked[m[K()[m[K’:
[2.851s] [01m[K/home/kdh/Desktop/21th_robit_intern_kimdohun/ROS2/Day2/hw2/hhw2_pkg/src/main_window.cpp:178:13:[m[K [01;31m[Kerror: [m[K‘[01m[Kclass Ui::MainWindowDesign[m[K’ has no member named ‘[01m[KlineEdit[m[K’
[2.851s]   178 |         ui->[01;31m[KlineEdit[m[K->text()
[2.851s]       |             [01;31m[K^~~~~~~~[m[K
[3.717s] gmake[2]: *** [CMakeFiles/hhw2_pkg.dir/build.make:119: CMakeFiles/hhw2_pkg.dir/src/main_window.cpp.o] Error 1
[3.717s] gmake[2]: *** Waiting for unfinished jobs....
[4.678s] gmake[1]: *** [CMakeFiles/Makefile2:140: CMakeFiles/hhw2_pkg.dir/all] Error 2
[4.679s] gmake: *** [Makefile:146: all] Error 2
[4.681s] Invoked command in '/home/kdh/Desktop/21th_robit_intern_kimdohun/ROS2/Day2/hw2/hhw2_pkg/build/hhw2_pkg' returned '2': CMAKE_PREFIX_PATH=${CMAKE_PREFIX_PATH}:/opt/ros/jazzy DEBUGINFOD_URLS=https://debuginfod.ubuntu.com /usr/bin/cmake --build /home/kdh/Desktop/21th_robit_intern_kimdohun/ROS2/Day2/hw2/hhw2_pkg/build/hhw2_pkg -- -j16 -l16
