[0.008s] Invoking command in '/home/kdh/Desktop/21th_robit_intern_kimdohun/ROS2/Day2/hw2/hhw2_pkg/build/hhw2_pkg': CMAKE_PREFIX_PATH=${CMAKE_PREFIX_PATH}:/opt/ros/jazzy DEBUGINFOD_URLS=https://debuginfod.ubuntu.com /usr/bin/cmake --build /home/kdh/Desktop/21th_robit_intern_kimdohun/ROS2/Day2/hw2/hhw2_pkg/build/hhw2_pkg -- -j16 -l16
[0.040s] [  0%] Built target hhw2_pkg_autogen_timestamp_deps
[0.063s] [  9%] [34m[1mAutomatic MOC and UIC for target hhw2_pkg[0m
[0.081s] [  9%] Built target hhw2_pkg_autogen
[0.123s] [ 27%] [32mBuilding CXX object CMakeFiles/hhw2_pkg.dir/src/main_window.cpp.o[0m
[0.123s] [ 27%] [32mBuilding CXX object CMakeFiles/hhw2_pkg.dir/src/qnode.cpp.o[0m
[4.165s] [ 36%] [32m[1mLinking CXX executable hhw2_pkg[0m
[4.728s] [100%] Built target hhw2_pkg
[4.738s] Invoked command in '/home/kdh/Desktop/21th_robit_intern_kimdohun/ROS2/Day2/hw2/hhw2_pkg/build/hhw2_pkg' returned '0': CMAKE_PREFIX_PATH=${CMAKE_PREFIX_PATH}:/opt/ros/jazzy DEBUGINFOD_URLS=https://debuginfod.ubuntu.com /usr/bin/cmake --build /home/kdh/Desktop/21th_robit_intern_kimdohun/ROS2/Day2/hw2/hhw2_pkg/build/hhw2_pkg -- -j16 -l16
[4.744s] Invoking command in '/home/kdh/Desktop/21th_robit_intern_kimdohun/ROS2/Day2/hw2/hhw2_pkg/build/hhw2_pkg': CMAKE_PREFIX_PATH=${CMAKE_PREFIX_PATH}:/opt/ros/jazzy DEBUGINFOD_URLS=https://debuginfod.ubuntu.com /usr/bin/cmake --install /home/kdh/Desktop/21th_robit_intern_kimdohun/ROS2/Day2/hw2/hhw2_pkg/build/hhw2_pkg
[4.749s] -- Install configuration: ""
[4.749s] -- Installing: /home/kdh/Desktop/21th_robit_intern_kimdohun/ROS2/Day2/hw2/hhw2_pkg/install/hhw2_pkg/lib/hhw2_pkg/hhw2_pkg
[4.750s] -- Set non-toolchain portion of runtime path of "/home/kdh/Desktop/21th_robit_intern_kimdohun/ROS2/Day2/hw2/hhw2_pkg/install/hhw2_pkg/lib/hhw2_pkg/hhw2_pkg" to ""
[4.750s] -- Up-to-date: /home/kdh/Desktop/21th_robit_intern_kimdohun/ROS2/Day2/hw2/hhw2_pkg/install/hhw2_pkg/share/ament_index/resource_index/package_run_dependencies/hhw2_pkg
[4.750s] -- Up-to-date: /home/kdh/Desktop/21th_robit_intern_kimdohun/ROS2/Day2/hw2/hhw2_pkg/install/hhw2_pkg/share/ament_index/resource_index/parent_prefix_path/hhw2_pkg
[4.751s] -- Up-to-date: /home/kdh/Desktop/21th_robit_intern_kimdohun/ROS2/Day2/hw2/hhw2_pkg/install/hhw2_pkg/share/hhw2_pkg/environment/ament_prefix_path.sh
[4.751s] -- Up-to-date: /home/kdh/Desktop/21th_robit_intern_kimdohun/ROS2/Day2/hw2/hhw2_pkg/install/hhw2_pkg/share/hhw2_pkg/environment/ament_prefix_path.dsv
[4.751s] -- Up-to-date: /home/kdh/Desktop/21th_robit_intern_kimdohun/ROS2/Day2/hw2/hhw2_pkg/install/hhw2_pkg/share/hhw2_pkg/environment/path.sh
[4.751s] -- Up-to-date: /home/kdh/Desktop/21th_robit_intern_kimdohun/ROS2/Day2/hw2/hhw2_pkg/install/hhw2_pkg/share/hhw2_pkg/environment/path.dsv
[4.751s] -- Up-to-date: /home/kdh/Desktop/21th_robit_intern_kimdohun/ROS2/Day2/hw2/hhw2_pkg/install/hhw2_pkg/share/hhw2_pkg/local_setup.bash
[4.751s] -- Up-to-date: /home/kdh/Desktop/21th_robit_intern_kimdohun/ROS2/Day2/hw2/hhw2_pkg/install/hhw2_pkg/share/hhw2_pkg/local_setup.sh
[4.751s] -- Up-to-date: /home/kdh/Desktop/21th_robit_intern_kimdohun/ROS2/Day2/hw2/hhw2_pkg/install/hhw2_pkg/share/hhw2_pkg/local_setup.zsh
[4.751s] -- Up-to-date: /home/kdh/Desktop/21th_robit_intern_kimdohun/ROS2/Day2/hw2/hhw2_pkg/install/hhw2_pkg/share/hhw2_pkg/local_setup.dsv
[4.751s] -- Installing: /home/kdh/Desktop/21th_robit_intern_kimdohun/ROS2/Day2/hw2/hhw2_pkg/install/hhw2_pkg/share/hhw2_pkg/package.dsv
[4.751s] -- Up-to-date: /home/kdh/Desktop/21th_robit_intern_kimdohun/ROS2/Day2/hw2/hhw2_pkg/install/hhw2_pkg/share/ament_index/resource_index/packages/hhw2_pkg
[4.751s] -- Up-to-date: /home/kdh/Desktop/21th_robit_intern_kimdohun/ROS2/Day2/hw2/hhw2_pkg/install/hhw2_pkg/share/hhw2_pkg/cmake/hhw2_pkgConfig.cmake
[4.751s] -- Up-to-date: /home/kdh/Desktop/21th_robit_intern_kimdohun/ROS2/Day2/hw2/hhw2_pkg/install/hhw2_pkg/share/hhw2_pkg/cmake/hhw2_pkgConfig-version.cmake
[4.752s] -- Up-to-date: /home/kdh/Desktop/21th_robit_intern_kimdohun/ROS2/Day2/hw2/hhw2_pkg/install/hhw2_pkg/share/hhw2_pkg/package.xml
[4.752s] Invoked command in '/home/kdh/Desktop/21th_robit_intern_kimdohun/ROS2/Day2/hw2/hhw2_pkg/build/hhw2_pkg' returned '0': CMAKE_PREFIX_PATH=${CMAKE_PREFIX_PATH}:/opt/ros/jazzy DEBUGINFOD_URLS=https://debuginfod.ubuntu.com /usr/bin/cmake --install /home/kdh/Desktop/21th_robit_intern_kimdohun/ROS2/Day2/hw2/hhw2_pkg/build/hhw2_pkg
