[0.021s] Invoking command in '/home/kdh/Desktop/21th_robit_intern_kimdohun/ROS2/Day2/hw2/build/hhw2_pkg': CMAKE_PREFIX_PATH=${CMAKE_PREFIX_PATH}:/opt/ros/jazzy DEBUGINFOD_URLS=https://debuginfod.ubuntu.com /usr/bin/cmake --build /home/kdh/Desktop/21th_robit_intern_kimdohun/ROS2/Day2/hw2/build/hhw2_pkg -- -j16 -l16
[0.176s] [  0%] Built target hhw2_pkg_autogen_timestamp_deps
[0.279s] [  9%] [34m[1mAutomatic MOC and UIC for target hhw2_pkg[0m
[0.313s] [  9%] Built target hhw2_pkg_autogen
[0.475s] [ 18%] [32mBuilding CXX object CMakeFiles/hhw2_pkg.dir/src/qnode.cpp.o[0m
[7.676s] [ 27%] [32m[1mLinking CXX executable hhw2_pkg[0m
[8.275s] [100%] Built target hhw2_pkg
[8.286s] Invoked command in '/home/kdh/Desktop/21th_robit_intern_kimdohun/ROS2/Day2/hw2/build/hhw2_pkg' returned '0': CMAKE_PREFIX_PATH=${CMAKE_PREFIX_PATH}:/opt/ros/jazzy DEBUGINFOD_URLS=https://debuginfod.ubuntu.com /usr/bin/cmake --build /home/kdh/Desktop/21th_robit_intern_kimdohun/ROS2/Day2/hw2/build/hhw2_pkg -- -j16 -l16
[8.294s] Invoking command in '/home/kdh/Desktop/21th_robit_intern_kimdohun/ROS2/Day2/hw2/build/hhw2_pkg': CMAKE_PREFIX_PATH=${CMAKE_PREFIX_PATH}:/opt/ros/jazzy DEBUGINFOD_URLS=https://debuginfod.ubuntu.com /usr/bin/cmake --install /home/kdh/Desktop/21th_robit_intern_kimdohun/ROS2/Day2/hw2/build/hhw2_pkg
[8.298s] -- Install configuration: ""
[8.298s] -- Installing: /home/kdh/Desktop/21th_robit_intern_kimdohun/ROS2/Day2/hw2/install/hhw2_pkg/lib/hhw2_pkg/hhw2_pkg
[8.300s] -- Set non-toolchain portion of runtime path of "/home/kdh/Desktop/21th_robit_intern_kimdohun/ROS2/Day2/hw2/install/hhw2_pkg/lib/hhw2_pkg/hhw2_pkg" to ""
[8.300s] -- Up-to-date: /home/kdh/Desktop/21th_robit_intern_kimdohun/ROS2/Day2/hw2/install/hhw2_pkg/share/ament_index/resource_index/package_run_dependencies/hhw2_pkg
[8.300s] -- Up-to-date: /home/kdh/Desktop/21th_robit_intern_kimdohun/ROS2/Day2/hw2/install/hhw2_pkg/share/ament_index/resource_index/parent_prefix_path/hhw2_pkg
[8.300s] -- Up-to-date: /home/kdh/Desktop/21th_robit_intern_kimdohun/ROS2/Day2/hw2/install/hhw2_pkg/share/hhw2_pkg/environment/ament_prefix_path.sh
[8.300s] -- Up-to-date: /home/kdh/Desktop/21th_robit_intern_kimdohun/ROS2/Day2/hw2/install/hhw2_pkg/share/hhw2_pkg/environment/ament_prefix_path.dsv
[8.300s] -- Up-to-date: /home/kdh/Desktop/21th_robit_intern_kimdohun/ROS2/Day2/hw2/install/hhw2_pkg/share/hhw2_pkg/environment/path.sh
[8.300s] -- Up-to-date: /home/kdh/Desktop/21th_robit_intern_kimdohun/ROS2/Day2/hw2/install/hhw2_pkg/share/hhw2_pkg/environment/path.dsv
[8.300s] -- Up-to-date: /home/kdh/Desktop/21th_robit_intern_kimdohun/ROS2/Day2/hw2/install/hhw2_pkg/share/hhw2_pkg/local_setup.bash
[8.300s] -- Up-to-date: /home/kdh/Desktop/21th_robit_intern_kimdohun/ROS2/Day2/hw2/install/hhw2_pkg/share/hhw2_pkg/local_setup.sh
[8.301s] -- Up-to-date: /home/kdh/Desktop/21th_robit_intern_kimdohun/ROS2/Day2/hw2/install/hhw2_pkg/share/hhw2_pkg/local_setup.zsh
[8.301s] -- Up-to-date: /home/kdh/Desktop/21th_robit_intern_kimdohun/ROS2/Day2/hw2/install/hhw2_pkg/share/hhw2_pkg/local_setup.dsv
[8.301s] -- Installing: /home/kdh/Desktop/21th_robit_intern_kimdohun/ROS2/Day2/hw2/install/hhw2_pkg/share/hhw2_pkg/package.dsv
[8.301s] -- Up-to-date: /home/kdh/Desktop/21th_robit_intern_kimdohun/ROS2/Day2/hw2/install/hhw2_pkg/share/ament_index/resource_index/packages/hhw2_pkg
[8.301s] -- Up-to-date: /home/kdh/Desktop/21th_robit_intern_kimdohun/ROS2/Day2/hw2/install/hhw2_pkg/share/hhw2_pkg/cmake/hhw2_pkgConfig.cmake
[8.301s] -- Up-to-date: /home/kdh/Desktop/21th_robit_intern_kimdohun/ROS2/Day2/hw2/install/hhw2_pkg/share/hhw2_pkg/cmake/hhw2_pkgConfig-version.cmake
[8.301s] -- Up-to-date: /home/kdh/Desktop/21th_robit_intern_kimdohun/ROS2/Day2/hw2/install/hhw2_pkg/share/hhw2_pkg/package.xml
[8.302s] Invoked command in '/home/kdh/Desktop/21th_robit_intern_kimdohun/ROS2/Day2/hw2/build/hhw2_pkg' returned '0': CMAKE_PREFIX_PATH=${CMAKE_PREFIX_PATH}:/opt/ros/jazzy DEBUGINFOD_URLS=https://debuginfod.ubuntu.com /usr/bin/cmake --install /home/kdh/Desktop/21th_robit_intern_kimdohun/ROS2/Day2/hw2/build/hhw2_pkg
