[0.007s] Invoking command in '/home/kdh/Desktop/21th_robit_intern_kimdohun/ROS2/Day1/hw2/build/hw2_package': CMAKE_PREFIX_PATH=${CMAKE_PREFIX_PATH}:/opt/ros/jazzy DEBUGINFOD_URLS=https://debuginfod.ubuntu.com /usr/bin/cmake /home/kdh/Desktop/21th_robit_intern_kimdohun/ROS2/Day1/hw2/hw2_package -DCMAKE_INSTALL_PREFIX=/home/kdh/Desktop/21th_robit_intern_kimdohun/ROS2/Day1/hw2/install/hw2_package
[0.040s] -- The C compiler identification is GNU 13.3.0
[0.073s] -- The CXX compiler identification is GNU 13.3.0
[0.082s] -- Detecting C compiler ABI info
[0.133s] -- Detecting C compiler ABI info - done
[0.138s] -- Check for working C compiler: /usr/bin/cc - skipped
[0.139s] -- Detecting C compile features
[0.139s] -- Detecting C compile features - done
[0.144s] -- Detecting CXX compiler ABI info
[0.199s] -- Detecting CXX compiler ABI info - done
[0.205s] -- Check for working CXX compiler: /usr/bin/c++ - skipped
[0.205s] -- Detecting CXX compile features
[0.205s] -- Detecting CXX compile features - done
[0.206s] -- Found ament_cmake: 2.5.6 (/opt/ros/jazzy/share/ament_cmake/cmake)
[0.289s] -- Found Python3: /usr/bin/python3 (found version "3.12.3") found components: Interpreter 
[0.360s] -- Found rclcpp: 28.1.21 (/opt/ros/jazzy/share/rclcpp/cmake)
[0.381s] -- Found rosidl_generator_c: 4.6.9 (/opt/ros/jazzy/share/rosidl_generator_c/cmake)
[0.388s] -- Found rosidl_generator_cpp: 4.6.9 (/opt/ros/jazzy/share/rosidl_generator_cpp/cmake)
[0.396s] -- Using all available rosidl_typesupport_c: rosidl_typesupport_fastrtps_c;rosidl_typesupport_introspection_c
[0.407s] -- Using all available rosidl_typesupport_cpp: rosidl_typesupport_fastrtps_cpp;rosidl_typesupport_introspection_cpp
[0.447s] -- Found rmw_implementation_cmake: 7.3.3 (/opt/ros/jazzy/share/rmw_implementation_cmake/cmake)
[0.448s] -- Found rmw_fastrtps_cpp: 8.4.4 (/opt/ros/jazzy/share/rmw_fastrtps_cpp/cmake)
[0.490s] -- Found OpenSSL: /usr/lib/x86_64-linux-gnu/libcrypto.so (found version "3.0.13")  
[0.506s] -- Found FastRTPS: /opt/ros/jazzy/include (Required is at least version "2.13") 
[0.531s] -- Using RMW implementation 'rmw_fastrtps_cpp' as default
[0.588s] -- Found std_msgs: 5.3.8 (/opt/ros/jazzy/share/std_msgs/cmake)
[0.596s] -- Found ament_lint_auto: 0.17.5 (/opt/ros/jazzy/share/ament_lint_auto/cmake)
[0.678s] -- Added test 'cppcheck' to perform static code analysis on C / C++ code
[0.679s] -- Configured cppcheck include dirs: 
[0.679s] -- Configured cppcheck exclude dirs and/or files: 
[0.679s] -- Added test 'lint_cmake' to check CMake code style
[0.680s] -- Added test 'uncrustify' to check C / C++ code style
[0.680s] -- Configured uncrustify additional arguments: 
[0.680s] -- Added test 'xmllint' to check XML markup files
[0.681s] -- Configuring done (0.7s)
[0.689s] -- Generating done (0.0s)
[0.691s] -- Build files have been written to: /home/kdh/Desktop/21th_robit_intern_kimdohun/ROS2/Day1/hw2/build/hw2_package
[0.697s] Invoked command in '/home/kdh/Desktop/21th_robit_intern_kimdohun/ROS2/Day1/hw2/build/hw2_package' returned '0': CMAKE_PREFIX_PATH=${CMAKE_PREFIX_PATH}:/opt/ros/jazzy DEBUGINFOD_URLS=https://debuginfod.ubuntu.com /usr/bin/cmake /home/kdh/Desktop/21th_robit_intern_kimdohun/ROS2/Day1/hw2/hw2_package -DCMAKE_INSTALL_PREFIX=/home/kdh/Desktop/21th_robit_intern_kimdohun/ROS2/Day1/hw2/install/hw2_package
[0.698s] Invoking command in '/home/kdh/Desktop/21th_robit_intern_kimdohun/ROS2/Day1/hw2/build/hw2_package': CMAKE_PREFIX_PATH=${CMAKE_PREFIX_PATH}:/opt/ros/jazzy DEBUGINFOD_URLS=https://debuginfod.ubuntu.com /usr/bin/cmake --build /home/kdh/Desktop/21th_robit_intern_kimdohun/ROS2/Day1/hw2/build/hw2_package -- -j16 -l16
[0.727s] [ 25%] [32mBuilding CXX object CMakeFiles/publisher.dir/src/publisher.cpp.o[0m
[0.728s] [ 50%] [32mBuilding CXX object CMakeFiles/subscriber.dir/src/subscriber.cpp.o[0m
[4.150s] [ 75%] [32m[1mLinking CXX executable publisher[0m
[4.293s] [ 75%] Built target publisher
[6.660s] [100%] [32m[1mLinking CXX executable subscriber[0m
[6.882s] [100%] Built target subscriber
[6.892s] Invoked command in '/home/kdh/Desktop/21th_robit_intern_kimdohun/ROS2/Day1/hw2/build/hw2_package' returned '0': CMAKE_PREFIX_PATH=${CMAKE_PREFIX_PATH}:/opt/ros/jazzy DEBUGINFOD_URLS=https://debuginfod.ubuntu.com /usr/bin/cmake --build /home/kdh/Desktop/21th_robit_intern_kimdohun/ROS2/Day1/hw2/build/hw2_package -- -j16 -l16
[6.898s] Invoking command in '/home/kdh/Desktop/21th_robit_intern_kimdohun/ROS2/Day1/hw2/build/hw2_package': CMAKE_PREFIX_PATH=${CMAKE_PREFIX_PATH}:/opt/ros/jazzy DEBUGINFOD_URLS=https://debuginfod.ubuntu.com /usr/bin/cmake --install /home/kdh/Desktop/21th_robit_intern_kimdohun/ROS2/Day1/hw2/build/hw2_package
[6.903s] -- Install configuration: ""
[6.903s] -- Installing: /home/kdh/Desktop/21th_robit_intern_kimdohun/ROS2/Day1/hw2/install/hw2_package/lib/hw2_package/publisher
[6.904s] -- Set non-toolchain portion of runtime path of "/home/kdh/Desktop/21th_robit_intern_kimdohun/ROS2/Day1/hw2/install/hw2_package/lib/hw2_package/publisher" to ""
[6.904s] -- Installing: /home/kdh/Desktop/21th_robit_intern_kimdohun/ROS2/Day1/hw2/install/hw2_package/lib/hw2_package/subscriber
[6.906s] -- Set non-toolchain portion of runtime path of "/home/kdh/Desktop/21th_robit_intern_kimdohun/ROS2/Day1/hw2/install/hw2_package/lib/hw2_package/subscriber" to ""
[6.906s] -- Installing: /home/kdh/Desktop/21th_robit_intern_kimdohun/ROS2/Day1/hw2/install/hw2_package/share/ament_index/resource_index/package_run_dependencies/hw2_package
[6.906s] -- Installing: /home/kdh/Desktop/21th_robit_intern_kimdohun/ROS2/Day1/hw2/install/hw2_package/share/ament_index/resource_index/parent_prefix_path/hw2_package
[6.906s] -- Installing: /home/kdh/Desktop/21th_robit_intern_kimdohun/ROS2/Day1/hw2/install/hw2_package/share/hw2_package/environment/ament_prefix_path.sh
[6.906s] -- Installing: /home/kdh/Desktop/21th_robit_intern_kimdohun/ROS2/Day1/hw2/install/hw2_package/share/hw2_package/environment/ament_prefix_path.dsv
[6.907s] -- Installing: /home/kdh/Desktop/21th_robit_intern_kimdohun/ROS2/Day1/hw2/install/hw2_package/share/hw2_package/environment/path.sh
[6.907s] -- Installing: /home/kdh/Desktop/21th_robit_intern_kimdohun/ROS2/Day1/hw2/install/hw2_package/share/hw2_package/environment/path.dsv
[6.907s] -- Installing: /home/kdh/Desktop/21th_robit_intern_kimdohun/ROS2/Day1/hw2/install/hw2_package/share/hw2_package/local_setup.bash
[6.907s] -- Installing: /home/kdh/Desktop/21th_robit_intern_kimdohun/ROS2/Day1/hw2/install/hw2_package/share/hw2_package/local_setup.sh
[6.907s] -- Installing: /home/kdh/Desktop/21th_robit_intern_kimdohun/ROS2/Day1/hw2/install/hw2_package/share/hw2_package/local_setup.zsh
[6.907s] -- Installing: /home/kdh/Desktop/21th_robit_intern_kimdohun/ROS2/Day1/hw2/install/hw2_package/share/hw2_package/local_setup.dsv
[6.907s] -- Installing: /home/kdh/Desktop/21th_robit_intern_kimdohun/ROS2/Day1/hw2/install/hw2_package/share/hw2_package/package.dsv
[6.907s] -- Installing: /home/kdh/Desktop/21th_robit_intern_kimdohun/ROS2/Day1/hw2/install/hw2_package/share/ament_index/resource_index/packages/hw2_package
[6.907s] -- Installing: /home/kdh/Desktop/21th_robit_intern_kimdohun/ROS2/Day1/hw2/install/hw2_package/share/hw2_package/cmake/hw2_packageConfig.cmake
[6.907s] -- Installing: /home/kdh/Desktop/21th_robit_intern_kimdohun/ROS2/Day1/hw2/install/hw2_package/share/hw2_package/cmake/hw2_packageConfig-version.cmake
[6.907s] -- Installing: /home/kdh/Desktop/21th_robit_intern_kimdohun/ROS2/Day1/hw2/install/hw2_package/share/hw2_package/package.xml
[6.908s] Invoked command in '/home/kdh/Desktop/21th_robit_intern_kimdohun/ROS2/Day1/hw2/build/hw2_package' returned '0': CMAKE_PREFIX_PATH=${CMAKE_PREFIX_PATH}:/opt/ros/jazzy DEBUGINFOD_URLS=https://debuginfod.ubuntu.com /usr/bin/cmake --install /home/kdh/Desktop/21th_robit_intern_kimdohun/ROS2/Day1/hw2/build/hw2_package
