[0.008s] Invoking command in '/home/kdh/Desktop/21th_robit_intern_kimdohun/ROS2/Day2/hw2/hhw2_pkg/build/hhw2_pkg': CMAKE_PREFIX_PATH=${CMAKE_PREFIX_PATH}:/opt/ros/jazzy DEBUGINFOD_URLS=https://debuginfod.ubuntu.com /usr/bin/cmake --build /home/kdh/Desktop/21th_robit_intern_kimdohun/ROS2/Day2/hw2/hhw2_pkg/build/hhw2_pkg -- -j16 -l16
[0.040s] [  0%] Built target hhw2_pkg_autogen_timestamp_deps
[0.060s] [  9%] [34m[1mAutomatic MOC and UIC for target hhw2_pkg[0m
[0.079s] [  9%] Built target hhw2_pkg_autogen
[0.117s] [ 18%] [32mBuilding CXX object CMakeFiles/hhw2_pkg.dir/src/qnode.cpp.o[0m
[2.976s] [ 27%] [32m[1mLinking CXX executable hhw2_pkg[0m
[3.524s] [100%] Built target hhw2_pkg
[3.534s] Invoked command in '/home/kdh/Desktop/21th_robit_intern_kimdohun/ROS2/Day2/hw2/hhw2_pkg/build/hhw2_pkg' returned '0': CMAKE_PREFIX_PATH=${CMAKE_PREFIX_PATH}:/opt/ros/jazzy DEBUGINFOD_URLS=https://debuginfod.ubuntu.com /usr/bin/cmake --build /home/kdh/Desktop/21th_robit_intern_kimdohun/ROS2/Day2/hw2/hhw2_pkg/build/hhw2_pkg -- -j16 -l16
[3.542s] Invoking command in '/home/kdh/Desktop/21th_robit_intern_kimdohun/ROS2/Day2/hw2/hhw2_pkg/build/hhw2_pkg': CMAKE_PREFIX_PATH=${CMAKE_PREFIX_PATH}:/opt/ros/jazzy DEBUGINFOD_URLS=https://debuginfod.ubuntu.com /usr/bin/cmake --install /home/kdh/Desktop/21th_robit_intern_kimdohun/ROS2/Day2/hw2/hhw2_pkg/build/hhw2_pkg
[3.546s] -- Install configuration: ""
[3.546s] -- Installing: /home/kdh/Desktop/21th_robit_intern_kimdohun/ROS2/Day2/hw2/hhw2_pkg/install/hhw2_pkg/lib/hhw2_pkg/hhw2_pkg
[3.547s] -- Set non-toolchain portion of runtime path of "/home/kdh/Desktop/21th_robit_intern_kimdohun/ROS2/Day2/hw2/hhw2_pkg/install/hhw2_pkg/lib/hhw2_pkg/hhw2_pkg" to ""
[3.547s] -- Up-to-date: /home/kdh/Desktop/21th_robit_intern_kimdohun/ROS2/Day2/hw2/hhw2_pkg/install/hhw2_pkg/share/ament_index/resource_index/package_run_dependencies/hhw2_pkg
[3.547s] -- Up-to-date: /home/kdh/Desktop/21th_robit_intern_kimdohun/ROS2/Day2/hw2/hhw2_pkg/install/hhw2_pkg/share/ament_index/resource_index/parent_prefix_path/hhw2_pkg
[3.547s] -- Up-to-date: /home/kdh/Desktop/21th_robit_intern_kimdohun/ROS2/Day2/hw2/hhw2_pkg/install/hhw2_pkg/share/hhw2_pkg/environment/ament_prefix_path.sh
[3.547s] -- Up-to-date: /home/kdh/Desktop/21th_robit_intern_kimdohun/ROS2/Day2/hw2/hhw2_pkg/install/hhw2_pkg/share/hhw2_pkg/environment/ament_prefix_path.dsv
[3.547s] -- Up-to-date: /home/kdh/Desktop/21th_robit_intern_kimdohun/ROS2/Day2/hw2/hhw2_pkg/install/hhw2_pkg/share/hhw2_pkg/environment/path.sh
[3.548s] -- Up-to-date: /home/kdh/Desktop/21th_robit_intern_kimdohun/ROS2/Day2/hw2/hhw2_pkg/install/hhw2_pkg/share/hhw2_pkg/environment/path.dsv
[3.548s] -- Up-to-date: /home/kdh/Desktop/21th_robit_intern_kimdohun/ROS2/Day2/hw2/hhw2_pkg/install/hhw2_pkg/share/hhw2_pkg/local_setup.bash
[3.548s] -- Up-to-date: /home/kdh/Desktop/21th_robit_intern_kimdohun/ROS2/Day2/hw2/hhw2_pkg/install/hhw2_pkg/share/hhw2_pkg/local_setup.sh
[3.548s] -- Up-to-date: /home/kdh/Desktop/21th_robit_intern_kimdohun/ROS2/Day2/hw2/hhw2_pkg/install/hhw2_pkg/share/hhw2_pkg/local_setup.zsh
[3.548s] -- Up-to-date: /home/kdh/Desktop/21th_robit_intern_kimdohun/ROS2/Day2/hw2/hhw2_pkg/install/hhw2_pkg/share/hhw2_pkg/local_setup.dsv
[3.548s] -- Installing: /home/kdh/Desktop/21th_robit_intern_kimdohun/ROS2/Day2/hw2/hhw2_pkg/install/hhw2_pkg/share/hhw2_pkg/package.dsv
[3.548s] -- Up-to-date: /home/kdh/Desktop/21th_robit_intern_kimdohun/ROS2/Day2/hw2/hhw2_pkg/install/hhw2_pkg/share/ament_index/resource_index/packages/hhw2_pkg
[3.548s] -- Up-to-date: /home/kdh/Desktop/21th_robit_intern_kimdohun/ROS2/Day2/hw2/hhw2_pkg/install/hhw2_pkg/share/hhw2_pkg/cmake/hhw2_pkgConfig.cmake
[3.548s] -- Up-to-date: /home/kdh/Desktop/21th_robit_intern_kimdohun/ROS2/Day2/hw2/hhw2_pkg/install/hhw2_pkg/share/hhw2_pkg/cmake/hhw2_pkgConfig-version.cmake
[3.548s] -- Up-to-date: /home/kdh/Desktop/21th_robit_intern_kimdohun/ROS2/Day2/hw2/hhw2_pkg/install/hhw2_pkg/share/hhw2_pkg/package.xml
[3.549s] Invoked command in '/home/kdh/Desktop/21th_robit_intern_kimdohun/ROS2/Day2/hw2/hhw2_pkg/build/hhw2_pkg' returned '0': CMAKE_PREFIX_PATH=${CMAKE_PREFIX_PATH}:/opt/ros/jazzy DEBUGINFOD_URLS=https://debuginfod.ubuntu.com /usr/bin/cmake --install /home/kdh/Desktop/21th_robit_intern_kimdohun/ROS2/Day2/hw2/hhw2_pkg/build/hhw2_pkg
