-- The C compiler identification is GNU 13.3.0
-- The CXX compiler identification is GNU 13.3.0
-- Detecting C compiler ABI info
-- Detecting C compiler ABI info - done
-- Check for working C compiler: /usr/bin/cc - skipped
-- Detecting C compile features
-- Detecting C compile features - done
-- Detecting CXX compiler ABI info
-- Detecting CXX compiler ABI info - done
-- Check for working CXX compiler: /usr/bin/c++ - skipped
-- Detecting CXX compile features
-- Detecting CXX compile features - done
-- Found ament_cmake: 2.5.6 (/opt/ros/jazzy/share/ament_cmake/cmake)
-- Found Python3: /usr/bin/python3 (found version "3.12.3") found components: Interpreter 
-- Found rclcpp: 28.1.21 (/opt/ros/jazzy/share/rclcpp/cmake)
-- Found rosidl_generator_c: 4.6.9 (/opt/ros/jazzy/share/rosidl_generator_c/cmake)
-- Found rosidl_generator_cpp: 4.6.9 (/opt/ros/jazzy/share/rosidl_generator_cpp/cmake)
-- Using all available rosidl_typesupport_c: rosidl_typesupport_fastrtps_c;rosidl_typesupport_introspection_c
-- Using all available rosidl_typesupport_cpp: rosidl_typesupport_fastrtps_cpp;rosidl_typesupport_introspection_cpp
-- Found rmw_implementation_cmake: 7.3.3 (/opt/ros/jazzy/share/rmw_implementation_cmake/cmake)
-- Found rmw_fastrtps_cpp: 8.4.4 (/opt/ros/jazzy/share/rmw_fastrtps_cpp/cmake)
-- Found OpenSSL: /usr/lib/x86_64-linux-gnu/libcrypto.so (found version "3.0.13")  
-- Found FastRTPS: /opt/ros/jazzy/include (Required is at least version "2.13") 
-- Using RMW implementation 'rmw_fastrtps_cpp' as default
-- Found std_msgs: 5.3.8 (/opt/ros/jazzy/share/std_msgs/cmake)
-- Found custom_interfaces: 0.0.0 (/home/kdh/Desktop/21th_robit_intern_kimdohun/ROS2/Day2/hw1/install/custom_interfaces/share/custom_interfaces/cmake)
-- Found ament_lint_auto: 0.17.5 (/opt/ros/jazzy/share/ament_lint_auto/cmake)
-- Added test 'copyright' to check source files copyright and LICENSE
-- Added test 'cppcheck' to perform static code analysis on C / C++ code
-- Configured cppcheck include dirs: 
-- Configured cppcheck exclude dirs and/or files: 
-- Added test 'cpplint' to check C / C++ code against the Google style
-- Configured cpplint exclude dirs and/or files: 
-- Added test 'lint_cmake' to check CMake code style
-- Added test 'uncrustify' to check C / C++ code style
-- Configured uncrustify additional arguments: 
-- Added test 'xmllint' to check XML markup files
-- Configuring done (1.4s)
-- Generating done (0.0s)
-- Build files have been written to: /home/kdh/Desktop/21th_robit_intern_kimdohun/ROS2/Day2/hw1/build/hw1_pkg
[ 50%] [32mBuilding CXX object CMakeFiles/publisher.dir/src/publisher.cpp.o[0m
[ 50%] [32mBuilding CXX object CMakeFiles/subscriber.dir/src/subscriber.cpp.o[0m
[ 75%] [32m[1mLinking CXX executable publisher[0m
[ 75%] Built target publisher
[100%] [32m[1mLinking CXX executable subscriber[0m
[100%] Built target subscriber
-- Install configuration: ""
-- Installing: /home/kdh/Desktop/21th_robit_intern_kimdohun/ROS2/Day2/hw1/install/hw1_pkg/lib/hw1_pkg/publisher
-- Set non-toolchain portion of runtime path of "/home/kdh/Desktop/21th_robit_intern_kimdohun/ROS2/Day2/hw1/install/hw1_pkg/lib/hw1_pkg/publisher" to ""
-- Installing: /home/kdh/Desktop/21th_robit_intern_kimdohun/ROS2/Day2/hw1/install/hw1_pkg/lib/hw1_pkg/subscriber
-- Set non-toolchain portion of runtime path of "/home/kdh/Desktop/21th_robit_intern_kimdohun/ROS2/Day2/hw1/install/hw1_pkg/lib/hw1_pkg/subscriber" to ""
-- Installing: /home/kdh/Desktop/21th_robit_intern_kimdohun/ROS2/Day2/hw1/install/hw1_pkg/share/ament_index/resource_index/package_run_dependencies/hw1_pkg
-- Installing: /home/kdh/Desktop/21th_robit_intern_kimdohun/ROS2/Day2/hw1/install/hw1_pkg/share/ament_index/resource_index/parent_prefix_path/hw1_pkg
-- Installing: /home/kdh/Desktop/21th_robit_intern_kimdohun/ROS2/Day2/hw1/install/hw1_pkg/share/hw1_pkg/environment/ament_prefix_path.sh
-- Installing: /home/kdh/Desktop/21th_robit_intern_kimdohun/ROS2/Day2/hw1/install/hw1_pkg/share/hw1_pkg/environment/ament_prefix_path.dsv
-- Installing: /home/kdh/Desktop/21th_robit_intern_kimdohun/ROS2/Day2/hw1/install/hw1_pkg/share/hw1_pkg/environment/path.sh
-- Installing: /home/kdh/Desktop/21th_robit_intern_kimdohun/ROS2/Day2/hw1/install/hw1_pkg/share/hw1_pkg/environment/path.dsv
-- Installing: /home/kdh/Desktop/21th_robit_intern_kimdohun/ROS2/Day2/hw1/install/hw1_pkg/share/hw1_pkg/local_setup.bash
-- Installing: /home/kdh/Desktop/21th_robit_intern_kimdohun/ROS2/Day2/hw1/install/hw1_pkg/share/hw1_pkg/local_setup.sh
-- Installing: /home/kdh/Desktop/21th_robit_intern_kimdohun/ROS2/Day2/hw1/install/hw1_pkg/share/hw1_pkg/local_setup.zsh
-- Installing: /home/kdh/Desktop/21th_robit_intern_kimdohun/ROS2/Day2/hw1/install/hw1_pkg/share/hw1_pkg/local_setup.dsv
-- Installing: /home/kdh/Desktop/21th_robit_intern_kimdohun/ROS2/Day2/hw1/install/hw1_pkg/share/hw1_pkg/package.dsv
-- Installing: /home/kdh/Desktop/21th_robit_intern_kimdohun/ROS2/Day2/hw1/install/hw1_pkg/share/ament_index/resource_index/packages/hw1_pkg
-- Installing: /home/kdh/Desktop/21th_robit_intern_kimdohun/ROS2/Day2/hw1/install/hw1_pkg/share/hw1_pkg/cmake/hw1_pkgConfig.cmake
-- Installing: /home/kdh/Desktop/21th_robit_intern_kimdohun/ROS2/Day2/hw1/install/hw1_pkg/share/hw1_pkg/cmake/hw1_pkgConfig-version.cmake
-- Installing: /home/kdh/Desktop/21th_robit_intern_kimdohun/ROS2/Day2/hw1/install/hw1_pkg/share/hw1_pkg/package.xml
