[0.070s] Invoking command in '/home/kdh/Desktop/21th_robit_intern_kimdohun/ROS2/Day1/hw2/build/hw2_package': CMAKE_PREFIX_PATH=${CMAKE_PREFIX_PATH}:/opt/ros/jazzy DEBUGINFOD_URLS=https://debuginfod.ubuntu.com /usr/bin/cmake --build /home/kdh/Desktop/21th_robit_intern_kimdohun/ROS2/Day1/hw2/build/hw2_package -- -j16 -l16
[0.391s] [ 25%] [32mBuilding CXX object CMakeFiles/subscriber.dir/src/subscriber.cpp.o[0m
[0.393s] [ 50%] [32mBuilding CXX object CMakeFiles/publisher.dir/src/publisher.cpp.o[0m
[34.286s] [ 75%] [32m[1mLinking CXX executable publisher[0m
[35.616s] [ 75%] Built target publisher
[73.210s] [100%] [32m[1mLinking CXX executable subscriber[0m
[75.847s] [100%] Built target subscriber
[75.908s] Invoked command in '/home/kdh/Desktop/21th_robit_intern_kimdohun/ROS2/Day1/hw2/build/hw2_package' returned '0': CMAKE_PREFIX_PATH=${CMAKE_PREFIX_PATH}:/opt/ros/jazzy DEBUGINFOD_URLS=https://debuginfod.ubuntu.com /usr/bin/cmake --build /home/kdh/Desktop/21th_robit_intern_kimdohun/ROS2/Day1/hw2/build/hw2_package -- -j16 -l16
[75.966s] Invoking command in '/home/kdh/Desktop/21th_robit_intern_kimdohun/ROS2/Day1/hw2/build/hw2_package': CMAKE_PREFIX_PATH=${CMAKE_PREFIX_PATH}:/opt/ros/jazzy DEBUGINFOD_URLS=https://debuginfod.ubuntu.com /usr/bin/cmake --install /home/kdh/Desktop/21th_robit_intern_kimdohun/ROS2/Day1/hw2/build/hw2_package
[76.006s] -- Install configuration: ""
[76.008s] -- Installing: /home/kdh/Desktop/21th_robit_intern_kimdohun/ROS2/Day1/hw2/install/hw2_package/lib/hw2_package/publisher
[76.018s] -- Set non-toolchain portion of runtime path of "/home/kdh/Desktop/21th_robit_intern_kimdohun/ROS2/Day1/hw2/install/hw2_package/lib/hw2_package/publisher" to ""
[76.019s] -- Installing: /home/kdh/Desktop/21th_robit_intern_kimdohun/ROS2/Day1/hw2/install/hw2_package/lib/hw2_package/subscriber
[76.063s] -- Set non-toolchain portion of runtime path of "/home/kdh/Desktop/21th_robit_intern_kimdohun/ROS2/Day1/hw2/install/hw2_package/lib/hw2_package/subscriber" to ""
[76.065s] -- Up-to-date: /home/kdh/Desktop/21th_robit_intern_kimdohun/ROS2/Day1/hw2/install/hw2_package/share/ament_index/resource_index/package_run_dependencies/hw2_package
[76.066s] -- Up-to-date: /home/kdh/Desktop/21th_robit_intern_kimdohun/ROS2/Day1/hw2/install/hw2_package/share/ament_index/resource_index/parent_prefix_path/hw2_package
[76.066s] -- Up-to-date: /home/kdh/Desktop/21th_robit_intern_kimdohun/ROS2/Day1/hw2/install/hw2_package/share/hw2_package/environment/ament_prefix_path.sh
[76.066s] -- Up-to-date: /home/kdh/Desktop/21th_robit_intern_kimdohun/ROS2/Day1/hw2/install/hw2_package/share/hw2_package/environment/ament_prefix_path.dsv
[76.067s] -- Up-to-date: /home/kdh/Desktop/21th_robit_intern_kimdohun/ROS2/Day1/hw2/install/hw2_package/share/hw2_package/environment/path.sh
[76.067s] -- Up-to-date: /home/kdh/Desktop/21th_robit_intern_kimdohun/ROS2/Day1/hw2/install/hw2_package/share/hw2_package/environment/path.dsv
[76.068s] -- Up-to-date: /home/kdh/Desktop/21th_robit_intern_kimdohun/ROS2/Day1/hw2/install/hw2_package/share/hw2_package/local_setup.bash
[76.069s] -- Up-to-date: /home/kdh/Desktop/21th_robit_intern_kimdohun/ROS2/Day1/hw2/install/hw2_package/share/hw2_package/local_setup.sh
[76.070s] -- Up-to-date: /home/kdh/Desktop/21th_robit_intern_kimdohun/ROS2/Day1/hw2/install/hw2_package/share/hw2_package/local_setup.zsh
[76.070s] -- Up-to-date: /home/kdh/Desktop/21th_robit_intern_kimdohun/ROS2/Day1/hw2/install/hw2_package/share/hw2_package/local_setup.dsv
[76.071s] -- Installing: /home/kdh/Desktop/21th_robit_intern_kimdohun/ROS2/Day1/hw2/install/hw2_package/share/hw2_package/package.dsv
[76.071s] -- Up-to-date: /home/kdh/Desktop/21th_robit_intern_kimdohun/ROS2/Day1/hw2/install/hw2_package/share/ament_index/resource_index/packages/hw2_package
[76.072s] -- Up-to-date: /home/kdh/Desktop/21th_robit_intern_kimdohun/ROS2/Day1/hw2/install/hw2_package/share/hw2_package/cmake/hw2_packageConfig.cmake
[76.072s] -- Up-to-date: /home/kdh/Desktop/21th_robit_intern_kimdohun/ROS2/Day1/hw2/install/hw2_package/share/hw2_package/cmake/hw2_packageConfig-version.cmake
[76.073s] -- Up-to-date: /home/kdh/Desktop/21th_robit_intern_kimdohun/ROS2/Day1/hw2/install/hw2_package/share/hw2_package/package.xml
[76.080s] Invoked command in '/home/kdh/Desktop/21th_robit_intern_kimdohun/ROS2/Day1/hw2/build/hw2_package' returned '0': CMAKE_PREFIX_PATH=${CMAKE_PREFIX_PATH}:/opt/ros/jazzy DEBUGINFOD_URLS=https://debuginfod.ubuntu.com /usr/bin/cmake --install /home/kdh/Desktop/21th_robit_intern_kimdohun/ROS2/Day1/hw2/build/hw2_package
