running egg_info
creating ../build/hw2_py_package/hw2_py_package.egg-info
writing ../build/hw2_py_package/hw2_py_package.egg-info/PKG-INFO
writing dependency_links to ../build/hw2_py_package/hw2_py_package.egg-info/dependency_links.txt
writing entry points to ../build/hw2_py_package/hw2_py_package.egg-info/entry_points.txt
writing requirements to ../build/hw2_py_package/hw2_py_package.egg-info/requires.txt
writing top-level names to ../build/hw2_py_package/hw2_py_package.egg-info/top_level.txt
writing manifest file '../build/hw2_py_package/hw2_py_package.egg-info/SOURCES.txt'
reading manifest file '../build/hw2_py_package/hw2_py_package.egg-info/SOURCES.txt'
writing manifest file '../build/hw2_py_package/hw2_py_package.egg-info/SOURCES.txt'
running build
running build_py
creating /home/kdh/Desktop/21th_robit_intern_kimdohun/ROS2/Day1/hw2/python/build/hw2_py_package/build
creating /home/kdh/Desktop/21th_robit_intern_kimdohun/ROS2/Day1/hw2/python/build/hw2_py_package/build/lib
creating /home/kdh/Desktop/21th_robit_intern_kimdohun/ROS2/Day1/hw2/python/build/hw2_py_package/build/lib/hw2_py_package
copying hw2_py_package/__init__.py -> /home/kdh/Desktop/21th_robit_intern_kimdohun/ROS2/Day1/hw2/python/build/hw2_py_package/build/lib/hw2_py_package
running install
running install_lib
creating /home/kdh/Desktop/21th_robit_intern_kimdohun/ROS2/Day1/hw2/python/install/hw2_py_package/lib/python3.12/site-packages/hw2_py_package
copying /home/kdh/Desktop/21th_robit_intern_kimdohun/ROS2/Day1/hw2/python/build/hw2_py_package/build/lib/hw2_py_package/__init__.py -> /home/kdh/Desktop/21th_robit_intern_kimdohun/ROS2/Day1/hw2/python/install/hw2_py_package/lib/python3.12/site-packages/hw2_py_package
byte-compiling /home/kdh/Desktop/21th_robit_intern_kimdohun/ROS2/Day1/hw2/python/install/hw2_py_package/lib/python3.12/site-packages/hw2_py_package/__init__.py to __init__.cpython-312.pyc
running install_data
creating /home/kdh/Desktop/21th_robit_intern_kimdohun/ROS2/Day1/hw2/python/install/hw2_py_package/share/ament_index
creating /home/kdh/Desktop/21th_robit_intern_kimdohun/ROS2/Day1/hw2/python/install/hw2_py_package/share/ament_index/resource_index
creating /home/kdh/Desktop/21th_robit_intern_kimdohun/ROS2/Day1/hw2/python/install/hw2_py_package/share/ament_index/resource_index/packages
copying resource/hw2_py_package -> /home/kdh/Desktop/21th_robit_intern_kimdohun/ROS2/Day1/hw2/python/install/hw2_py_package/share/ament_index/resource_index/packages
copying package.xml -> /home/kdh/Desktop/21th_robit_intern_kimdohun/ROS2/Day1/hw2/python/install/hw2_py_package/share/hw2_py_package
running install_egg_info
Copying ../build/hw2_py_package/hw2_py_package.egg-info to /home/kdh/Desktop/21th_robit_intern_kimdohun/ROS2/Day1/hw2/python/install/hw2_py_package/lib/python3.12/site-packages/hw2_py_package-0.0.0-py3.12.egg-info
running install_scripts
Installing publisher script to /home/kdh/Desktop/21th_robit_intern_kimdohun/ROS2/Day1/hw2/python/install/hw2_py_package/lib/hw2_py_package
Installing subscriber script to /home/kdh/Desktop/21th_robit_intern_kimdohun/ROS2/Day1/hw2/python/install/hw2_py_package/lib/hw2_py_package
writing list of installed files to '/home/kdh/Desktop/21th_robit_intern_kimdohun/ROS2/Day1/hw2/python/build/hw2_py_package/install.log'
