[0.009s] Invoking command in '/home/kdh/Desktop/21th_robit_intern_kimdohun/ROS2/Day2/hw2/build/hhw2_pkg': CMAKE_PREFIX_PATH=${CMAKE_PREFIX_PATH}:/opt/ros/jazzy DEBUGINFOD_URLS=https://debuginfod.ubuntu.com /usr/bin/cmake /home/kdh/Desktop/21th_robit_intern_kimdohun/ROS2/Day2/hw2/hhw2_pkg -DCMAKE_INSTALL_PREFIX=/home/kdh/Desktop/21th_robit_intern_kimdohun/ROS2/Day2/hw2/install/hhw2_pkg
[0.042s] -- The C compiler identification is GNU 13.3.0
[0.075s] -- The CXX compiler identification is GNU 13.3.0
[0.084s] -- Detecting C compiler ABI info
[0.138s] -- Detecting C compiler ABI info - done
[0.144s] -- Check for working C compiler: /usr/bin/cc - skipped
[0.144s] -- Detecting C compile features
[0.144s] -- Detecting C compile features - done
[0.150s] -- Detecting CXX compiler ABI info
[0.208s] -- Detecting CXX compiler ABI info - done
[0.214s] -- Check for working CXX compiler: /usr/bin/c++ - skipped
[0.214s] -- Detecting CXX compile features
[0.215s] -- Detecting CXX compile features - done
[0.216s] -- Found ament_cmake: 2.5.6 (/opt/ros/jazzy/share/ament_cmake/cmake)
[0.302s] -- Found Python3: /usr/bin/python3 (found version "3.12.3") found components: Interpreter 
[0.400s] -- Found rclcpp: 28.1.21 (/opt/ros/jazzy/share/rclcpp/cmake)
[0.422s] -- Found rosidl_generator_c: 4.6.9 (/opt/ros/jazzy/share/rosidl_generator_c/cmake)
[0.429s] -- Found rosidl_generator_cpp: 4.6.9 (/opt/ros/jazzy/share/rosidl_generator_cpp/cmake)
[0.437s] -- Using all available rosidl_typesupport_c: rosidl_typesupport_fastrtps_c;rosidl_typesupport_introspection_c
[0.447s] -- Using all available rosidl_typesupport_cpp: rosidl_typesupport_fastrtps_cpp;rosidl_typesupport_introspection_cpp
[0.499s] -- Found rmw_implementation_cmake: 7.3.3 (/opt/ros/jazzy/share/rmw_implementation_cmake/cmake)
[0.500s] -- Found rmw_fastrtps_cpp: 8.4.4 (/opt/ros/jazzy/share/rmw_fastrtps_cpp/cmake)
[0.553s] -- Found OpenSSL: /usr/lib/x86_64-linux-gnu/libcrypto.so (found version "3.0.13")  
[0.569s] -- Found FastRTPS: /opt/ros/jazzy/include (Required is at least version "2.13") 
[0.582s] -- Using RMW implementation 'rmw_fastrtps_cpp' as default
[0.622s] -- Found geometry_msgs: 5.3.8 (/opt/ros/jazzy/share/geometry_msgs/cmake)
[0.639s] -- Found turtlesim: 1.8.4 (/opt/ros/jazzy/share/turtlesim/cmake)
[0.731s] -- Found Boost: /usr/lib/x86_64-linux-gnu/cmake/Boost-1.83.0/BoostConfig.cmake (found suitable version "1.83.0", minimum required is "1.71.0") found components: thread 
[0.746s] -- Found ament_lint_auto: 0.17.5 (/opt/ros/jazzy/share/ament_lint_auto/cmake)
[0.811s] -- Configuring done (0.8s)
[0.835s] -- Generating done (0.0s)
[0.837s] -- Build files have been written to: /home/kdh/Desktop/21th_robit_intern_kimdohun/ROS2/Day2/hw2/build/hhw2_pkg
[0.845s] Invoked command in '/home/kdh/Desktop/21th_robit_intern_kimdohun/ROS2/Day2/hw2/build/hhw2_pkg' returned '0': CMAKE_PREFIX_PATH=${CMAKE_PREFIX_PATH}:/opt/ros/jazzy DEBUGINFOD_URLS=https://debuginfod.ubuntu.com /usr/bin/cmake /home/kdh/Desktop/21th_robit_intern_kimdohun/ROS2/Day2/hw2/hhw2_pkg -DCMAKE_INSTALL_PREFIX=/home/kdh/Desktop/21th_robit_intern_kimdohun/ROS2/Day2/hw2/install/hhw2_pkg
[0.847s] Invoking command in '/home/kdh/Desktop/21th_robit_intern_kimdohun/ROS2/Day2/hw2/build/hhw2_pkg': CMAKE_PREFIX_PATH=${CMAKE_PREFIX_PATH}:/opt/ros/jazzy DEBUGINFOD_URLS=https://debuginfod.ubuntu.com /usr/bin/cmake --build /home/kdh/Desktop/21th_robit_intern_kimdohun/ROS2/Day2/hw2/build/hhw2_pkg -- -j16 -l16
[0.877s] [  0%] Built target hhw2_pkg_autogen_timestamp_deps
[0.888s] [  9%] [34m[1mAutomatic MOC and UIC for target hhw2_pkg[0m
[0.920s] [  9%] Built target hhw2_pkg_autogen
[0.926s] [ 27%] [34m[1mGenerating include/hhw2_pkg/moc_main_window.cpp[0m
[0.926s] [ 27%] [34m[1mGenerating include/hhw2_pkg/moc_qnode.cpp[0m
[0.945s] [ 81%] [32mBuilding CXX object CMakeFiles/hhw2_pkg.dir/src/main.cpp.o[0m
[0.945s] [ 81%] [32mBuilding CXX object CMakeFiles/hhw2_pkg.dir/include/hhw2_pkg/moc_qnode.cpp.o[0m
[0.945s] [ 81%] [32mBuilding CXX object CMakeFiles/hhw2_pkg.dir/hhw2_pkg_autogen/mocs_compilation.cpp.o[0m
[0.945s] [ 81%] [32mBuilding CXX object CMakeFiles/hhw2_pkg.dir/src/main_window.cpp.o[0m
[0.945s] [ 81%] [32mBuilding CXX object CMakeFiles/hhw2_pkg.dir/include/hhw2_pkg/moc_main_window.cpp.o[0m
[0.945s] [ 81%] [32mBuilding CXX object CMakeFiles/hhw2_pkg.dir/src/qnode.cpp.o[0m
[4.916s] [ 90%] [32m[1mLinking CXX executable hhw2_pkg[0m
[5.467s] [100%] Built target hhw2_pkg
[5.476s] Invoked command in '/home/kdh/Desktop/21th_robit_intern_kimdohun/ROS2/Day2/hw2/build/hhw2_pkg' returned '0': CMAKE_PREFIX_PATH=${CMAKE_PREFIX_PATH}:/opt/ros/jazzy DEBUGINFOD_URLS=https://debuginfod.ubuntu.com /usr/bin/cmake --build /home/kdh/Desktop/21th_robit_intern_kimdohun/ROS2/Day2/hw2/build/hhw2_pkg -- -j16 -l16
[5.483s] Invoking command in '/home/kdh/Desktop/21th_robit_intern_kimdohun/ROS2/Day2/hw2/build/hhw2_pkg': CMAKE_PREFIX_PATH=${CMAKE_PREFIX_PATH}:/opt/ros/jazzy DEBUGINFOD_URLS=https://debuginfod.ubuntu.com /usr/bin/cmake --install /home/kdh/Desktop/21th_robit_intern_kimdohun/ROS2/Day2/hw2/build/hhw2_pkg
[5.487s] -- Install configuration: ""
[5.487s] -- Installing: /home/kdh/Desktop/21th_robit_intern_kimdohun/ROS2/Day2/hw2/install/hhw2_pkg/lib/hhw2_pkg/hhw2_pkg
[5.489s] -- Set non-toolchain portion of runtime path of "/home/kdh/Desktop/21th_robit_intern_kimdohun/ROS2/Day2/hw2/install/hhw2_pkg/lib/hhw2_pkg/hhw2_pkg" to ""
[5.489s] -- Installing: /home/kdh/Desktop/21th_robit_intern_kimdohun/ROS2/Day2/hw2/install/hhw2_pkg/share/ament_index/resource_index/package_run_dependencies/hhw2_pkg
[5.489s] -- Installing: /home/kdh/Desktop/21th_robit_intern_kimdohun/ROS2/Day2/hw2/install/hhw2_pkg/share/ament_index/resource_index/parent_prefix_path/hhw2_pkg
[5.489s] -- Installing: /home/kdh/Desktop/21th_robit_intern_kimdohun/ROS2/Day2/hw2/install/hhw2_pkg/share/hhw2_pkg/environment/ament_prefix_path.sh
[5.489s] -- Installing: /home/kdh/Desktop/21th_robit_intern_kimdohun/ROS2/Day2/hw2/install/hhw2_pkg/share/hhw2_pkg/environment/ament_prefix_path.dsv
[5.489s] -- Installing: /home/kdh/Desktop/21th_robit_intern_kimdohun/ROS2/Day2/hw2/install/hhw2_pkg/share/hhw2_pkg/environment/path.sh
[5.489s] -- Installing: /home/kdh/Desktop/21th_robit_intern_kimdohun/ROS2/Day2/hw2/install/hhw2_pkg/share/hhw2_pkg/environment/path.dsv
[5.489s] -- Installing: /home/kdh/Desktop/21th_robit_intern_kimdohun/ROS2/Day2/hw2/install/hhw2_pkg/share/hhw2_pkg/local_setup.bash
[5.489s] -- Installing: /home/kdh/Desktop/21th_robit_intern_kimdohun/ROS2/Day2/hw2/install/hhw2_pkg/share/hhw2_pkg/local_setup.sh
[5.489s] -- Installing: /home/kdh/Desktop/21th_robit_intern_kimdohun/ROS2/Day2/hw2/install/hhw2_pkg/share/hhw2_pkg/local_setup.zsh
[5.489s] -- Installing: /home/kdh/Desktop/21th_robit_intern_kimdohun/ROS2/Day2/hw2/install/hhw2_pkg/share/hhw2_pkg/local_setup.dsv
[5.489s] -- Installing: /home/kdh/Desktop/21th_robit_intern_kimdohun/ROS2/Day2/hw2/install/hhw2_pkg/share/hhw2_pkg/package.dsv
[5.489s] -- Installing: /home/kdh/Desktop/21th_robit_intern_kimdohun/ROS2/Day2/hw2/install/hhw2_pkg/share/ament_index/resource_index/packages/hhw2_pkg
[5.489s] -- Installing: /home/kdh/Desktop/21th_robit_intern_kimdohun/ROS2/Day2/hw2/install/hhw2_pkg/share/hhw2_pkg/cmake/hhw2_pkgConfig.cmake
[5.489s] -- Installing: /home/kdh/Desktop/21th_robit_intern_kimdohun/ROS2/Day2/hw2/install/hhw2_pkg/share/hhw2_pkg/cmake/hhw2_pkgConfig-version.cmake
[5.489s] -- Installing: /home/kdh/Desktop/21th_robit_intern_kimdohun/ROS2/Day2/hw2/install/hhw2_pkg/share/hhw2_pkg/package.xml
[5.491s] Invoked command in '/home/kdh/Desktop/21th_robit_intern_kimdohun/ROS2/Day2/hw2/build/hhw2_pkg' returned '0': CMAKE_PREFIX_PATH=${CMAKE_PREFIX_PATH}:/opt/ros/jazzy DEBUGINFOD_URLS=https://debuginfod.ubuntu.com /usr/bin/cmake --install /home/kdh/Desktop/21th_robit_intern_kimdohun/ROS2/Day2/hw2/build/hhw2_pkg
