[0.011s] Invoking command in '/home/kdh/Desktop/21th_robit_intern_kimdohun/ROS2/Day2/hw2/build/hhw2_pkg': CMAKE_PREFIX_PATH=${CMAKE_PREFIX_PATH}:/opt/ros/jazzy DEBUGINFOD_URLS=https://debuginfod.ubuntu.com /usr/bin/cmake --build /home/kdh/Desktop/21th_robit_intern_kimdohun/ROS2/Day2/hw2/build/hhw2_pkg -- -j16 -l16
[0.041s] [  0%] Built target hhw2_pkg_autogen_timestamp_deps
[0.057s] [  9%] [34m[1mAutomatic MOC and UIC for target hhw2_pkg[0m
[0.079s] [  9%] Built target hhw2_pkg_autogen
[0.113s] [ 18%] [32mBuilding CXX object CMakeFiles/hhw2_pkg.dir/src/main_window.cpp.o[0m
[2.110s] [ 27%] [32m[1mLinking CXX executable hhw2_pkg[0m
[2.657s] [100%] Built target hhw2_pkg
[2.669s] Invoked command in '/home/kdh/Desktop/21th_robit_intern_kimdohun/ROS2/Day2/hw2/build/hhw2_pkg' returned '0': CMAKE_PREFIX_PATH=${CMAKE_PREFIX_PATH}:/opt/ros/jazzy DEBUGINFOD_URLS=https://debuginfod.ubuntu.com /usr/bin/cmake --build /home/kdh/Desktop/21th_robit_intern_kimdohun/ROS2/Day2/hw2/build/hhw2_pkg -- -j16 -l16
[2.675s] Invoking command in '/home/kdh/Desktop/21th_robit_intern_kimdohun/ROS2/Day2/hw2/build/hhw2_pkg': CMAKE_PREFIX_PATH=${CMAKE_PREFIX_PATH}:/opt/ros/jazzy DEBUGINFOD_URLS=https://debuginfod.ubuntu.com /usr/bin/cmake --install /home/kdh/Desktop/21th_robit_intern_kimdohun/ROS2/Day2/hw2/build/hhw2_pkg
[2.679s] -- Install configuration: ""
[2.680s] -- Installing: /home/kdh/Desktop/21th_robit_intern_kimdohun/ROS2/Day2/hw2/install/hhw2_pkg/lib/hhw2_pkg/hhw2_pkg
[2.680s] -- Set non-toolchain portion of runtime path of "/home/kdh/Desktop/21th_robit_intern_kimdohun/ROS2/Day2/hw2/install/hhw2_pkg/lib/hhw2_pkg/hhw2_pkg" to ""
[2.680s] -- Up-to-date: /home/kdh/Desktop/21th_robit_intern_kimdohun/ROS2/Day2/hw2/install/hhw2_pkg/share/ament_index/resource_index/package_run_dependencies/hhw2_pkg
[2.681s] -- Up-to-date: /home/kdh/Desktop/21th_robit_intern_kimdohun/ROS2/Day2/hw2/install/hhw2_pkg/share/ament_index/resource_index/parent_prefix_path/hhw2_pkg
[2.681s] -- Up-to-date: /home/kdh/Desktop/21th_robit_intern_kimdohun/ROS2/Day2/hw2/install/hhw2_pkg/share/hhw2_pkg/environment/ament_prefix_path.sh
[2.681s] -- Up-to-date: /home/kdh/Desktop/21th_robit_intern_kimdohun/ROS2/Day2/hw2/install/hhw2_pkg/share/hhw2_pkg/environment/ament_prefix_path.dsv
[2.681s] -- Up-to-date: /home/kdh/Desktop/21th_robit_intern_kimdohun/ROS2/Day2/hw2/install/hhw2_pkg/share/hhw2_pkg/environment/path.sh
[2.681s] -- Up-to-date: /home/kdh/Desktop/21th_robit_intern_kimdohun/ROS2/Day2/hw2/install/hhw2_pkg/share/hhw2_pkg/environment/path.dsv
[2.681s] -- Up-to-date: /home/kdh/Desktop/21th_robit_intern_kimdohun/ROS2/Day2/hw2/install/hhw2_pkg/share/hhw2_pkg/local_setup.bash
[2.681s] -- Up-to-date: /home/kdh/Desktop/21th_robit_intern_kimdohun/ROS2/Day2/hw2/install/hhw2_pkg/share/hhw2_pkg/local_setup.sh
[2.681s] -- Up-to-date: /home/kdh/Desktop/21th_robit_intern_kimdohun/ROS2/Day2/hw2/install/hhw2_pkg/share/hhw2_pkg/local_setup.zsh
[2.681s] -- Up-to-date: /home/kdh/Desktop/21th_robit_intern_kimdohun/ROS2/Day2/hw2/install/hhw2_pkg/share/hhw2_pkg/local_setup.dsv
[2.681s] -- Installing: /home/kdh/Desktop/21th_robit_intern_kimdohun/ROS2/Day2/hw2/install/hhw2_pkg/share/hhw2_pkg/package.dsv
[2.681s] -- Up-to-date: /home/kdh/Desktop/21th_robit_intern_kimdohun/ROS2/Day2/hw2/install/hhw2_pkg/share/ament_index/resource_index/packages/hhw2_pkg
[2.681s] -- Up-to-date: /home/kdh/Desktop/21th_robit_intern_kimdohun/ROS2/Day2/hw2/install/hhw2_pkg/share/hhw2_pkg/cmake/hhw2_pkgConfig.cmake
[2.681s] -- Up-to-date: /home/kdh/Desktop/21th_robit_intern_kimdohun/ROS2/Day2/hw2/install/hhw2_pkg/share/hhw2_pkg/cmake/hhw2_pkgConfig-version.cmake
[2.682s] -- Up-to-date: /home/kdh/Desktop/21th_robit_intern_kimdohun/ROS2/Day2/hw2/install/hhw2_pkg/share/hhw2_pkg/package.xml
[2.683s] Invoked command in '/home/kdh/Desktop/21th_robit_intern_kimdohun/ROS2/Day2/hw2/build/hhw2_pkg' returned '0': CMAKE_PREFIX_PATH=${CMAKE_PREFIX_PATH}:/opt/ros/jazzy DEBUGINFOD_URLS=https://debuginfod.ubuntu.com /usr/bin/cmake --install /home/kdh/Desktop/21th_robit_intern_kimdohun/ROS2/Day2/hw2/build/hhw2_pkg
