[3.732s] Invoking command in '/home/kdh/Desktop/21th_robit_intern_kimdohun/ROS2/Day1/hw2/python/hw2_py_package': DEBUGINFOD_URLS=https://debuginfod.ubuntu.com PYTHONPATH=/home/kdh/Desktop/21th_robit_intern_kimdohun/ROS2/Day1/hw2/build/hw2_py_package/prefix_override:/usr/lib/python3/dist-packages/colcon_core/task/python/colcon_distutils_commands:/home/kdh/Desktop/21th_robit_intern_kimdohun/ROS2/Day1/hw2/install/hw2_py_package/lib/python3.12/site-packages:${PYTHONPATH} /usr/bin/python3 -W ignore:setup.py install is deprecated -W ignore:easy_install command is deprecated setup.py egg_info --egg-base ../../build/hw2_py_package build --build-base /home/kdh/Desktop/21th_robit_intern_kimdohun/ROS2/Day1/hw2/build/hw2_py_package/build install --record /home/kdh/Desktop/21th_robit_intern_kimdohun/ROS2/Day1/hw2/build/hw2_py_package/install.log --install-scripts $base/lib/hw2_py_package --single-version-externally-managed install_data
[5.092s] running egg_info
[5.179s] writing ../../build/hw2_py_package/hw2_py_package.egg-info/PKG-INFO
[5.180s] writing dependency_links to ../../build/hw2_py_package/hw2_py_package.egg-info/dependency_links.txt
[5.182s] writing entry points to ../../build/hw2_py_package/hw2_py_package.egg-info/entry_points.txt
[5.182s] writing requirements to ../../build/hw2_py_package/hw2_py_package.egg-info/requires.txt
[5.183s] writing top-level names to ../../build/hw2_py_package/hw2_py_package.egg-info/top_level.txt
[5.366s] reading manifest file '../../build/hw2_py_package/hw2_py_package.egg-info/SOURCES.txt'
[5.370s] writing manifest file '../../build/hw2_py_package/hw2_py_package.egg-info/SOURCES.txt'
[5.371s] running build
[5.371s] running build_py
[5.373s] running install
[5.405s] running install_lib
[5.502s] running install_data
[5.504s] running install_egg_info
[5.605s] removing '/home/kdh/Desktop/21th_robit_intern_kimdohun/ROS2/Day1/hw2/install/hw2_py_package/lib/python3.12/site-packages/hw2_py_package-0.0.0-py3.12.egg-info' (and everything under it)
[5.605s] Copying ../../build/hw2_py_package/hw2_py_package.egg-info to /home/kdh/Desktop/21th_robit_intern_kimdohun/ROS2/Day1/hw2/install/hw2_py_package/lib/python3.12/site-packages/hw2_py_package-0.0.0-py3.12.egg-info
[5.609s] running install_scripts
[6.260s] Installing publisher script to /home/kdh/Desktop/21th_robit_intern_kimdohun/ROS2/Day1/hw2/install/hw2_py_package/lib/hw2_py_package
[6.261s] Installing subscriber script to /home/kdh/Desktop/21th_robit_intern_kimdohun/ROS2/Day1/hw2/install/hw2_py_package/lib/hw2_py_package
[6.263s] writing list of installed files to '/home/kdh/Desktop/21th_robit_intern_kimdohun/ROS2/Day1/hw2/build/hw2_py_package/install.log'
[6.392s] Invoked command in '/home/kdh/Desktop/21th_robit_intern_kimdohun/ROS2/Day1/hw2/python/hw2_py_package' returned '0': DEBUGINFOD_URLS=https://debuginfod.ubuntu.com PYTHONPATH=/home/kdh/Desktop/21th_robit_intern_kimdohun/ROS2/Day1/hw2/build/hw2_py_package/prefix_override:/usr/lib/python3/dist-packages/colcon_core/task/python/colcon_distutils_commands:/home/kdh/Desktop/21th_robit_intern_kimdohun/ROS2/Day1/hw2/install/hw2_py_package/lib/python3.12/site-packages:${PYTHONPATH} /usr/bin/python3 -W ignore:setup.py install is deprecated -W ignore:easy_install command is deprecated setup.py egg_info --egg-base ../../build/hw2_py_package build --build-base /home/kdh/Desktop/21th_robit_intern_kimdohun/ROS2/Day1/hw2/build/hw2_py_package/build install --record /home/kdh/Desktop/21th_robit_intern_kimdohun/ROS2/Day1/hw2/build/hw2_py_package/install.log --install-scripts $base/lib/hw2_py_package --single-version-externally-managed install_data
