[0.062s] Invoking command in '/home/kdh/Desktop/21th_robit_intern_kimdohun/ROS2/Day1/hw3/build/hw3_package': CMAKE_PREFIX_PATH=${CMAKE_PREFIX_PATH}:/opt/ros/jazzy DEBUGINFOD_URLS=https://debuginfod.ubuntu.com /usr/bin/cmake --build /home/kdh/Desktop/21th_robit_intern_kimdohun/ROS2/Day1/hw3/build/hw3_package -- -j16 -l16
[0.386s] [100%] Built target my_cpp_node
[0.442s] Invoked command in '/home/kdh/Desktop/21th_robit_intern_kimdohun/ROS2/Day1/hw3/build/hw3_package' returned '0': CMAKE_PREFIX_PATH=${CMAKE_PREFIX_PATH}:/opt/ros/jazzy DEBUGINFOD_URLS=https://debuginfod.ubuntu.com /usr/bin/cmake --build /home/kdh/Desktop/21th_robit_intern_kimdohun/ROS2/Day1/hw3/build/hw3_package -- -j16 -l16
[0.491s] Invoking command in '/home/kdh/Desktop/21th_robit_intern_kimdohun/ROS2/Day1/hw3/build/hw3_package': CMAKE_PREFIX_PATH=${CMAKE_PREFIX_PATH}:/opt/ros/jazzy DEBUGINFOD_URLS=https://debuginfod.ubuntu.com /usr/bin/cmake --install /home/kdh/Desktop/21th_robit_intern_kimdohun/ROS2/Day1/hw3/build/hw3_package
[0.531s] -- Install configuration: ""
[0.533s] -- Up-to-date: /home/kdh/Desktop/21th_robit_intern_kimdohun/ROS2/Day1/hw3/install/hw3_package/lib/hw3_package/my_cpp_node
[0.536s] -- Up-to-date: /home/kdh/Desktop/21th_robit_intern_kimdohun/ROS2/Day1/hw3/install/hw3_package/share/ament_index/resource_index/package_run_dependencies/hw3_package
[0.537s] -- Up-to-date: /home/kdh/Desktop/21th_robit_intern_kimdohun/ROS2/Day1/hw3/install/hw3_package/share/ament_index/resource_index/parent_prefix_path/hw3_package
[0.538s] -- Up-to-date: /home/kdh/Desktop/21th_robit_intern_kimdohun/ROS2/Day1/hw3/install/hw3_package/share/hw3_package/environment/ament_prefix_path.sh
[0.538s] -- Up-to-date: /home/kdh/Desktop/21th_robit_intern_kimdohun/ROS2/Day1/hw3/install/hw3_package/share/hw3_package/environment/ament_prefix_path.dsv
[0.538s] -- Up-to-date: /home/kdh/Desktop/21th_robit_intern_kimdohun/ROS2/Day1/hw3/install/hw3_package/share/hw3_package/environment/path.sh
[0.539s] -- Up-to-date: /home/kdh/Desktop/21th_robit_intern_kimdohun/ROS2/Day1/hw3/install/hw3_package/share/hw3_package/environment/path.dsv
[0.539s] -- Up-to-date: /home/kdh/Desktop/21th_robit_intern_kimdohun/ROS2/Day1/hw3/install/hw3_package/share/hw3_package/local_setup.bash
[0.540s] -- Up-to-date: /home/kdh/Desktop/21th_robit_intern_kimdohun/ROS2/Day1/hw3/install/hw3_package/share/hw3_package/local_setup.sh
[0.540s] -- Up-to-date: /home/kdh/Desktop/21th_robit_intern_kimdohun/ROS2/Day1/hw3/install/hw3_package/share/hw3_package/local_setup.zsh
[0.540s] -- Up-to-date: /home/kdh/Desktop/21th_robit_intern_kimdohun/ROS2/Day1/hw3/install/hw3_package/share/hw3_package/local_setup.dsv
[0.541s] -- Installing: /home/kdh/Desktop/21th_robit_intern_kimdohun/ROS2/Day1/hw3/install/hw3_package/share/hw3_package/package.dsv
[0.541s] -- Up-to-date: /home/kdh/Desktop/21th_robit_intern_kimdohun/ROS2/Day1/hw3/install/hw3_package/share/ament_index/resource_index/packages/hw3_package
[0.541s] -- Up-to-date: /home/kdh/Desktop/21th_robit_intern_kimdohun/ROS2/Day1/hw3/install/hw3_package/share/hw3_package/cmake/hw3_packageConfig.cmake
[0.542s] -- Up-to-date: /home/kdh/Desktop/21th_robit_intern_kimdohun/ROS2/Day1/hw3/install/hw3_package/share/hw3_package/cmake/hw3_packageConfig-version.cmake
[0.542s] -- Up-to-date: /home/kdh/Desktop/21th_robit_intern_kimdohun/ROS2/Day1/hw3/install/hw3_package/share/hw3_package/package.xml
[0.550s] Invoked command in '/home/kdh/Desktop/21th_robit_intern_kimdohun/ROS2/Day1/hw3/build/hw3_package' returned '0': CMAKE_PREFIX_PATH=${CMAKE_PREFIX_PATH}:/opt/ros/jazzy DEBUGINFOD_URLS=https://debuginfod.ubuntu.com /usr/bin/cmake --install /home/kdh/Desktop/21th_robit_intern_kimdohun/ROS2/Day1/hw3/build/hw3_package
