[0.007s] Invoking command in '/home/kdh/Desktop/21th_robit_intern_kimdohun/ROS2/Day2/hw2/hhw2_pkg/build/hhw2_pkg': CMAKE_PREFIX_PATH=${CMAKE_PREFIX_PATH}:/opt/ros/jazzy DEBUGINFOD_URLS=https://debuginfod.ubuntu.com /usr/bin/cmake --build /home/kdh/Desktop/21th_robit_intern_kimdohun/ROS2/Day2/hw2/hhw2_pkg/build/hhw2_pkg -- -j16 -l16
[0.039s] [  0%] Built target hhw2_pkg_autogen_timestamp_deps
[0.056s] [  9%] [34m[1mAutomatic MOC and UIC for target hhw2_pkg[0m
[0.077s] [  9%] Built target hhw2_pkg_autogen
[0.111s] [ 18%] [32mBuilding CXX object CMakeFiles/hhw2_pkg.dir/src/main_window.cpp.o[0m
[2.325s] [ 27%] [32m[1mLinking CXX executable hhw2_pkg[0m
[2.885s] [100%] Built target hhw2_pkg
[2.895s] Invoked command in '/home/kdh/Desktop/21th_robit_intern_kimdohun/ROS2/Day2/hw2/hhw2_pkg/build/hhw2_pkg' returned '0': CMAKE_PREFIX_PATH=${CMAKE_PREFIX_PATH}:/opt/ros/jazzy DEBUGINFOD_URLS=https://debuginfod.ubuntu.com /usr/bin/cmake --build /home/kdh/Desktop/21th_robit_intern_kimdohun/ROS2/Day2/hw2/hhw2_pkg/build/hhw2_pkg -- -j16 -l16
[2.903s] Invoking command in '/home/kdh/Desktop/21th_robit_intern_kimdohun/ROS2/Day2/hw2/hhw2_pkg/build/hhw2_pkg': CMAKE_PREFIX_PATH=${CMAKE_PREFIX_PATH}:/opt/ros/jazzy DEBUGINFOD_URLS=https://debuginfod.ubuntu.com /usr/bin/cmake --install /home/kdh/Desktop/21th_robit_intern_kimdohun/ROS2/Day2/hw2/hhw2_pkg/build/hhw2_pkg
[2.908s] -- Install configuration: ""
[2.908s] -- Installing: /home/kdh/Desktop/21th_robit_intern_kimdohun/ROS2/Day2/hw2/hhw2_pkg/install/hhw2_pkg/lib/hhw2_pkg/hhw2_pkg
[2.909s] -- Set non-toolchain portion of runtime path of "/home/kdh/Desktop/21th_robit_intern_kimdohun/ROS2/Day2/hw2/hhw2_pkg/install/hhw2_pkg/lib/hhw2_pkg/hhw2_pkg" to ""
[2.909s] -- Installing: /home/kdh/Desktop/21th_robit_intern_kimdohun/ROS2/Day2/hw2/hhw2_pkg/install/hhw2_pkg/share/ament_index/resource_index/package_run_dependencies/hhw2_pkg
[2.909s] -- Installing: /home/kdh/Desktop/21th_robit_intern_kimdohun/ROS2/Day2/hw2/hhw2_pkg/install/hhw2_pkg/share/ament_index/resource_index/parent_prefix_path/hhw2_pkg
[2.909s] -- Installing: /home/kdh/Desktop/21th_robit_intern_kimdohun/ROS2/Day2/hw2/hhw2_pkg/install/hhw2_pkg/share/hhw2_pkg/environment/ament_prefix_path.sh
[2.909s] -- Installing: /home/kdh/Desktop/21th_robit_intern_kimdohun/ROS2/Day2/hw2/hhw2_pkg/install/hhw2_pkg/share/hhw2_pkg/environment/ament_prefix_path.dsv
[2.909s] -- Installing: /home/kdh/Desktop/21th_robit_intern_kimdohun/ROS2/Day2/hw2/hhw2_pkg/install/hhw2_pkg/share/hhw2_pkg/environment/path.sh
[2.909s] -- Installing: /home/kdh/Desktop/21th_robit_intern_kimdohun/ROS2/Day2/hw2/hhw2_pkg/install/hhw2_pkg/share/hhw2_pkg/environment/path.dsv
[2.909s] -- Installing: /home/kdh/Desktop/21th_robit_intern_kimdohun/ROS2/Day2/hw2/hhw2_pkg/install/hhw2_pkg/share/hhw2_pkg/local_setup.bash
[2.909s] -- Installing: /home/kdh/Desktop/21th_robit_intern_kimdohun/ROS2/Day2/hw2/hhw2_pkg/install/hhw2_pkg/share/hhw2_pkg/local_setup.sh
[2.909s] -- Installing: /home/kdh/Desktop/21th_robit_intern_kimdohun/ROS2/Day2/hw2/hhw2_pkg/install/hhw2_pkg/share/hhw2_pkg/local_setup.zsh
[2.909s] -- Installing: /home/kdh/Desktop/21th_robit_intern_kimdohun/ROS2/Day2/hw2/hhw2_pkg/install/hhw2_pkg/share/hhw2_pkg/local_setup.dsv
[2.909s] -- Installing: /home/kdh/Desktop/21th_robit_intern_kimdohun/ROS2/Day2/hw2/hhw2_pkg/install/hhw2_pkg/share/hhw2_pkg/package.dsv
[2.910s] -- Installing: /home/kdh/Desktop/21th_robit_intern_kimdohun/ROS2/Day2/hw2/hhw2_pkg/install/hhw2_pkg/share/ament_index/resource_index/packages/hhw2_pkg
[2.910s] -- Installing: /home/kdh/Desktop/21th_robit_intern_kimdohun/ROS2/Day2/hw2/hhw2_pkg/install/hhw2_pkg/share/hhw2_pkg/cmake/hhw2_pkgConfig.cmake
[2.910s] -- Installing: /home/kdh/Desktop/21th_robit_intern_kimdohun/ROS2/Day2/hw2/hhw2_pkg/install/hhw2_pkg/share/hhw2_pkg/cmake/hhw2_pkgConfig-version.cmake
[2.910s] -- Installing: /home/kdh/Desktop/21th_robit_intern_kimdohun/ROS2/Day2/hw2/hhw2_pkg/install/hhw2_pkg/share/hhw2_pkg/package.xml
[2.911s] Invoked command in '/home/kdh/Desktop/21th_robit_intern_kimdohun/ROS2/Day2/hw2/hhw2_pkg/build/hhw2_pkg' returned '0': CMAKE_PREFIX_PATH=${CMAKE_PREFIX_PATH}:/opt/ros/jazzy DEBUGINFOD_URLS=https://debuginfod.ubuntu.com /usr/bin/cmake --install /home/kdh/Desktop/21th_robit_intern_kimdohun/ROS2/Day2/hw2/hhw2_pkg/build/hhw2_pkg
