[0.016s] Invoking command in '/home/kdh/Desktop/21th_robit_intern_kimdohun/ROS2/Day2/hw1/build/hw1_pkg': AMENT_PREFIX_PATH=/home/kdh/Desktop/21th_robit_intern_kimdohun/ROS2/Day2/hw1/install/custom_interfaces:${AMENT_PREFIX_PATH} CMAKE_PREFIX_PATH=/home/kdh/Desktop/21th_robit_intern_kimdohun/ROS2/Day2/hw1/install/custom_interfaces:/opt/ros/jazzy/opt/gz_math_vendor:/opt/ros/jazzy/opt/gz_utils_vendor:/opt/ros/jazzy/opt/gz_cmake_vendor:/opt/ros/jazzy DEBUGINFOD_URLS=https://debuginfod.ubuntu.com LD_LIBRARY_PATH=/home/kdh/Desktop/21th_robit_intern_kimdohun/ROS2/Day2/hw1/install/custom_interfaces/lib:${LD_LIBRARY_PATH} PYTHONPATH=/home/kdh/Desktop/21th_robit_intern_kimdohun/ROS2/Day2/hw1/install/custom_interfaces/lib/python3.12/site-packages:${PYTHONPATH} /usr/bin/cmake --build /home/kdh/Desktop/21th_robit_intern_kimdohun/ROS2/Day2/hw1/build/hw1_pkg -- -j16 -l16
[0.060s] -- Found ament_cmake: 2.5.6 (/opt/ros/jazzy/share/ament_cmake/cmake)
[0.300s] -- Found rclcpp: 28.1.21 (/opt/ros/jazzy/share/rclcpp/cmake)
[0.328s] -- Found rosidl_generator_c: 4.6.9 (/opt/ros/jazzy/share/rosidl_generator_c/cmake)
[0.333s] -- Found rosidl_generator_cpp: 4.6.9 (/opt/ros/jazzy/share/rosidl_generator_cpp/cmake)
[0.340s] -- Using all available rosidl_typesupport_c: rosidl_typesupport_fastrtps_c;rosidl_typesupport_introspection_c
[0.349s] -- Using all available rosidl_typesupport_cpp: rosidl_typesupport_fastrtps_cpp;rosidl_typesupport_introspection_cpp
[0.401s] -- Found rmw_implementation_cmake: 7.3.3 (/opt/ros/jazzy/share/rmw_implementation_cmake/cmake)
[0.402s] -- Found rmw_fastrtps_cpp: 8.4.4 (/opt/ros/jazzy/share/rmw_fastrtps_cpp/cmake)
[0.484s] -- Using RMW implementation 'rmw_fastrtps_cpp' as default
[0.553s] -- Found std_msgs: 5.3.8 (/opt/ros/jazzy/share/std_msgs/cmake)
[0.559s] -- Found custom_interfaces: 0.0.0 (/home/kdh/Desktop/21th_robit_intern_kimdohun/ROS2/Day2/hw1/install/custom_interfaces/share/custom_interfaces/cmake)
[0.565s] -- Found ament_lint_auto: 0.17.5 (/opt/ros/jazzy/share/ament_lint_auto/cmake)
[0.658s] -- Added test 'copyright' to check source files copyright and LICENSE
[0.659s] -- Added test 'cppcheck' to perform static code analysis on C / C++ code
[0.660s] -- Configured cppcheck include dirs: /home/kdh/Desktop/21th_robit_intern_kimdohun/ROS2/Day2/hw1/hw1_pkg/include
[0.660s] -- Configured cppcheck exclude dirs and/or files: 
[0.661s] -- Added test 'cpplint' to check C / C++ code against the Google style
[0.661s] -- Configured cpplint exclude dirs and/or files: 
[0.661s] -- Added test 'lint_cmake' to check CMake code style
[0.662s] -- Added test 'uncrustify' to check C / C++ code style
[0.662s] -- Configured uncrustify additional arguments: 
[0.663s] -- Added test 'xmllint' to check XML markup files
[0.663s] -- Configuring done (0.6s)
[0.676s] -- Generating done (0.0s)
[0.679s] -- Build files have been written to: /home/kdh/Desktop/21th_robit_intern_kimdohun/ROS2/Day2/hw1/build/hw1_pkg
[0.752s] [ 25%] [32mBuilding CXX object CMakeFiles/subscriber.dir/src/subscriber.cpp.o[0m
[0.756s] [ 50%] [32mBuilding CXX object CMakeFiles/publisher.dir/src/publisher.cpp.o[0m
[0.903s] In file included from [01m[K/home/kdh/Desktop/21th_robit_intern_kimdohun/ROS2/Day2/hw1/hw1_pkg/src/publisher.cpp:1[m[K:
[0.903s] [01m[K/home/kdh/Desktop/21th_robit_intern_kimdohun/ROS2/Day2/hw1/hw1_pkg/include/hw1_pkg/publisher.hpp:10:10:[m[K [01;31m[Kfatal error: [m[Kstd_msgs/msg/my_message.hpp: No such file or directory
[0.903s]    10 | #include [01;31m[K"std_msgs/msg/my_message.hpp"[m[K
[0.903s]       |          [01;31m[K^~~~~~~~~~~~~~~~~~~~~~~~~~~~~[m[K
[0.903s] compilation terminated.
[0.913s] gmake[2]: *** [CMakeFiles/publisher.dir/build.make:76: CMakeFiles/publisher.dir/src/publisher.cpp.o] Error 1
[0.913s] gmake[1]: *** [CMakeFiles/Makefile2:139: CMakeFiles/publisher.dir/all] Error 2
[0.913s] gmake[1]: *** Waiting for unfinished jobs....
[8.056s] [ 75%] [32m[1mLinking CXX executable subscriber[0m
[8.405s] [ 75%] Built target subscriber
[8.407s] gmake: *** [Makefile:146: all] Error 2
[8.411s] Invoked command in '/home/kdh/Desktop/21th_robit_intern_kimdohun/ROS2/Day2/hw1/build/hw1_pkg' returned '2': AMENT_PREFIX_PATH=/home/kdh/Desktop/21th_robit_intern_kimdohun/ROS2/Day2/hw1/install/custom_interfaces:${AMENT_PREFIX_PATH} CMAKE_PREFIX_PATH=/home/kdh/Desktop/21th_robit_intern_kimdohun/ROS2/Day2/hw1/install/custom_interfaces:/opt/ros/jazzy/opt/gz_math_vendor:/opt/ros/jazzy/opt/gz_utils_vendor:/opt/ros/jazzy/opt/gz_cmake_vendor:/opt/ros/jazzy DEBUGINFOD_URLS=https://debuginfod.ubuntu.com LD_LIBRARY_PATH=/home/kdh/Desktop/21th_robit_intern_kimdohun/ROS2/Day2/hw1/install/custom_interfaces/lib:${LD_LIBRARY_PATH} PYTHONPATH=/home/kdh/Desktop/21th_robit_intern_kimdohun/ROS2/Day2/hw1/install/custom_interfaces/lib/python3.12/site-packages:${PYTHONPATH} /usr/bin/cmake --build /home/kdh/Desktop/21th_robit_intern_kimdohun/ROS2/Day2/hw1/build/hw1_pkg -- -j16 -l16
