[0.010s] Invoking command in '/home/kdh/Desktop/21th_robit_intern_kimdohun/ROS2/Day2/hw3/build/hw3_pkg': CMAKE_PREFIX_PATH=${CMAKE_PREFIX_PATH}:/opt/ros/jazzy DEBUGINFOD_URLS=https://debuginfod.ubuntu.com /usr/bin/cmake /home/kdh/Desktop/21th_robit_intern_kimdohun/ROS2/Day2/hw3/hw3_pkg -DCMAKE_INSTALL_PREFIX=/home/kdh/Desktop/21th_robit_intern_kimdohun/ROS2/Day2/hw3/install/hw3_pkg
[0.099s] -- The C compiler identification is GNU 13.3.0
[0.186s] -- The CXX compiler identification is GNU 13.3.0
[0.216s] -- Detecting C compiler ABI info
[0.362s] -- Detecting C compiler ABI info - done
[0.378s] -- Check for working C compiler: /usr/bin/cc - skipped
[0.379s] -- Detecting C compile features
[0.379s] -- Detecting C compile features - done
[0.392s] -- Detecting CXX compiler ABI info
[0.522s] -- Detecting CXX compiler ABI info - done
[0.541s] -- Check for working CXX compiler: /usr/bin/c++ - skipped
[0.541s] -- Detecting CXX compile features
[0.542s] -- Detecting CXX compile features - done
[0.544s] -- Found ament_cmake: 2.5.6 (/opt/ros/jazzy/share/ament_cmake/cmake)
[0.656s] -- Found Python3: /usr/bin/python3 (found version "3.12.3") found components: Interpreter 
[0.756s] -- Found rclcpp: 28.1.21 (/opt/ros/jazzy/share/rclcpp/cmake)
[0.789s] -- Found rosidl_generator_c: 4.6.9 (/opt/ros/jazzy/share/rosidl_generator_c/cmake)
[0.797s] -- Found rosidl_generator_cpp: 4.6.9 (/opt/ros/jazzy/share/rosidl_generator_cpp/cmake)
[0.806s] -- Using all available rosidl_typesupport_c: rosidl_typesupport_fastrtps_c;rosidl_typesupport_introspection_c
[0.817s] -- Using all available rosidl_typesupport_cpp: rosidl_typesupport_fastrtps_cpp;rosidl_typesupport_introspection_cpp
[0.869s] -- Found rmw_implementation_cmake: 7.3.3 (/opt/ros/jazzy/share/rmw_implementation_cmake/cmake)
[0.870s] -- Found rmw_fastrtps_cpp: 8.4.4 (/opt/ros/jazzy/share/rmw_fastrtps_cpp/cmake)
[0.966s] -- Found OpenSSL: /usr/lib/x86_64-linux-gnu/libcrypto.so (found version "3.0.13")  
[0.992s] -- Found FastRTPS: /opt/ros/jazzy/include (Required is at least version "2.13") 
[1.032s] -- Using RMW implementation 'rmw_fastrtps_cpp' as default
[1.108s] -- Found std_msgs: 5.3.8 (/opt/ros/jazzy/share/std_msgs/cmake)
[1.254s] -- Found Boost: /usr/lib/x86_64-linux-gnu/cmake/Boost-1.83.0/BoostConfig.cmake (found suitable version "1.83.0", minimum required is "1.71.0") found components: thread 
[1.280s] -- Found ament_lint_auto: 0.17.5 (/opt/ros/jazzy/share/ament_lint_auto/cmake)
[1.393s] -- Added test 'copyright' to check source files copyright and LICENSE
[1.413s] -- Added test 'cppcheck' to perform static code analysis on C / C++ code
[1.413s] -- Configured cppcheck include dirs: /home/kdh/Desktop/21th_robit_intern_kimdohun/ROS2/Day2/hw3/hw3_pkg/include
[1.413s] -- Configured cppcheck exclude dirs and/or files: 
[1.430s] -- Added test 'cpplint' to check C / C++ code against the Google style
[1.430s] -- Configured cpplint exclude dirs and/or files: 
[1.437s] -- Added test 'lint_cmake' to check CMake code style
[1.465s] -- Added test 'uncrustify' to check C / C++ code style
[1.465s] -- Configured uncrustify additional arguments: 
[1.469s] -- Added test 'xmllint' to check XML markup files
[1.470s] -- Configuring done (1.4s)
[1.488s] -- Generating done (0.0s)
[1.490s] -- Build files have been written to: /home/kdh/Desktop/21th_robit_intern_kimdohun/ROS2/Day2/hw3/build/hw3_pkg
[1.506s] Invoked command in '/home/kdh/Desktop/21th_robit_intern_kimdohun/ROS2/Day2/hw3/build/hw3_pkg' returned '0': CMAKE_PREFIX_PATH=${CMAKE_PREFIX_PATH}:/opt/ros/jazzy DEBUGINFOD_URLS=https://debuginfod.ubuntu.com /usr/bin/cmake /home/kdh/Desktop/21th_robit_intern_kimdohun/ROS2/Day2/hw3/hw3_pkg -DCMAKE_INSTALL_PREFIX=/home/kdh/Desktop/21th_robit_intern_kimdohun/ROS2/Day2/hw3/install/hw3_pkg
[1.509s] Invoking command in '/home/kdh/Desktop/21th_robit_intern_kimdohun/ROS2/Day2/hw3/build/hw3_pkg': CMAKE_PREFIX_PATH=${CMAKE_PREFIX_PATH}:/opt/ros/jazzy DEBUGINFOD_URLS=https://debuginfod.ubuntu.com /usr/bin/cmake --build /home/kdh/Desktop/21th_robit_intern_kimdohun/ROS2/Day2/hw3/build/hw3_pkg -- -j16 -l16
[1.564s] [ 22%] [34m[1mGenerating ui_mainwindow.h[0m
[1.565s] [ 22%] [34m[1mGenerating include/hw3_pkg/moc_main_window.cpp[0m
[1.571s] [ 33%] [34m[1mGenerating include/hw3_pkg/moc_qnode.cpp[0m
[1.614s] [ 66%] [32mBuilding CXX object CMakeFiles/hw3_pkg.dir/src/main_window.cpp.o[0m
[1.614s] [ 66%] [32mBuilding CXX object CMakeFiles/hw3_pkg.dir/include/hw3_pkg/moc_qnode.cpp.o[0m
[1.614s] [ 66%] [32mBuilding CXX object CMakeFiles/hw3_pkg.dir/include/hw3_pkg/moc_main_window.cpp.o[0m
[1.615s] [ 88%] [32mBuilding CXX object CMakeFiles/hw3_pkg.dir/src/main.cpp.o[0m
[1.615s] [ 88%] [32mBuilding CXX object CMakeFiles/hw3_pkg.dir/src/qnode.cpp.o[0m
[4.445s] [01m[K/home/kdh/Desktop/21th_robit_intern_kimdohun/ROS2/Day2/hw3/hw3_pkg/src/main_window.cpp:[m[K In constructor ‘[01m[KMainWindow::[01;32m[KMainWindow[m[K(QWidget*)[m[K’:
[4.445s] [01m[K/home/kdh/Desktop/21th_robit_intern_kimdohun/ROS2/Day2/hw3/hw3_pkg/src/main_window.cpp:18:12:[m[K [01;31m[Kerror: [m[Kno matching function for call to ‘[01m[KMainWindow::connect(QNode**, void (QNode::*)(QString), MainWindow*, void (MainWindow::*)(QString))[m[K’
[4.445s]    18 |     [01;31m[Kconnect([m[K
[4.445s]       |     [01;31m[K~~~~~~~^[m[K
[4.445s]    19 | [01;31m[K        &qnode,[m[K
[4.445s]       |         [01;31m[K~~~~~~~[m[K
[4.446s]    20 | [01;31m[K        &QNode::messageReceived,[m[K
[4.446s]       |         [01;31m[K~~~~~~~~~~~~~~~~~~~~~~~~[m[K
[4.446s]    21 | [01;31m[K        this,[m[K
[4.446s]       |         [01;31m[K~~~~~[m[K
[4.446s]    22 | [01;31m[K        &MainWindow::updateReceivedMessage[m[K
[4.446s]       |         [01;31m[K~~~~~~~~~~~~~~~~~~~~~~~~~~~~~~~~~~[m[K
[4.446s]    23 | [01;31m[K        )[m[K;
[4.447s]       |         [01;31m[K~[m[K   
[4.447s] In file included from [01m[K/usr/include/x86_64-linux-gnu/qt5/QtWidgets/qwidget.h:45[m[K,
[4.447s]                  from [01m[K/usr/include/x86_64-linux-gnu/qt5/QtWidgets/qmainwindow.h:44[m[K,
[4.447s]                  from [01m[K/usr/include/x86_64-linux-gnu/qt5/QtWidgets/QMainWindow:1[m[K,
[4.447s]                  from [01m[K/home/kdh/Desktop/21th_robit_intern_kimdohun/ROS2/Day2/hw3/hw3_pkg/src/../include/hw3_pkg/main_window.hpp:16[m[K,
[4.447s]                  from [01m[K/home/kdh/Desktop/21th_robit_intern_kimdohun/ROS2/Day2/hw3/hw3_pkg/src/main_window.cpp:12[m[K:
[4.447s] [01m[K/usr/include/x86_64-linux-gnu/qt5/QtCore/qobject.h:242:43:[m[K [01;36m[Knote: [m[Kcandidate: ‘[01m[Kstatic QMetaObject::Connection QObject::[01;32m[Kconnect[m[K(const typename QtPrivate::FunctionPointer<Func>::Object*, Func1, const typename QtPrivate::FunctionPointer<Func2>::Object*, Func2, Qt::ConnectionType) [35m[K[with Func1 = void (QNode::*)(QString); Func2 = void (MainWindow::*)(QString); typename QtPrivate::FunctionPointer<Func>::Object = QNode; typename QtPrivate::FunctionPointer<Func2>::Object = MainWindow][m[K[m[K’
[4.447s]   242 |     static inline QMetaObject::Connection [01;36m[Kconnect[m[K(const typename QtPrivate::FunctionPointer<Func1>::Object *sender, Func1 signal,
[4.448s]       |                                           [01;36m[K^~~~~~~[m[K
[4.448s] [01m[K/usr/include/x86_64-linux-gnu/qt5/QtCore/qobject.h:242:109:[m[K [01;36m[Knote: [m[K  no known conversion for argument 1 from ‘[01m[KQNode**[m[K’ to ‘[01m[Kconst QtPrivate::FunctionPointer<void (QNode::*)(QString)>::Object*[m[K’ {aka ‘[01m[Kconst QNode*[m[K’}
[4.448s]   242 |     static inline QMetaObject::Connection connect([01;36m[Kconst typename QtPrivate::FunctionPointer<Func1>::Object *sender[m[K, Func1 signal,
[4.448s]       |                                                   [01;36m[K~~~~~~~~~~~~~~~~~~~~~~~~~~~~~~~~~~~~~~~~~~~~~~~~~~~~~~~~~~^~~~~~[m[K
[4.448s] [01m[K/usr/include/x86_64-linux-gnu/qt5/QtCore/qobject.h:274:13:[m[K [01;36m[Knote: [m[Kcandidate: ‘[01m[Ktemplate<class Func1, class Func2> static typename std::enable_if<((int)(QtPrivate::FunctionPointer<Func2>::ArgumentCount) >= 0), QMetaObject::Connection>::type QObject::[01;32m[Kconnect[m[K(const typename QtPrivate::FunctionPointer<Func>::Object*, Func1, Func2)[m[K’
[4.448s]   274 |             [01;36m[Kconnect[m[K(const typename QtPrivate::FunctionPointer<Func1>::Object *sender, Func1 signal, Func2 slot)
[4.448s]       |             [01;36m[K^~~~~~~[m[K
[4.448s] [01m[K/usr/include/x86_64-linux-gnu/qt5/QtCore/qobject.h:274:13:[m[K [01;36m[Knote: [m[K  template argument deduction/substitution failed:
[4.468s] [01m[K/home/kdh/Desktop/21th_robit_intern_kimdohun/ROS2/Day2/hw3/hw3_pkg/src/main_window.cpp:18:12:[m[K [01;36m[Knote: [m[K  candidate expects 3 arguments, 4 provided
[4.468s]    18 |     [01;36m[Kconnect([m[K
[4.468s]       |     [01;36m[K~~~~~~~^[m[K
[4.468s]    19 | [01;36m[K        &qnode,[m[K
[4.468s]       |         [01;36m[K~~~~~~~[m[K
[4.468s]    20 | [01;36m[K        &QNode::messageReceived,[m[K
[4.469s]       |         [01;36m[K~~~~~~~~~~~~~~~~~~~~~~~~[m[K
[4.469s]    21 | [01;36m[K        this,[m[K
[4.469s]       |         [01;36m[K~~~~~[m[K
[4.470s]    22 | [01;36m[K        &MainWindow::updateReceivedMessage[m[K
[4.470s]       |         [01;36m[K~~~~~~~~~~~~~~~~~~~~~~~~~~~~~~~~~~[m[K
[4.470s]    23 | [01;36m[K        )[m[K;
[4.470s]       |         [01;36m[K~[m[K   
[4.470s] [01m[K/usr/include/x86_64-linux-gnu/qt5/QtCore/qobject.h:283:13:[m[K [01;36m[Knote: [m[Kcandidate: ‘[01m[Ktemplate<class Func1, class Func2> static typename std::enable_if<(((int)(QtPrivate::FunctionPointer<Func2>::ArgumentCount) >= 0) && (! QtPrivate::FunctionPointer<Func2>::IsPointerToMemberFunction)), QMetaObject::Connection>::type QObject::[01;32m[Kconnect[m[K(const typename QtPrivate::FunctionPointer<Func>::Object*, Func1, const QObject*, Func2, Qt::ConnectionType)[m[K’
[4.470s]   283 |             [01;36m[Kconnect[m[K(const typename QtPrivate::FunctionPointer<Func1>::Object *sender, Func1 signal, const QObject *context, Func2 slot,
[4.470s]       |             [01;36m[K^~~~~~~[m[K
[4.470s] [01m[K/usr/include/x86_64-linux-gnu/qt5/QtCore/qobject.h:283:13:[m[K [01;36m[Knote: [m[K  template argument deduction/substitution failed:
[4.470s] /usr/include/x86_64-linux-gnu/qt5/QtCore/qobject.h: In substitution of ‘[01m[Ktemplate<class Func1, class Func2> static typename std::enable_if<(((int)(QtPrivate::FunctionPointer<Func2>::ArgumentCount) >= 0) && (! QtPrivate::FunctionPointer<Func2>::IsPointerToMemberFunction)), QMetaObject::Connection>::type QObject::[01;32m[Kconnect[m[K(const typename QtPrivate::FunctionPointer<Func>::Object*, Func1, const QObject*, Func2, Qt::ConnectionType) [35m[K[with Func1 = void (QNode::*)(QString); Func2 = void (MainWindow::*)(QString)][m[K[m[K’:
[4.470s] [01m[K/home/kdh/Desktop/21th_robit_intern_kimdohun/ROS2/Day2/hw3/hw3_pkg/src/main_window.cpp:18:12:[m[K   required from here
[4.470s] [01m[K/usr/include/x86_64-linux-gnu/qt5/QtCore/qobject.h:283:13:[m[K [01;31m[Kerror: [m[Kno type named ‘[01m[Ktype[m[K’ in ‘[01m[Kstruct std::enable_if<false, QMetaObject::Connection>[m[K’
[4.471s] [01m[K/usr/include/x86_64-linux-gnu/qt5/QtCore/qobject.h:314:13:[m[K [01;36m[Knote: [m[Kcandidate: ‘[01m[Ktemplate<class Func1, class Func2> static typename std::enable_if<(QtPrivate::FunctionPointer<Func2>::ArgumentCount == -1), QMetaObject::Connection>::type QObject::[01;32m[Kconnect[m[K(const typename QtPrivate::FunctionPointer<Func>::Object*, Func1, Func2)[m[K’
[4.471s]   314 |             [01;36m[Kconnect[m[K(const typename QtPrivate::FunctionPointer<Func1>::Object *sender, Func1 signal, Func2 slot)
[4.471s]       |             [01;36m[K^~~~~~~[m[K
[4.471s] [01m[K/usr/include/x86_64-linux-gnu/qt5/QtCore/qobject.h:314:13:[m[K [01;36m[Knote: [m[K  template argument deduction/substitution failed:
[4.471s] [01m[K/home/kdh/Desktop/21th_robit_intern_kimdohun/ROS2/Day2/hw3/hw3_pkg/src/main_window.cpp:18:12:[m[K [01;36m[Knote: [m[K  candidate expects 3 arguments, 4 provided
[4.471s]    18 |     [01;36m[Kconnect([m[K
[4.471s]       |     [01;36m[K~~~~~~~^[m[K
[4.471s]    19 | [01;36m[K        &qnode,[m[K
[4.471s]       |         [01;36m[K~~~~~~~[m[K
[4.471s]    20 | [01;36m[K        &QNode::messageReceived,[m[K
[4.472s]       |         [01;36m[K~~~~~~~~~~~~~~~~~~~~~~~~[m[K
[4.472s]    21 | [01;36m[K        this,[m[K
[4.472s]       |         [01;36m[K~~~~~[m[K
[4.472s]    22 | [01;36m[K        &MainWindow::updateReceivedMessage[m[K
[4.472s]       |         [01;36m[K~~~~~~~~~~~~~~~~~~~~~~~~~~~~~~~~~~[m[K
[4.473s]    23 | [01;36m[K        )[m[K;
[4.473s]       |         [01;36m[K~[m[K   
[4.473s] [01m[K/usr/include/x86_64-linux-gnu/qt5/QtCore/qobject.h:322:13:[m[K [01;36m[Knote: [m[Kcandidate: ‘[01m[Ktemplate<class Func1, class Func2> static typename std::enable_if<(QtPrivate::FunctionPointer<Func2>::ArgumentCount == -1), QMetaObject::Connection>::type QObject::[01;32m[Kconnect[m[K(const typename QtPrivate::FunctionPointer<Func>::Object*, Func1, const QObject*, Func2, Qt::ConnectionType)[m[K’
[4.473s]   322 |             [01;36m[Kconnect[m[K(const typename QtPrivate::FunctionPointer<Func1>::Object *sender, Func1 signal, const QObject *context, Func2 slot,
[4.473s]       |             [01;36m[K^~~~~~~[m[K
[4.473s] [01m[K/usr/include/x86_64-linux-gnu/qt5/QtCore/qobject.h:322:13:[m[K [01;36m[Knote: [m[K  template argument deduction/substitution failed:
[4.473s] /usr/include/x86_64-linux-gnu/qt5/QtCore/qobject.h: In substitution of ‘[01m[Ktemplate<class Func1, class Func2> static typename std::enable_if<(QtPrivate::FunctionPointer<Func2>::ArgumentCount == -1), QMetaObject::Connection>::type QObject::[01;32m[Kconnect[m[K(const typename QtPrivate::FunctionPointer<Func>::Object*, Func1, const QObject*, Func2, Qt::ConnectionType) [35m[K[with Func1 = void (QNode::*)(QString); Func2 = void (MainWindow::*)(QString)][m[K[m[K’:
[4.473s] [01m[K/home/kdh/Desktop/21th_robit_intern_kimdohun/ROS2/Day2/hw3/hw3_pkg/src/main_window.cpp:18:12:[m[K   required from here
[4.474s] [01m[K/usr/include/x86_64-linux-gnu/qt5/QtCore/qobject.h:322:13:[m[K [01;31m[Kerror: [m[Kno type named ‘[01m[Ktype[m[K’ in ‘[01m[Kstruct std::enable_if<false, QMetaObject::Connection>[m[K’
[4.474s] [01m[K/usr/include/x86_64-linux-gnu/qt5/QtCore/qobject.h:222:36:[m[K [01;36m[Knote: [m[Kcandidate: ‘[01m[Kstatic QMetaObject::Connection QObject::[01;32m[Kconnect[m[K(const QObject*, const char*, const QObject*, const char*, Qt::ConnectionType)[m[K’
[4.474s]   222 |     static QMetaObject::Connection [01;36m[Kconnect[m[K(const QObject *sender, const char *signal,
[4.474s]       |                                    [01;36m[K^~~~~~~[m[K
[4.474s] [01m[K/usr/include/x86_64-linux-gnu/qt5/QtCore/qobject.h:222:59:[m[K [01;36m[Knote: [m[K  no known conversion for argument 1 from ‘[01m[KQNode**[m[K’ to ‘[01m[Kconst QObject*[m[K’
[4.474s]   222 |     static QMetaObject::Connection connect([01;36m[Kconst QObject *sender[m[K, const char *signal,
[4.474s]       |                                            [01;36m[K~~~~~~~~~~~~~~~^~~~~~[m[K
[4.474s] [01m[K/usr/include/x86_64-linux-gnu/qt5/QtCore/qobject.h:225:36:[m[K [01;36m[Knote: [m[Kcandidate: ‘[01m[Kstatic QMetaObject::Connection QObject::[01;32m[Kconnect[m[K(const QObject*, const QMetaMethod&, const QObject*, const QMetaMethod&, Qt::ConnectionType)[m[K’
[4.474s]   225 |     static QMetaObject::Connection [01;36m[Kconnect[m[K(const QObject *sender, const QMetaMethod &signal,
[4.475s]       |                                    [01;36m[K^~~~~~~[m[K
[4.475s] [01m[K/usr/include/x86_64-linux-gnu/qt5/QtCore/qobject.h:225:59:[m[K [01;36m[Knote: [m[K  no known conversion for argument 1 from ‘[01m[KQNode**[m[K’ to ‘[01m[Kconst QObject*[m[K’
[4.475s]   225 |     static QMetaObject::Connection connect([01;36m[Kconst QObject *sender[m[K, const QMetaMethod &signal,
[4.475s]       |                                            [01;36m[K~~~~~~~~~~~~~~~^~~~~~[m[K
[4.475s] [01m[K/usr/include/x86_64-linux-gnu/qt5/QtCore/qobject.h:481:32:[m[K [01;36m[Knote: [m[Kcandidate: ‘[01m[KQMetaObject::Connection QObject::[01;32m[Kconnect[m[K(const QObject*, const char*, const char*, Qt::ConnectionType) const[m[K’
[4.475s]   481 | inline QMetaObject::Connection [01;36m[KQObject[m[K::connect(const QObject *asender, const char *asignal,
[4.475s]       |                                [01;36m[K^~~~~~~[m[K
[4.475s] [01m[K/usr/include/x86_64-linux-gnu/qt5/QtCore/qobject.h:481:64:[m[K [01;36m[Knote: [m[K  no known conversion for argument 1 from ‘[01m[KQNode**[m[K’ to ‘[01m[Kconst QObject*[m[K’
[4.475s]   481 | inline QMetaObject::Connection QObject::connect([01;36m[Kconst QObject *asender[m[K, const char *asignal,
[4.476s]       |                                                 [01;36m[K~~~~~~~~~~~~~~~^~~~~~~[m[K
[4.476s] [01m[K/home/kdh/Desktop/21th_robit_intern_kimdohun/ROS2/Day2/hw3/hw3_pkg/src/main_window.cpp:26:10:[m[K [01;31m[Kerror: [m[Kno matching function for call to ‘[01m[KMainWindow::connect(QNode**, void (QNode::*)(), MainWindow*, bool (QWidget::*)())[m[K’
[4.476s]    26 |   [01;31m[Kconnect([m[K
[4.476s]       |   [01;31m[K~~~~~~~^[m[K
[4.476s]    27 | [01;31m[K      &qnode,[m[K
[4.476s]       |       [01;31m[K~~~~~~~[m[K
[4.476s]    28 | [01;31m[K      &QNode::rosShutDown,[m[K
[4.476s]       |       [01;31m[K~~~~~~~~~~~~~~~~~~~~[m[K
[4.476s]    29 | [01;31m[K      this,[m[K
[4.476s]       |       [01;31m[K~~~~~[m[K
[4.477s]    30 | [01;31m[K      &MainWindow::close[m[K
[4.477s]       |       [01;31m[K~~~~~~~~~~~~~~~~~~[m[K
[4.477s]    31 | [01;31m[K      )[m[K;
[4.477s]       |       [01;31m[K~[m[K   
[4.477s] [01m[K/usr/include/x86_64-linux-gnu/qt5/QtCore/qobject.h:242:43:[m[K [01;36m[Knote: [m[Kcandidate: ‘[01m[Kstatic QMetaObject::Connection QObject::[01;32m[Kconnect[m[K(const typename QtPrivate::FunctionPointer<Func>::Object*, Func1, const typename QtPrivate::FunctionPointer<Func2>::Object*, Func2, Qt::ConnectionType) [35m[K[with Func1 = void (QNode::*)(); Func2 = bool (QWidget::*)(); typename QtPrivate::FunctionPointer<Func>::Object = QNode; typename QtPrivate::FunctionPointer<Func2>::Object = QWidget][m[K[m[K’
[4.477s]   242 |     static inline QMetaObject::Connection [01;36m[Kconnect[m[K(const typename QtPrivate::FunctionPointer<Func1>::Object *sender, Func1 signal,
[4.477s]       |                                           [01;36m[K^~~~~~~[m[K
[4.477s] [01m[K/usr/include/x86_64-linux-gnu/qt5/QtCore/qobject.h:242:109:[m[K [01;36m[Knote: [m[K  no known conversion for argument 1 from ‘[01m[KQNode**[m[K’ to ‘[01m[Kconst QtPrivate::FunctionPointer<void (QNode::*)()>::Object*[m[K’ {aka ‘[01m[Kconst QNode*[m[K’}
[4.477s]   242 |     static inline QMetaObject::Connection connect([01;36m[Kconst typename QtPrivate::FunctionPointer<Func1>::Object *sender[m[K, Func1 signal,
[4.477s]       |                                                   [01;36m[K~~~~~~~~~~~~~~~~~~~~~~~~~~~~~~~~~~~~~~~~~~~~~~~~~~~~~~~~~~^~~~~~[m[K
[4.478s] [01m[K/usr/include/x86_64-linux-gnu/qt5/QtCore/qobject.h:274:13:[m[K [01;36m[Knote: [m[Kcandidate: ‘[01m[Ktemplate<class Func1, class Func2> static typename std::enable_if<((int)(QtPrivate::FunctionPointer<Func2>::ArgumentCount) >= 0), QMetaObject::Connection>::type QObject::[01;32m[Kconnect[m[K(const typename QtPrivate::FunctionPointer<Func>::Object*, Func1, Func2)[m[K’
[4.478s]   274 |             [01;36m[Kconnect[m[K(const typename QtPrivate::FunctionPointer<Func1>::Object *sender, Func1 signal, Func2 slot)
[4.478s]       |             [01;36m[K^~~~~~~[m[K
[4.478s] [01m[K/usr/include/x86_64-linux-gnu/qt5/QtCore/qobject.h:274:13:[m[K [01;36m[Knote: [m[K  template argument deduction/substitution failed:
[4.478s] [01m[K/home/kdh/Desktop/21th_robit_intern_kimdohun/ROS2/Day2/hw3/hw3_pkg/src/main_window.cpp:26:10:[m[K [01;36m[Knote: [m[K  candidate expects 3 arguments, 4 provided
[4.478s]    26 |   [01;36m[Kconnect([m[K
[4.478s]       |   [01;36m[K~~~~~~~^[m[K
[4.478s]    27 | [01;36m[K      &qnode,[m[K
[4.478s]       |       [01;36m[K~~~~~~~[m[K
[4.478s]    28 | [01;36m[K      &QNode::rosShutDown,[m[K
[4.479s]       |       [01;36m[K~~~~~~~~~~~~~~~~~~~~[m[K
[4.479s]    29 | [01;36m[K      this,[m[K
[4.479s]       |       [01;36m[K~~~~~[m[K
[4.479s]    30 | [01;36m[K      &MainWindow::close[m[K
[4.479s]       |       [01;36m[K~~~~~~~~~~~~~~~~~~[m[K
[4.479s]    31 | [01;36m[K      )[m[K;
[4.479s]       |       [01;36m[K~[m[K   
[4.479s] [01m[K/usr/include/x86_64-linux-gnu/qt5/QtCore/qobject.h:283:13:[m[K [01;36m[Knote: [m[Kcandidate: ‘[01m[Ktemplate<class Func1, class Func2> static typename std::enable_if<(((int)(QtPrivate::FunctionPointer<Func2>::ArgumentCount) >= 0) && (! QtPrivate::FunctionPointer<Func2>::IsPointerToMemberFunction)), QMetaObject::Connection>::type QObject::[01;32m[Kconnect[m[K(const typename QtPrivate::FunctionPointer<Func>::Object*, Func1, const QObject*, Func2, Qt::ConnectionType)[m[K’
[4.479s]   283 |             [01;36m[Kconnect[m[K(const typename QtPrivate::FunctionPointer<Func1>::Object *sender, Func1 signal, const QObject *context, Func2 slot,
[4.480s]       |             [01;36m[K^~~~~~~[m[K
[4.480s] [01m[K/usr/include/x86_64-linux-gnu/qt5/QtCore/qobject.h:283:13:[m[K [01;36m[Knote: [m[K  template argument deduction/substitution failed:
[4.480s] /usr/include/x86_64-linux-gnu/qt5/QtCore/qobject.h: In substitution of ‘[01m[Ktemplate<class Func1, class Func2> static typename std::enable_if<(((int)(QtPrivate::FunctionPointer<Func2>::ArgumentCount) >= 0) && (! QtPrivate::FunctionPointer<Func2>::IsPointerToMemberFunction)), QMetaObject::Connection>::type QObject::[01;32m[Kconnect[m[K(const typename QtPrivate::FunctionPointer<Func>::Object*, Func1, const QObject*, Func2, Qt::ConnectionType) [35m[K[with Func1 = void (QNode::*)(); Func2 = bool (QWidget::*)()][m[K[m[K’:
[4.480s] [01m[K/home/kdh/Desktop/21th_robit_intern_kimdohun/ROS2/Day2/hw3/hw3_pkg/src/main_window.cpp:26:10:[m[K   required from here
[4.480s] [01m[K/usr/include/x86_64-linux-gnu/qt5/QtCore/qobject.h:283:13:[m[K [01;31m[Kerror: [m[Kno type named ‘[01m[Ktype[m[K’ in ‘[01m[Kstruct std::enable_if<false, QMetaObject::Connection>[m[K’
[4.480s] [01m[K/usr/include/x86_64-linux-gnu/qt5/QtCore/qobject.h:314:13:[m[K [01;36m[Knote: [m[Kcandidate: ‘[01m[Ktemplate<class Func1, class Func2> static typename std::enable_if<(QtPrivate::FunctionPointer<Func2>::ArgumentCount == -1), QMetaObject::Connection>::type QObject::[01;32m[Kconnect[m[K(const typename QtPrivate::FunctionPointer<Func>::Object*, Func1, Func2)[m[K’
[4.480s]   314 |             [01;36m[Kconnect[m[K(const typename QtPrivate::FunctionPointer<Func1>::Object *sender, Func1 signal, Func2 slot)
[4.480s]       |             [01;36m[K^~~~~~~[m[K
[4.480s] [01m[K/usr/include/x86_64-linux-gnu/qt5/QtCore/qobject.h:314:13:[m[K [01;36m[Knote: [m[K  template argument deduction/substitution failed:
[4.480s] [01m[K/home/kdh/Desktop/21th_robit_intern_kimdohun/ROS2/Day2/hw3/hw3_pkg/src/main_window.cpp:26:10:[m[K [01;36m[Knote: [m[K  candidate expects 3 arguments, 4 provided
[4.481s]    26 |   [01;36m[Kconnect([m[K
[4.481s]       |   [01;36m[K~~~~~~~^[m[K
[4.481s]    27 | [01;36m[K      &qnode,[m[K
[4.481s]       |       [01;36m[K~~~~~~~[m[K
[4.481s]    28 | [01;36m[K      &QNode::rosShutDown,[m[K
[4.481s]       |       [01;36m[K~~~~~~~~~~~~~~~~~~~~[m[K
[4.481s]    29 | [01;36m[K      this,[m[K
[4.481s]       |       [01;36m[K~~~~~[m[K
[4.481s]    30 | [01;36m[K      &MainWindow::close[m[K
[4.481s]       |       [01;36m[K~~~~~~~~~~~~~~~~~~[m[K
[4.481s]    31 | [01;36m[K      )[m[K;
[4.482s]       |       [01;36m[K~[m[K   
[4.482s] [01m[K/usr/include/x86_64-linux-gnu/qt5/QtCore/qobject.h:322:13:[m[K [01;36m[Knote: [m[Kcandidate: ‘[01m[Ktemplate<class Func1, class Func2> static typename std::enable_if<(QtPrivate::FunctionPointer<Func2>::ArgumentCount == -1), QMetaObject::Connection>::type QObject::[01;32m[Kconnect[m[K(const typename QtPrivate::FunctionPointer<Func>::Object*, Func1, const QObject*, Func2, Qt::ConnectionType)[m[K’
[4.482s]   322 |             [01;36m[Kconnect[m[K(const typename QtPrivate::FunctionPointer<Func1>::Object *sender, Func1 signal, const QObject *context, Func2 slot,
[4.482s]       |             [01;36m[K^~~~~~~[m[K
[4.482s] [01m[K/usr/include/x86_64-linux-gnu/qt5/QtCore/qobject.h:322:13:[m[K [01;36m[Knote: [m[K  template argument deduction/substitution failed:
[4.482s] /usr/include/x86_64-linux-gnu/qt5/QtCore/qobject.h: In substitution of ‘[01m[Ktemplate<class Func1, class Func2> static typename std::enable_if<(QtPrivate::FunctionPointer<Func2>::ArgumentCount == -1), QMetaObject::Connection>::type QObject::[01;32m[Kconnect[m[K(const typename QtPrivate::FunctionPointer<Func>::Object*, Func1, const QObject*, Func2, Qt::ConnectionType) [35m[K[with Func1 = void (QNode::*)(); Func2 = bool (QWidget::*)()][m[K[m[K’:
[4.482s] [01m[K/home/kdh/Desktop/21th_robit_intern_kimdohun/ROS2/Day2/hw3/hw3_pkg/src/main_window.cpp:26:10:[m[K   required from here
[4.482s] [01m[K/usr/include/x86_64-linux-gnu/qt5/QtCore/qobject.h:322:13:[m[K [01;31m[Kerror: [m[Kno type named ‘[01m[Ktype[m[K’ in ‘[01m[Kstruct std::enable_if<false, QMetaObject::Connection>[m[K’
[4.482s] [01m[K/usr/include/x86_64-linux-gnu/qt5/QtCore/qobject.h:222:36:[m[K [01;36m[Knote: [m[Kcandidate: ‘[01m[Kstatic QMetaObject::Connection QObject::[01;32m[Kconnect[m[K(const QObject*, const char*, const QObject*, const char*, Qt::ConnectionType)[m[K’
[4.483s]   222 |     static QMetaObject::Connection [01;36m[Kconnect[m[K(const QObject *sender, const char *signal,
[4.483s]       |                                    [01;36m[K^~~~~~~[m[K
[4.483s] [01m[K/usr/include/x86_64-linux-gnu/qt5/QtCore/qobject.h:222:59:[m[K [01;36m[Knote: [m[K  no known conversion for argument 1 from ‘[01m[KQNode**[m[K’ to ‘[01m[Kconst QObject*[m[K’
[4.483s]   222 |     static QMetaObject::Connection connect([01;36m[Kconst QObject *sender[m[K, const char *signal,
[4.483s]       |                                            [01;36m[K~~~~~~~~~~~~~~~^~~~~~[m[K
[4.483s] [01m[K/usr/include/x86_64-linux-gnu/qt5/QtCore/qobject.h:225:36:[m[K [01;36m[Knote: [m[Kcandidate: ‘[01m[Kstatic QMetaObject::Connection QObject::[01;32m[Kconnect[m[K(const QObject*, const QMetaMethod&, const QObject*, const QMetaMethod&, Qt::ConnectionType)[m[K’
[4.483s]   225 |     static QMetaObject::Connection [01;36m[Kconnect[m[K(const QObject *sender, const QMetaMethod &signal,
[4.483s]       |                                    [01;36m[K^~~~~~~[m[K
[4.483s] [01m[K/usr/include/x86_64-linux-gnu/qt5/QtCore/qobject.h:225:59:[m[K [01;36m[Knote: [m[K  no known conversion for argument 1 from ‘[01m[KQNode**[m[K’ to ‘[01m[Kconst QObject*[m[K’
[4.483s]   225 |     static QMetaObject::Connection connect([01;36m[Kconst QObject *sender[m[K, const QMetaMethod &signal,
[4.483s]       |                                            [01;36m[K~~~~~~~~~~~~~~~^~~~~~[m[K
[4.484s] [01m[K/usr/include/x86_64-linux-gnu/qt5/QtCore/qobject.h:481:32:[m[K [01;36m[Knote: [m[Kcandidate: ‘[01m[KQMetaObject::Connection QObject::[01;32m[Kconnect[m[K(const QObject*, const char*, const char*, Qt::ConnectionType) const[m[K’
[4.484s]   481 | inline QMetaObject::Connection [01;36m[KQObject[m[K::connect(const QObject *asender, const char *asignal,
[4.484s]       |                                [01;36m[K^~~~~~~[m[K
[4.484s] [01m[K/usr/include/x86_64-linux-gnu/qt5/QtCore/qobject.h:481:64:[m[K [01;36m[Knote: [m[K  no known conversion for argument 1 from ‘[01m[KQNode**[m[K’ to ‘[01m[Kconst QObject*[m[K’
[4.484s]   481 | inline QMetaObject::Connection QObject::connect([01;36m[Kconst QObject *asender[m[K, const char *asignal,
[4.484s]       |                                                 [01;36m[K~~~~~~~~~~~~~~~^~~~~~~[m[K
[4.484s] [01m[K/home/kdh/Desktop/21th_robit_intern_kimdohun/ROS2/Day2/hw3/hw3_pkg/src/main_window.cpp:[m[K In member function ‘[01m[Kvoid MainWindow::[01;32m[Kon_pushButton_clicked[m[K()[m[K’:
[4.484s] [01m[K/home/kdh/Desktop/21th_robit_intern_kimdohun/ROS2/Day2/hw3/hw3_pkg/src/main_window.cpp:55:11:[m[K [01;31m[Kerror: [m[Krequest for member ‘[01m[KpublishMessage[m[K’ in ‘[01m[K((MainWindow*)this)->MainWindow::qnode[m[K’, which is of pointer type ‘[01m[KQNode*[m[K’ (maybe you meant to use ‘[01m[K->[m[K’ ?)
[4.484s]    55 |     qnode.[01;31m[KpublishMessage[m[K(text.toStdString());
[4.484s]       |           [01;31m[K^~~~~~~~~~~~~~[m[K
[4.484s] [01m[K/home/kdh/Desktop/21th_robit_intern_kimdohun/ROS2/Day2/hw3/hw3_pkg/src/main_window.cpp:55:26:[m[K [01;31m[Kerror: [m[K‘[01m[Ktext[m[K’ was not declared in this scope
[4.485s]    55 |     qnode.publishMessage([01;31m[Ktext[m[K.toStdString());
[4.485s]       |                          [01;31m[K^~~~[m[K
[5.340s] gmake[2]: *** [CMakeFiles/hw3_pkg.dir/build.make:102: CMakeFiles/hw3_pkg.dir/src/main_window.cpp.o] Error 1
[5.340s] gmake[2]: *** Waiting for unfinished jobs....
[9.501s] gmake[1]: *** [CMakeFiles/Makefile2:137: CMakeFiles/hw3_pkg.dir/all] Error 2
[9.501s] gmake: *** [Makefile:146: all] Error 2
[9.507s] Invoked command in '/home/kdh/Desktop/21th_robit_intern_kimdohun/ROS2/Day2/hw3/build/hw3_pkg' returned '2': CMAKE_PREFIX_PATH=${CMAKE_PREFIX_PATH}:/opt/ros/jazzy DEBUGINFOD_URLS=https://debuginfod.ubuntu.com /usr/bin/cmake --build /home/kdh/Desktop/21th_robit_intern_kimdohun/ROS2/Day2/hw3/build/hw3_pkg -- -j16 -l16
